
> ernos@2026.2.27 test /Users/mettamazza/Desktop/ErnOS
> node scripts/test-parallel.mjs


[1m[46m RUN [49m[22m [36mv4.0.18 [39m[90m/Users/mettamazza/Desktop/ErnOS[39m


[1m[46m RUN [49m[22m [36mv4.0.18 [39m[90m/Users/mettamazza/Desktop/ErnOS[39m


[1m[46m RUN [49m[22m [36mv4.0.18 [39m[90m/Users/mettamazza/Desktop/ErnOS[39m


[1m[46m RUN [49m[22m [36mv4.0.18 [39m[90m/Users/mettamazza/Desktop/ErnOS[39m

 [32m✓[39m extensions/matrix/src/matrix/monitor/events.test.ts [2m([22m[2m6 tests[22m[2m)[22m[32m 156[2mms[22m[39m
 [32m✓[39m extensions/memory-lancedb/index.test.ts [2m([22m[2m12 tests[22m[2m | [22m[33m1 skipped[39m[2m)[22m[32m 199[2mms[22m[39m
 [32m✓[39m extensions/voice-call/src/media-stream.test.ts [2m([22m[2m6 tests[22m[2m)[22m[32m 148[2mms[22m[39m
 [32m✓[39m extensions/matrix/src/matrix/send.test.ts [2m([22m[2m5 tests[22m[2m)[22m[33m 889[2mms[22m[39m
 [32m✓[39m src/process/exec.test.ts [2m([22m[2m6 tests[22m[2m)[22m[33m 1428[2mms[22m[39m
     [33m[2m✓[22m[39m resets no output timer when command keeps emitting output [33m 1261[2mms[22m[39m
 [32m✓[39m src/secrets/resolve.test.ts [2m([22m[2m14 tests[22m[2m)[22m[33m 1455[2mms[22m[39m
 [32m✓[39m test/scripts/ios-team-id.test.ts [2m([22m[2m4 tests[22m[2m)[22m[33m 1877[2mms[22m[39m
     [33m[2m✓[22m[39m falls back to Xcode-managed provisioning profiles when preference teams are empty [33m 458[2mms[22m[39m
     [33m[2m✓[22m[39m prints actionable guidance when Xcode account exists but no Team ID is resolvable [33m 410[2mms[22m[39m
     [33m[2m✓[22m[39m honors IOS_PREFERRED_TEAM_ID when multiple profile teams are available [33m 643[2mms[22m[39m
     [33m[2m✓[22m[39m matches preferred team IDs even when parser output uses CRLF line endings [33m 365[2mms[22m[39m
 [32m✓[39m src/agents/sandbox-agent-config.agent-specific-sandbox-config.test.ts [2m([22m[2m9 tests[22m[2m)[22m[33m 2400[2mms[22m[39m
 [32m✓[39m src/commands/doctor-sandbox.warns-sandbox-enabled-without-docker.test.ts [2m([22m[2m4 tests[22m[2m)[22m[33m 2442[2mms[22m[39m
     [33m[2m✓[22m[39m warns when sandbox mode is enabled but Docker is not available [33m 2440[2mms[22m[39m
 [32m✓[39m src/plugins/wired-hooks-after-tool-call.test.ts [2m([22m[2m3 tests[22m[2m)[22m[33m 2556[2mms[22m[39m
 [32m✓[39m src/agents/subagent-registry.archive.test.ts [2m([22m[2m2 tests[22m[2m)[22m[33m 1376[2mms[22m[39m
 [32m✓[39m src/agents/subagent-registry.lifecycle-retry-grace.test.ts [2m([22m[2m2 tests[22m[2m)[22m[33m 1266[2mms[22m[39m
 [32m✓[39m src/agents/subagent-registry.nested.test.ts [2m([22m[2m4 tests[22m[2m)[22m[33m 1098[2mms[22m[39m
 [32m✓[39m src/config/config.meta-timestamp-coercion.test.ts [2m([22m[2m5 tests[22m[2m)[22m[33m 614[2mms[22m[39m
     [33m[2m✓[22m[39m accepts a numeric Unix timestamp and coerces it to an ISO string [33m 358[2mms[22m[39m
 [32m✓[39m src/cli/program.nodes-media.test.ts [2m([22m[2m10 tests[22m[2m)[22m[33m 647[2mms[22m[39m
 [32m✓[39m src/browser/pw-ai.test.ts [2m([22m[2m6 tests[22m[2m)[22m[33m 434[2mms[22m[39m
 [32m✓[39m src/agents/pi-model-discovery.compat.test.ts [2m([22m[2m1 test[22m[2m)[22m[33m 322[2mms[22m[39m
     [33m[2m✓[22m[39m loads when InMemoryAuthStorageBackend is not exported [33m 321[2mms[22m[39m
 [32m✓[39m src/cli/program.nodes-basic.test.ts [2m([22m[2m7 tests[22m[2m)[22m[33m 381[2mms[22m[39m
 [32m✓[39m src/discord/monitor/provider.test.ts [2m([22m[2m3 tests[22m[2m)[22m[33m 527[2mms[22m[39m
     [33m[2m✓[22m[39m stops thread bindings when startup fails before lifecycle begins [33m 524[2mms[22m[39m
 [32m✓[39m src/commands/models.list.test.ts [2m([22m[2m11 tests[22m[2m)[22m[32m 208[2mms[22m[39m
 [32m✓[39m src/browser/extension-relay.test.ts [2m([22m[2m21 tests[22m[2m)[22m[33m 777[2mms[22m[39m
     [33m[2m✓[22m[39m keeps CDP clients alive across a brief extension reconnect [33m 405[2mms[22m[39m
 [32m✓[39m src/agents/observer/observer.test.ts [2m([22m[2m12 tests[22m[2m)[22m[32m 129[2mms[22m[39m
 [32m✓[39m src/commands/models.set.test.ts [2m([22m[2m5 tests[22m[2m)[22m[32m 212[2mms[22m[39m
 [32m✓[39m src/telegram/webhook.test.ts [2m([22m[2m11 tests[22m[2m)[22m[32m 285[2mms[22m[39m
 [32m✓[39m src/agents/skills.test.ts [2m([22m[2m12 tests[22m[2m)[22m[33m 373[2mms[22m[39m
 [32m✓[39m src/agents/skills.buildworkspaceskillsnapshot.test.ts [2m([22m[2m8 tests[22m[2m)[22m[32m 276[2mms[22m[39m
 [32m✓[39m src/auto-reply/reply/agent-runner.runreplyagent.test.ts [2m([22m[2m36 tests[22m[2m)[22m[33m 500[2mms[22m[39m
 [32m✓[39m src/media-understanding/apply.test.ts [2m([22m[2m28 tests[22m[2m)[22m[33m 362[2mms[22m[39m
 [32m✓[39m src/agents/sandbox/validate-sandbox-security.test.ts [2m([22m[2m24 tests[22m[2m)[22m[32m 286[2mms[22m[39m
 [32m✓[39m src/agents/skills-install-fallback.test.ts [2m([22m[2m3 tests[22m[2m)[22m[32m 266[2mms[22m[39m
[90mstdout[2m | src/commands/onboard-channels.test.ts
[22m[39m[MemoryStore] Initializing the Five-Tier Central Nervous System...
KnowledgeGraph connected to Neo4j successfully.

[90mstdout[2m | src/commands/onboard-channels.test.ts
[22m[39mKnowledgeGraph Schema Initialized.

 [31m❯[39m src/commands/onboard-channels.test.ts [2m([22m[2m0 test[22m[2m)[22m
[90mstdout[2m | src/web/auto-reply.web-auto-reply.reconnects-after-connection-close.test.ts[2m > [22m[2mweb auto-reply
[22m[39m[MemoryStore] Initializing the Five-Tier Central Nervous System...
KnowledgeGraph connected to Neo4j successfully.

 [31m❯[39m src/web/auto-reply.web-auto-reply.reconnects-after-connection-close.test.ts [2m([22m[2m5 tests[22m[2m | [22m[33m5 skipped[39m[2m)[22m[33m 5108[2mms[22m[39m
     [2m[90m↓[39m[22m handles helper envelope timestamps with trimmed timezones (regression)
     [2m[90m↓[39m[22m handles reconnect progress and max-attempt stop behavior
     [2m[90m↓[39m[22m treats status 440 as non-retryable and stops without retrying
     [2m[90m↓[39m[22m forces reconnect when watchdog closes without onClose
     [2m[90m↓[39m[22m processes inbound messages without batching and preserves timestamps
[90mstdout[2m | src/line/monitor.lifecycle.test.ts[2m > [22m[2mmonitorLineProvider lifecycle[2m > [22m[2mwaits for abort before resolving
[22m[39m[MemoryStore] Initializing the Five-Tier Central Nervous System...
KnowledgeGraph connected to Neo4j successfully.

 [31m❯[39m src/line/monitor.lifecycle.test.ts [2m([22m[2m3 tests[22m[2m | [22m[31m1 failed[39m[2m)[22m[33m 5289[2mms[22m[39m
[31m     [31m×[31m waits for abort before resolving[39m[33m 5272[2mms[22m[39m
     [32m✓[39m stops immediately when signal is already aborted[32m 15[2mms[22m[39m
     [32m✓[39m returns immediately without abort signal and stop is idempotent[32m 1[2mms[22m[39m
 [32m✓[39m src/agents/tools/web-tools.enabled-defaults.test.ts [2m([22m[2m29 tests[22m[2m)[22m[32m 296[2mms[22m[39m
[90mstdout[2m | src/telegram/bot.media.stickers-and-fragments.test.ts
[22m[39m[MemoryStore] Initializing the Five-Tier Central Nervous System...
KnowledgeGraph connected to Neo4j successfully.

[90mstdout[2m | src/telegram/bot.media.stickers-and-fragments.test.ts
[22m[39mKnowledgeGraph Schema Initialized.

 [31m❯[39m src/telegram/bot.media.stickers-and-fragments.test.ts [2m([22m[2m4 tests[22m[2m | [22m[33m4 skipped[39m[2m)[22m[33m 5213[2mms[22m[39m
     [2m[90m↓[39m[22m downloads static sticker (WEBP) and includes sticker metadata
     [2m[90m↓[39m[22m refreshes cached sticker metadata on cache hit
     [2m[90m↓[39m[22m skips animated and video sticker formats that cannot be downloaded
     [2m[90m↓[39m[22m buffers near-limit text and processes sequential parts as one message
[90mstdout[2m | src/telegram/bot.media.downloads-media-file-path-no-file-download.test.ts
[22m[39m[MemoryStore] Initializing the Five-Tier Central Nervous System...
KnowledgeGraph connected to Neo4j successfully.

[90mstdout[2m | src/telegram/bot.media.downloads-media-file-path-no-file-download.test.ts
[22m[39mKnowledgeGraph Schema Initialized.

 [31m❯[39m src/telegram/bot.media.downloads-media-file-path-no-file-download.test.ts [2m([22m[2m6 tests[22m[2m | [22m[33m6 skipped[39m[2m)[22m[33m 5211[2mms[22m[39m
     [2m[90m↓[39m[22m handles file_path media downloads and missing file_path safely
     [2m[90m↓[39m[22m keeps Telegram inbound media paths with triple-dash ids
     [2m[90m↓[39m[22m prefers proxyFetch over global fetch
     [2m[90m↓[39m[22m captures pin and venue location payload fields
     [2m[90m↓[39m[22m handles same-group buffering and separate-group independence
     [2m[90m↓[39m[22m coalesces forwarded text + forwarded attachment into a single processing turn with default debounce config
 [32m✓[39m src/secrets/audit.test.ts [2m([22m[2m4 tests[22m[2m)[22m[32m 253[2mms[22m[39m
[90mstdout[2m | src/discord/monitor.tool-result.accepts-guild-messages-mentionpatterns-match.test.ts
[22m[39m[MemoryStore] Initializing the Five-Tier Central Nervous System...
KnowledgeGraph connected to Neo4j successfully.

[90mstdout[2m | src/discord/monitor.tool-result.accepts-guild-messages-mentionpatterns-match.test.ts
[22m[39mKnowledgeGraph Schema Initialized.

 [31m❯[39m src/discord/monitor.tool-result.accepts-guild-messages-mentionpatterns-match.test.ts [2m([22m[2m7 tests[22m[2m | [22m[33m7 skipped[39m[2m)[22m[33m 2843[2mms[22m[39m
     [2m[90m↓[39m[22m accepts guild messages when mentionPatterns match
     [2m[90m↓[39m[22m skips tool results for native slash commands
     [2m[90m↓[39m[22m accepts guild reply-to-bot messages as implicit mentions
     [2m[90m↓[39m[22m forks thread sessions and injects starter context
     [2m[90m↓[39m[22m skips thread starter context when disabled
     [2m[90m↓[39m[22m treats forum threads as distinct sessions without channel payloads
     [2m[90m↓[39m[22m scopes thread sessions to the routed agent
[90mstdout[2m | src/discord/voice/manager.test.ts[2m > [22m[2mDiscordVoiceManager
[22m[39m[MemoryStore] Initializing the Five-Tier Central Nervous System...
KnowledgeGraph connected to Neo4j successfully.

[90mstdout[2m | src/discord/voice/manager.test.ts[2m > [22m[2mDiscordVoiceManager
[22m[39mKnowledgeGraph Schema Initialized.

 [31m❯[39m src/discord/voice/manager.test.ts [2m([22m[2m5 tests[22m[2m | [22m[33m5 skipped[39m[2m)[22m[33m 5413[2mms[22m[39m
     [2m[90m↓[39m[22m keeps the new session when an old disconnected handler fires
     [2m[90m↓[39m[22m keeps the new session when an old destroyed handler fires
     [2m[90m↓[39m[22m removes voice listeners on leave
     [2m[90m↓[39m[22m passes DAVE options to joinVoiceChannel
     [2m[90m↓[39m[22m attempts rejoin after repeated decrypt failures
 [32m✓[39m src/agents/sandbox/registry.test.ts [2m([22m[2m6 tests[22m[2m)[22m[32m 238[2mms[22m[39m
 [32m✓[39m src/cron/service.issue-regressions.test.ts [2m([22m[2m24 tests[22m[2m)[22m[32m 281[2mms[22m[39m
 [32m✓[39m src/config/sessions.test.ts [2m([22m[2m35 tests[22m[2m)[22m[32m 271[2mms[22m[39m
[90mstdout[2m | src/auto-reply/reply.directive.directive-behavior.prefers-alias-matches-fuzzy-selection-is-ambiguous.test.ts
[22m[39m[MemoryStore] Initializing the Five-Tier Central Nervous System...
KnowledgeGraph connected to Neo4j successfully.

 [31m❯[39m src/auto-reply/reply.directive.directive-behavior.prefers-alias-matches-fuzzy-selection-is-ambiguous.test.ts [2m([22m[2m0 test[22m[2m)[22m
 [32m✓[39m src/plugins/install.test.ts [2m([22m[2m17 tests[22m[2m)[22m[32m 254[2mms[22m[39m
 [32m✓[39m src/agents/skills.build-workspace-skills-prompt.prefers-workspace-skills-managed-skills.test.ts [2m([22m[2m3 tests[22m[2m)[22m[32m 282[2mms[22m[39m
[90mstdout[2m | src/gateway/server.node-invoke-approval-bypass.test.ts
[22m[39m[MemoryStore] Initializing the Five-Tier Central Nervous System...
KnowledgeGraph connected to Neo4j successfully.

[90mstdout[2m | src/gateway/server.node-invoke-approval-bypass.test.ts
[22m[39mKnowledgeGraph Schema Initialized.

 [31m❯[39m src/gateway/server.node-invoke-approval-bypass.test.ts [2m([22m[2m3 tests[22m[2m | [22m[33m3 skipped[39m[2m)[22m[33m 4148[2mms[22m[39m
     [2m[90m↓[39m[22m rejects malformed/forbidden node.invoke payloads before forwarding
     [2m[90m↓[39m[22m binds approvals to decision/device and blocks cross-device replay
     [2m[90m↓[39m[22m blocks cross-node replay on same device
[90mstdout[2m | src/gateway/server.config-apply.test.ts
[22m[39m[MemoryStore] Initializing the Five-Tier Central Nervous System...
KnowledgeGraph connected to Neo4j successfully.

[90mstdout[2m | src/gateway/server.config-apply.test.ts
[22m[39mKnowledgeGraph Schema Initialized.

 [31m❯[39m src/gateway/server.config-apply.test.ts [2m([22m[2m2 tests[22m[2m | [22m[33m2 skipped[39m[2m)[22m[33m 4030[2mms[22m[39m
     [2m[90m↓[39m[22m rejects invalid raw config
     [2m[90m↓[39m[22m requires raw to be a string
[90mstdout[2m | src/gateway/server.auth.test.ts
[22m[39m[MemoryStore] Initializing the Five-Tier Central Nervous System...
KnowledgeGraph connected to Neo4j successfully.

[90mstdout[2m | src/gateway/server.auth.test.ts
[22m[39mKnowledgeGraph Schema Initialized.

 [31m❯[39m src/gateway/server.auth.test.ts [2m([22m[2m39 tests[22m[2m | [22m[33m39 skipped[39m[2m)[22m[33m 4143[2mms[22m[39m
       [2m[90m↓[39m[22m closes silent handshakes after timeout
       [2m[90m↓[39m[22m connect (req) handshake returns hello-ok payload
       [2m[90m↓[39m[22m connect (req) handshake resolves server version from env precedence
       [2m[90m↓[39m[22m device-less auth matrix
       [2m[90m↓[39m[22m keeps health available but admin status restricted when scopes are empty
       [2m[90m↓[39m[22m does not grant admin when scopes are omitted
       [2m[90m↓[39m[22m rejects device signature when scopes are omitted but signed with admin
       [2m[90m↓[39m[22m sends connect challenge on open
       [2m[90m↓[39m[22m rejects protocol mismatch
       [2m[90m↓[39m[22m rejects non-connect first request
       [2m[90m↓[39m[22m requires nonce for device auth
       [2m[90m↓[39m[22m returns nonce-required detail code when nonce is blank
       [2m[90m↓[39m[22m returns nonce-mismatch detail code when nonce does not match challenge
       [2m[90m↓[39m[22m invalid connect params surface in response and close reason
       [2m[90m↓[39m[22m accepts password auth when configured
       [2m[90m↓[39m[22m rejects invalid password
       [2m[90m↓[39m[22m rejects invalid token
       [2m[90m↓[39m[22m returns control ui hint when token is missing
       [2m[90m↓[39m[22m rejects control ui without device identity by default
       [2m[90m↓[39m[22m allows loopback connect without shared secret when mode is none
       [2m[90m↓[39m[22m requires device identity when only tailscale auth is available
       [2m[90m↓[39m[22m allows shared token to skip device when tailscale auth is enabled
     [2m[90m↓[39m[22m allows trusted-proxy control ui operator without device identity
     [2m[90m↓[39m[22m rejects trusted-proxy control ui node role without device identity
     [2m[90m↓[39m[22m requires pairing for trusted-proxy control ui node role with unpaired device
     [2m[90m↓[39m[22m allows localhost control ui without device identity when insecure auth is enabled
     [2m[90m↓[39m[22m allows control ui password-only auth on localhost when insecure auth is enabled
     [2m[90m↓[39m[22m does not bypass pairing for control ui device identity when insecure auth is enabled
     [2m[90m↓[39m[22m allows control ui with stale device identity when device auth is disabled
     [2m[90m↓[39m[22m device token auth matrix
     [2m[90m↓[39m[22m keeps shared-secret lockout separate from device-token auth
     [2m[90m↓[39m[22m keeps device-token lockout separate from shared-secret auth
     [2m[90m↓[39m[22m requires pairing for remote operator device identity with shared token auth
     [2m[90m↓[39m[22m auto-approves loopback scope upgrades for control ui clients
     [2m[90m↓[39m[22m merges remote node/operator pairing requests for the same unpaired device
     [2m[90m↓[39m[22m allows operator.read connect when device is paired with operator.admin
     [2m[90m↓[39m[22m allows operator shared auth with legacy paired metadata
     [2m[90m↓[39m[22m auto-approves local scope upgrades even when paired metadata is legacy-shaped
     [2m[90m↓[39m[22m rejects revoked device token
[90mstdout[2m | src/gateway/server.config-patch.test.ts
[22m[39m[MemoryStore] Initializing the Five-Tier Central Nervous System...
KnowledgeGraph connected to Neo4j successfully.

[90mstdout[2m | src/gateway/server.config-patch.test.ts
[22m[39mKnowledgeGraph Schema Initialized.

 [31m❯[39m src/gateway/server.config-patch.test.ts [2m([22m[2m3 tests[22m[2m | [22m[33m3 skipped[39m[2m)[22m[33m 4053[2mms[22m[39m
     [2m[90m↓[39m[22m rejects config.patch when raw is not an object
     [2m[90m↓[39m[22m filters sessions by agentId
     [2m[90m↓[39m[22m resolves and patches main alias to default agent main key
[90mstdout[2m | src/gateway/server-methods/server-methods.test.ts
[22m[39m[MemoryStore] Initializing the Five-Tier Central Nervous System...
KnowledgeGraph connected to Neo4j successfully.

[90mstdout[2m | src/gateway/server-methods/server-methods.test.ts
[22m[39mKnowledgeGraph Schema Initialized.

 [31m❯[39m src/gateway/server-methods/server-methods.test.ts [2m([22m[2m0 test[22m[2m)[22m
[90mstdout[2m | src/gateway/server.chat.gateway-server-chat.test.ts
[22m[39m[MemoryStore] Initializing the Five-Tier Central Nervous System...
KnowledgeGraph connected to Neo4j successfully.

[90mstdout[2m | src/gateway/server.chat.gateway-server-chat.test.ts
[22m[39mKnowledgeGraph Schema Initialized.

 [31m❯[39m src/gateway/server.chat.gateway-server-chat.test.ts [2m([22m[2m4 tests[22m[2m | [22m[33m4 skipped[39m[2m)[22m[33m 4015[2mms[22m[39m
     [2m[90m↓[39m[22m sanitizes inbound chat.send message text and rejects null bytes
     [2m[90m↓[39m[22m handles chat send and history flows
     [2m[90m↓[39m[22m routes chat.send slash commands without agent runs
     [2m[90m↓[39m[22m agent events include sessionKey and agent.wait covers lifecycle flows
 [32m✓[39m src/agents/bash-tools.process.send-keys.test.ts [2m([22m[2m2 tests[22m[2m)[22m[32m 203[2mms[22m[39m
 [32m✓[39m src/agents/bash-tools.exec.path.test.ts [2m([22m[2m7 tests[22m[2m)[22m[32m 208[2mms[22m[39m
 [32m✓[39m src/agents/skills-install.test.ts [2m([22m[2m2 tests[22m[2m)[22m[32m 162[2mms[22m[39m
 [32m✓[39m src/agents/tools/web-tools.fetch.test.ts [2m([22m[2m14 tests[22m[2m)[22m[32m 196[2mms[22m[39m
 [32m✓[39m src/agents/bash-tools.exec.approval-id.test.ts [2m([22m[2m8 tests[22m[2m)[22m[32m 103[2mms[22m[39m
 [32m✓[39m src/agents/bash-tools.exec.script-preflight.test.ts [2m([22m[2m4 tests[22m[2m)[22m[32m 184[2mms[22m[39m
[90mstdout[2m | src/auto-reply/reply.directive.directive-behavior.defaults-think-low-reasoning-capable-models-no.test.ts
[22m[39m[MemoryStore] Initializing the Five-Tier Central Nervous System...
KnowledgeGraph connected to Neo4j successfully.

 [31m❯[39m src/auto-reply/reply.directive.directive-behavior.defaults-think-low-reasoning-capable-models-no.test.ts [2m([22m[2m0 test[22m[2m)[22m
 [32m✓[39m src/hooks/bundled/session-memory/handler.test.ts [2m([22m[2m16 tests[22m[2m)[22m[32m 205[2mms[22m[39m
 [32m✓[39m src/commands/onboard-non-interactive.provider-auth.test.ts [2m([22m[2m33 tests[22m[2m)[22m[33m 310[2mms[22m[39m
[90mstdout[2m | src/agents/pi-embedded-runner.test.ts
[22m[39m[MemoryStore] Initializing the Five-Tier Central Nervous System...
KnowledgeGraph connected to Neo4j successfully.

[90mstdout[2m | src/agents/pi-embedded-runner.test.ts
[22m[39mKnowledgeGraph Schema Initialized.

 [31m❯[39m src/agents/pi-embedded-runner.test.ts [2m([22m[2m3 tests[22m[2m | [22m[33m3 skipped[39m[2m)[22m[33m 6571[2mms[22m[39m
     [2m[90m↓[39m[22m handles prompt error paths without dropping user state
     [2m[90m↓[39m[22m appends new user + assistant after existing transcript entries
     [2m[90m↓[39m[22m repairs orphaned user messages and continues
[90mstdout[2m | src/auto-reply/reply.triggers.trigger-handling.targets-active-session-native-stop.test.ts
[22m[39m[MemoryStore] Initializing the Five-Tier Central Nervous System...
KnowledgeGraph connected to Neo4j successfully.

[90mstdout[2m | src/auto-reply/reply.triggers.trigger-handling.targets-active-session-native-stop.test.ts
[22m[39mKnowledgeGraph Schema Initialized.

 [31m❯[39m src/auto-reply/reply.triggers.trigger-handling.targets-active-session-native-stop.test.ts [2m([22m[2m3 tests[22m[2m | [22m[33m3 skipped[39m[2m)[22m[33m 3986[2mms[22m[39m
       [2m[90m↓[39m[22m labels group chats using channel-specific metadata
       [2m[90m↓[39m[22m handles status, usage cycles, and auth-profile status details
     [2m[90m↓[39m[22m handles trigger command and heartbeat flows end-to-end
 [32m✓[39m src/memory/batch-voyage.test.ts [2m([22m[2m2 tests[22m[2m)[22m[32m 91[2mms[22m[39m
[90mstdout[2m | src/auto-reply/reply/session.test.ts
[22m[39m[MemoryStore] Initializing the Five-Tier Central Nervous System...
KnowledgeGraph connected to Neo4j successfully.

[90mstdout[2m | src/auto-reply/reply/session.test.ts
[22m[39mKnowledgeGraph Schema Initialized.

 [31m❯[39m src/auto-reply/reply/session.test.ts [2m([22m[2m0 test[22m[2m)[22m
 [32m✓[39m src/agents/tool-images.test.ts [2m([22m[2m5 tests[22m[2m)[22m[32m 159[2mms[22m[39m
 [32m✓[39m src/memory/qmd-manager.test.ts [2m([22m[2m48 tests[22m[2m)[22m[32m 275[2mms[22m[39m
 [32m✓[39m src/agents/tools/web-fetch.ssrf.test.ts [2m([22m[2m5 tests[22m[2m)[22m[32m 66[2mms[22m[39m
 [32m✓[39m src/config/config.plugin-validation.test.ts [2m([22m[2m11 tests[22m[2m)[22m[32m 214[2mms[22m[39m
 [32m✓[39m src/agents/sandbox-skills.test.ts [2m([22m[2m2 tests[22m[2m)[22m[33m 314[2mms[22m[39m
[90mstdout[2m | src/commands/agent.acp.test.ts
[22m[39m[MemoryStore] Initializing the Five-Tier Central Nervous System...
KnowledgeGraph connected to Neo4j successfully.

[90mstdout[2m | src/commands/agent.acp.test.ts
[22m[39mKnowledgeGraph Schema Initialized.

 [31m❯[39m src/commands/agent.acp.test.ts [2m([22m[2m0 test[22m[2m)[22m
 [32m✓[39m src/agents/workspace.test.ts [2m([22m[2m15 tests[22m[2m)[22m[32m 217[2mms[22m[39m
 [32m✓[39m src/memory/index.test.ts [2m([22m[2m9 tests[22m[2m)[22m[32m 199[2mms[22m[39m
 [32m✓[39m src/acp/server.startup.test.ts [2m([22m[2m2 tests[22m[2m)[22m[32m 87[2mms[22m[39m
[90mstdout[2m | src/auto-reply/reply.directive.directive-behavior.applies-inline-reasoning-mixed-messages-acks-immediately.test.ts
[22m[39m[MemoryStore] Initializing the Five-Tier Central Nervous System...
KnowledgeGraph connected to Neo4j successfully.

 [31m❯[39m src/auto-reply/reply.directive.directive-behavior.applies-inline-reasoning-mixed-messages-acks-immediately.test.ts [2m([22m[2m0 test[22m[2m)[22m
│
◇  Config ───────────────────────────────────────────────────╮
│                                                            │
│  Config invalid; doctor will run with best-effort config.  │
│                                                            │
├────────────────────────────────────────────────────────────╯
 [32m✓[39m src/browser/screenshot.test.ts [2m([22m[2m2 tests[22m[2m)[22m[32m 127[2mms[22m[39m
│
◇  Config ───────────────────────────────────────────────────╮
│                                                            │
│  Config invalid; doctor will run with best-effort config.  │
│                                                            │
├────────────────────────────────────────────────────────────╯
│
◇  Doctor changes ───────╮
│                        │
│  - gateway.auth.extra  │
│  - bridge              │
│                        │
├────────────────────────╯
│
◇  Config ───────────────────────────────────────────────────╮
│                                                            │
│  Config invalid; doctor will run with best-effort config.  │
│                                                            │
├────────────────────────────────────────────────────────────╯
│
◇  Doctor changes ──────────────────────────────────────────────────╮
│                                                                   │
│  Normalized channels.discord.streaming boolean → enum (partial).  │
│                                                                   │
├───────────────────────────────────────────────────────────────────╯
│
◇  Doctor changes ─────────────────────────────╮
│                                              │
│  Discord configured, enabled automatically.  │
│                                              │
├──────────────────────────────────────────────╯
│
◇  Doctor changes ───────────────╮
│                                │
│  - channels.discord.lifecycle  │
│                                │
├────────────────────────────────╯
│
◇  Doctor changes ───────────────────────────────────────────────╮
│                                                                │
│  Moved channels.telegram single-account top-level values into  │
│  channels.telegram.accounts.default.                           │
│                                                                │
├────────────────────────────────────────────────────────────────╯
│
◇  Doctor changes ──────────────────────────────╮
│                                               │
│  Telegram configured, enabled automatically.  │
│                                               │
├───────────────────────────────────────────────╯
│
◇  Doctor changes ────────────────────────────────────────────────────────╮
│                                                                         │
│  - channels.telegram.groups.-100123.allowFrom: resolved tg:@topicUser   │
│    -> 333                                                               │
│  - channels.telegram.groups.-100123.topics.99.allowFrom: resolved       │
│    @accountUser -> 444                                                  │
│  - channels.telegram.accounts.alerts.allowFrom: resolved @accountUser   │
│    -> 444                                                               │
│  - channels.telegram.accounts.default.allowFrom: resolved @testuser ->  │
│    111                                                                  │
│  - channels.telegram.accounts.default.groupAllowFrom: resolved          │
│    groupUser -> 222                                                     │
│                                                                         │
├─────────────────────────────────────────────────────────────────────────╯
│
◇  Config ───────────────────────────────────────────────────╮
│                                                            │
│  Config invalid; doctor will run with best-effort config.  │
│                                                            │
├────────────────────────────────────────────────────────────╯
│
◇  Doctor changes ──────────────────────────────────────────────╮
│                                                               │
│  Moved channels.discord single-account top-level values into  │
│  channels.discord.accounts.default.                           │
│                                                               │
├───────────────────────────────────────────────────────────────╯
│
◇  Doctor changes ─────────────────────────────╮
│                                              │
│  Discord configured, enabled automatically.  │
│                                              │
├──────────────────────────────────────────────╯
│
◇  Doctor changes ─────────────────────────────────────────────────────────╮
│                                                                          │
│  - channels.discord.dm.allowFrom: converted 1 numeric entry to strings   │
│  - channels.discord.dm.groupChannels: converted 1 numeric entry to       │
│    strings                                                               │
│  - channels.discord.execApprovals.approvers: converted 1 numeric entry   │
│    to strings                                                            │
│  - channels.discord.guilds.100.users: converted 1 numeric entry to       │
│    strings                                                               │
│  - channels.discord.guilds.100.roles: converted 1 numeric entry to       │
│    strings                                                               │
│  - channels.discord.guilds.100.channels.general.users: converted 1       │
│    numeric entry to strings                                              │
│  - channels.discord.guilds.100.channels.general.roles: converted 1       │
│    numeric entry to strings                                              │
│  - channels.discord.accounts.work.allowFrom: converted 1 numeric entry   │
│    to strings                                                            │
│  - channels.discord.accounts.work.dm.allowFrom: converted 1 numeric      │
│    entry to strings                                                      │
│  - channels.discord.accounts.work.dm.groupChannels: converted 1 numeric  │
│    entry to strings                                                      │
│  - channels.discord.accounts.work.execApprovals.approvers: converted 1   │
│    numeric entry to strings                                              │
│  - channels.discord.accounts.work.guilds.200.users: converted 1 numeric  │
│    entry to strings                                                      │
│  - channels.discord.accounts.work.guilds.200.roles: converted 1 numeric  │
│    entry to strings                                                      │
│  - channels.discord.accounts.work.guilds.200.channels.help.users:        │
│    converted 1 numeric entry to strings                                  │
│  - channels.discord.accounts.work.guilds.200.channels.help.roles:        │
│    converted 1 numeric entry to strings                                  │
│  - channels.discord.accounts.default.allowFrom: converted 1 numeric      │
│    entry to strings                                                      │
│                                                                          │
├──────────────────────────────────────────────────────────────────────────╯
│
◇  Doctor changes ─────────────────────────────╮
│                                              │
│  Discord configured, enabled automatically.  │
│                                              │
├──────────────────────────────────────────────╯
│
◇  Config ───────────────────────────────────────────────────╮
│                                                            │
│  Config invalid; doctor will run with best-effort config.  │
│                                                            │
├────────────────────────────────────────────────────────────╯
│
◇  Doctor changes ─────────────────────────────╮
│                                              │
│  Discord configured, enabled automatically.  │
│                                              │
├──────────────────────────────────────────────╯
│
◇  Doctor changes ──────────────────────────────────────────╮
│                                                           │
│  - channels.discord.allowFrom: set to ["*"] (required by  │
│    dmPolicy="open")                                       │
│                                                           │
├───────────────────────────────────────────────────────────╯
│
◇  Config ───────────────────────────────────────────────────╮
│                                                            │
│  Config invalid; doctor will run with best-effort config.  │
│                                                            │
├────────────────────────────────────────────────────────────╯
│
◇  Doctor changes ───────────────────────────╮
│                                            │
│  Slack configured, enabled automatically.  │
│                                            │
├────────────────────────────────────────────╯
│
◇  Doctor changes ──────────────────────────────────────────────────────╮
│                                                                       │
│  - channels.slack.allowFrom: added "*" (required by dmPolicy="open")  │
│                                                                       │
├───────────────────────────────────────────────────────────────────────╯
│
◇  Config ───────────────────────────────────────────────────╮
│                                                            │
│  Config invalid; doctor will run with best-effort config.  │
│                                                            │
├────────────────────────────────────────────────────────────╯
│
◇  Doctor changes ────────────────────────────────────────────────────╮
│                                                                     │
│  Moved channels.discord.dm.allowFrom → channels.discord.allowFrom.  │
│  Removed empty channels.discord.dm after migration.                 │
│                                                                     │
├─────────────────────────────────────────────────────────────────────╯
│
◇  Doctor changes ─────────────────────────────╮
│                                              │
│  Discord configured, enabled automatically.  │
│                                              │
├──────────────────────────────────────────────╯
│
◇  Doctor changes ────────────────────────────────────────────────────────╮
│                                                                         │
│  - channels.discord.allowFrom: added "*" (required by dmPolicy="open")  │
│                                                                         │
├─────────────────────────────────────────────────────────────────────────╯
│
◇  Doctor changes ─────────────────────────────╮
│                                              │
│  Discord configured, enabled automatically.  │
│                                              │
├──────────────────────────────────────────────╯
│
◇  Config ───────────────────────────────────────────────────╮
│                                                            │
│  Config invalid; doctor will run with best-effort config.  │
│                                                            │
├────────────────────────────────────────────────────────────╯
│
◇  Doctor changes ──────────────────────────────────────────────╮
│                                                               │
│  Moved channels.discord single-account top-level values into  │
│  channels.discord.accounts.default.                           │
│                                                               │
├───────────────────────────────────────────────────────────────╯
│
◇  Doctor changes ─────────────────────────────╮
│                                              │
│  Discord configured, enabled automatically.  │
│                                              │
├──────────────────────────────────────────────╯
│
◇  Doctor changes ────────────────────────────────────────────────────────╮
│                                                                         │
│  - channels.discord.accounts.work.allowFrom: set to ["*"] (required by  │
│    dmPolicy="open")                                                     │
│                                                                         │
├─────────────────────────────────────────────────────────────────────────╯
│
◇  Config ───────────────────────────────────────────────────╮
│                                                            │
│  Config invalid; doctor will run with best-effort config.  │
│                                                            │
├────────────────────────────────────────────────────────────╯
│
◇  Doctor changes ──────────────────────────────╮
│                                               │
│  Telegram configured, enabled automatically.  │
│                                               │
├───────────────────────────────────────────────╯
│
◇  Doctor changes ──────────────────────────────────────────────────────╮
│                                                                       │
│  - channels.telegram.allowFrom: restored 1 sender entry from pairing  │
│    store (dmPolicy="allowlist").                                      │
│                                                                       │
├───────────────────────────────────────────────────────────────────────╯
│
◇  Doctor changes ──────────────────────────────╮
│                                               │
│  WhatsApp configured, enabled automatically.  │
│                                               │
├───────────────────────────────────────────────╯
│
◇  Doctor changes ───────────────────────────────────────────────────────╮
│                                                                        │
│  - channels.whatsapp.groups.123@g.us.toolsBySender: migrated 1 legacy  │
│    key to typed id: entries (owner (kept existing id:owner), alice ->  │
│    id:alice).                                                          │
│  - channels.whatsapp.groups.123@g.us.toolsBySender: removed 1 legacy   │
│    key where typed id: entries already existed.                        │
│                                                                        │
├────────────────────────────────────────────────────────────────────────╯
│
◇  Config ───────────────────────────────────────────────────╮
│                                                            │
│  Config invalid; doctor will run with best-effort config.  │
│                                                            │
├────────────────────────────────────────────────────────────╯
│
◇  Doctor changes ─────────────────────────────────╮
│                                                  │
│  Google Chat configured, enabled automatically.  │
│                                                  │
├──────────────────────────────────────────────────╯
│
◇  Doctor changes ────────────────────────────────────────────────╮
│                                                                 │
│  - channels.googlechat.dm.allowFrom: set to ["*"] (required by  │
│    dmPolicy="open")                                             │
│                                                                 │
├─────────────────────────────────────────────────────────────────╯
│
◇  Config ───────────────────────────────────────────────────╮
│                                                            │
│  Config invalid; doctor will run with best-effort config.  │
│                                                            │
├────────────────────────────────────────────────────────────╯
│
◇  Doctor changes ─────────────────────────────────╮
│                                                  │
│  Google Chat configured, enabled automatically.  │
│                                                  │
├──────────────────────────────────────────────────╯
│
◇  Doctor warnings ─────────────────────────────────────────────────────╮
│                                                                       │
│  - channels.googlechat: accounts.default is missing and no valid      │
│    account-scoped binding exists for configured accounts (work).      │
│    Channel-only bindings (no accountId) match only default. Add       │
│    bindings[].match.accountId for one of these accounts (or "*"), or  │
│    add channels.googlechat.accounts.default.                          │
│                                                                       │
├───────────────────────────────────────────────────────────────────────╯
│
◇  Doctor changes ─────────────────────────────────────────────────╮
│                                                                  │
│  - channels.googlechat.accounts.work.dm.allowFrom: set to ["*"]  │
│    (required by dmPolicy="open")                                 │
│                                                                  │
├──────────────────────────────────────────────────────────────────╯
│
◇  Config ───────────────────────────────────────────────────╮
│                                                            │
│  Config invalid; doctor will run with best-effort config.  │
│                                                            │
├────────────────────────────────────────────────────────────╯
│
◇  Doctor changes ─────────────────────────────────╮
│                                                  │
│  Google Chat configured, enabled automatically.  │
│                                                  │
├──────────────────────────────────────────────────╯
│
◇  Doctor changes ────────────────────────────────────────────────╮
│                                                                 │
│  - channels.googlechat.dm.allowFrom: set to ["*"] (required by  │
│    dmPolicy="open")                                             │
│                                                                 │
├─────────────────────────────────────────────────────────────────╯
│
◇  Doctor changes ──────────────────╮
│                                   │
│  - channels.googlechat.allowFrom  │
│                                   │
├───────────────────────────────────╯
 [32m✓[39m src/commands/doctor-config-flow.test.ts [2m([22m[2m17 tests[22m[2m)[22m[32m 200[2mms[22m[39m
 [32m✓[39m src/memory/manager.batch.test.ts [2m([22m[2m3 tests[22m[2m)[22m[32m 125[2mms[22m[39m
 [32m✓[39m src/agents/skills.agents-skills-directory.test.ts [2m([22m[2m3 tests[22m[2m)[22m[32m 135[2mms[22m[39m
 [32m✓[39m src/browser/chrome.test.ts [2m([22m[2m15 tests[22m[2m)[22m[32m 140[2mms[22m[39m
 [32m✓[39m src/config/redact-snapshot.test.ts [2m([22m[2m37 tests[22m[2m)[22m[32m 123[2mms[22m[39m
 [32m✓[39m src/telegram/bot-native-command-menu.test.ts [2m([22m[2m5 tests[22m[2m)[22m[32m 108[2mms[22m[39m
[90mstdout[2m | src/auto-reply/reply.directive.directive-behavior.shows-current-verbose-level-verbose-has-no.test.ts
[22m[39m[MemoryStore] Initializing the Five-Tier Central Nervous System...
KnowledgeGraph connected to Neo4j successfully.

 [31m❯[39m src/auto-reply/reply.directive.directive-behavior.shows-current-verbose-level-verbose-has-no.test.ts [2m([22m[2m0 test[22m[2m)[22m
 [32m✓[39m src/cli/program/preaction.test.ts [2m([22m[2m8 tests[22m[2m)[22m[32m 129[2mms[22m[39m
 [32m✓[39m src/integrations/embodiment/embodiment-bridge.test.ts [2m([22m[2m8 tests[22m[2m)[22m[32m 107[2mms[22m[39m
 [32m✓[39m src/agents/bedrock-discovery.test.ts [2m([22m[2m5 tests[22m[2m)[22m[32m 26[2mms[22m[39m
 [32m✓[39m src/acp/control-plane/manager.test.ts [2m([22m[2m25 tests[22m[2m)[22m[32m 107[2mms[22m[39m
[90mstdout[2m | src/agents/tools/image-tool.test.ts
[22m[39m[MemoryStore] Initializing the Five-Tier Central Nervous System...
KnowledgeGraph connected to Neo4j successfully.

[90mstdout[2m | src/agents/tools/image-tool.test.ts
[22m[39mKnowledgeGraph Schema Initialized.

 [31m❯[39m src/agents/tools/image-tool.test.ts [2m([22m[2m0 test[22m[2m)[22m
 [32m✓[39m src/infra/gateway-lock.test.ts [2m([22m[2m9 tests[22m[2m)[22m[32m 116[2mms[22m[39m
 [32m✓[39m src/infra/boundary-path.test.ts [2m([22m[2m5 tests[22m[2m)[22m[32m 174[2mms[22m[39m
 [32m✓[39m src/browser/pw-tools-core.screenshots-element-selector.test.ts [2m([22m[2m6 tests[22m[2m)[22m[32m 112[2mms[22m[39m
 [32m✓[39m src/agents/session-write-lock.test.ts [2m([22m[2m14 tests[22m[2m)[22m[32m 101[2mms[22m[39m
 [32m✓[39m src/config/io.write-config.test.ts [2m([22m[2m15 tests[22m[2m)[22m[32m 172[2mms[22m[39m
 [32m✓[39m src/secrets/apply.test.ts [2m([22m[2m7 tests[22m[2m)[22m[32m 119[2mms[22m[39m
[90mstdout[2m | src/slack/monitor.tool-result.test.ts
[22m[39m[MemoryStore] Initializing the Five-Tier Central Nervous System...
KnowledgeGraph connected to Neo4j successfully.

 [31m❯[39m src/slack/monitor.tool-result.test.ts [2m([22m[2m0 test[22m[2m)[22m
[90mstdout[2m | src/commands/channels.add.test.ts
[22m[39m[MemoryStore] Initializing the Five-Tier Central Nervous System...
KnowledgeGraph connected to Neo4j successfully.

[90mstdout[2m | src/commands/channels.add.test.ts
[22m[39mKnowledgeGraph Schema Initialized.

 [31m❯[39m src/commands/channels.add.test.ts [2m([22m[2m0 test[22m[2m)[22m
 [32m✓[39m src/agents/subagent-announce.format.test.ts [2m([22m[2m50 tests[22m[2m)[22m[33m 1633[2mms[22m[39m
[90mstdout[2m | src/infra/heartbeat-runner.returns-default-unset.test.ts
[22m[39m[MemoryStore] Initializing the Five-Tier Central Nervous System...
KnowledgeGraph connected to Neo4j successfully.

 [31m❯[39m src/infra/heartbeat-runner.returns-default-unset.test.ts [2m([22m[2m0 test[22m[2m)[22m
[90mstdout[2m | src/cron/isolated-agent.uses-last-non-empty-agent-text-as.test.ts
[22m[39m[MemoryStore] Initializing the Five-Tier Central Nervous System...
KnowledgeGraph connected to Neo4j successfully.

 [31m❯[39m src/cron/isolated-agent.uses-last-non-empty-agent-text-as.test.ts [2m([22m[2m0 test[22m[2m)[22m
 [32m✓[39m src/memory/stream.test.ts [2m([22m[2m7 tests[22m[2m)[22m[32m 82[2mms[22m[39m
 [32m✓[39m src/memory/manager.embedding-batches.test.ts [2m([22m[2m4 tests[22m[2m)[22m[32m 120[2mms[22m[39m
[90mstdout[2m | extensions/feishu/src/monitor.webhook-security.test.ts
[22m[39m[MemoryStore] Initializing the Five-Tier Central Nervous System...
KnowledgeGraph connected to Neo4j successfully.

[90mstdout[2m | extensions/feishu/src/monitor.webhook-security.test.ts
[22m[39mKnowledgeGraph Schema Initialized.

 [31m❯[39m extensions/feishu/src/monitor.webhook-security.test.ts [2m([22m[2m0 test[22m[2m)[22m
[90mstdout[2m | extensions/acpx/src/runtime.test.ts
[22m[39m[MemoryStore] Initializing the Five-Tier Central Nervous System...
KnowledgeGraph connected to Neo4j successfully.

[90mstdout[2m | extensions/acpx/src/runtime.test.ts
[22m[39mKnowledgeGraph Schema Initialized.

 [31m❯[39m extensions/acpx/src/runtime.test.ts [2m([22m[2m0 test[22m[2m)[22m
[90mstdout[2m | extensions/nostr/src/nostr-profile.fuzz.test.ts
[22m[39m[MemoryStore] Initializing the Five-Tier Central Nervous System...
KnowledgeGraph connected to Neo4j successfully.

[90mstdout[2m | extensions/nostr/src/nostr-profile.fuzz.test.ts
[22m[39mKnowledgeGraph Schema Initialized.

 [31m❯[39m extensions/nostr/src/nostr-profile.fuzz.test.ts [2m([22m[2m0 test[22m[2m)[22m
[90mstdout[2m | extensions/bluebubbles/src/monitor.test.ts
[22m[39m[MemoryStore] Initializing the Five-Tier Central Nervous System...
KnowledgeGraph connected to Neo4j successfully.

[90mstdout[2m | extensions/bluebubbles/src/monitor.test.ts
[22m[39mKnowledgeGraph Schema Initialized.

 [31m❯[39m extensions/bluebubbles/src/monitor.test.ts [2m([22m[2m0 test[22m[2m)[22m
 [32m✓[39m src/commands/doctor.runs-legacy-state-migrations-yes-mode-without.test.ts [2m([22m[2m4 tests[22m[2m)[22m[33m 2078[2mms[22m[39m
[90mstdout[2m | src/commands/health.snapshot.test.ts
[22m[39m[MemoryStore] Initializing the Five-Tier Central Nervous System...
KnowledgeGraph connected to Neo4j successfully.

[90mstdout[2m | src/commands/health.snapshot.test.ts
[22m[39mKnowledgeGraph Schema Initialized.

 [31m❯[39m src/commands/health.snapshot.test.ts [2m([22m[2m0 test[22m[2m)[22m
[90mstdout[2m | src/cron/isolated-agent.skips-delivery-without-whatsapp-recipient-besteffortdeliver-true.test.ts
[22m[39m[MemoryStore] Initializing the Five-Tier Central Nervous System...
KnowledgeGraph connected to Neo4j successfully.

[90mstdout[2m | src/cron/isolated-agent.skips-delivery-without-whatsapp-recipient-besteffortdeliver-true.test.ts
[22m[39mKnowledgeGraph Schema Initialized.

 [31m❯[39m src/cron/isolated-agent.skips-delivery-without-whatsapp-recipient-besteffortdeliver-true.test.ts [2m([22m[2m0 test[22m[2m)[22m
 [32m✓[39m src/config/plugin-auto-enable.test.ts [2m([22m[2m20 tests[22m[2m)[22m[32m 158[2mms[22m[39m
 [32m✓[39m src/commands/doctor-state-migrations.test.ts [2m([22m[2m22 tests[22m[2m)[22m[32m 175[2mms[22m[39m
 [32m✓[39m src/agents/tools/web-fetch-visibility.test.ts [2m([22m[2m41 tests[22m[2m)[22m[32m 134[2mms[22m[39m
 [32m✓[39m extensions/mattermost/src/mattermost/reconnect.test.ts [2m([22m[2m9 tests[22m[2m)[22m[32m 72[2mms[22m[39m
[90mstdout[2m | src/gateway/server.talk-config.test.ts
[22m[39m[MemoryStore] Initializing the Five-Tier Central Nervous System...
KnowledgeGraph connected to Neo4j successfully.

 [31m❯[39m src/gateway/server.talk-config.test.ts [2m([22m[2m4 tests[22m[2m | [22m[33m4 skipped[39m[2m)[22m[33m 1368[2mms[22m[39m
     [2m[90m↓[39m[22m returns redacted talk config for read scope
     [2m[90m↓[39m[22m requires operator.talk.secrets for includeSecrets
     [2m[90m↓[39m[22m returns secrets for operator.talk.secrets scope
     [2m[90m↓[39m[22m prefers normalized provider payload over conflicting legacy talk keys
 [32m✓[39m src/agents/skills.loadworkspaceskillentries.test.ts [2m([22m[2m3 tests[22m[2m)[22m[32m 227[2mms[22m[39m
 [32m✓[39m src/channels/plugins/plugins-core.test.ts [2m([22m[2m25 tests[22m[2m)[22m[32m 99[2mms[22m[39m
[90mstdout[2m | src/gateway/server.sessions.gateway-server-sessions-a.test.ts
[22m[39m[MemoryStore] Initializing the Five-Tier Central Nervous System...
KnowledgeGraph connected to Neo4j successfully.

[90mstdout[2m | src/gateway/server.sessions.gateway-server-sessions-a.test.ts
[22m[39mKnowledgeGraph Schema Initialized.

 [31m❯[39m src/gateway/server.sessions.gateway-server-sessions-a.test.ts [2m([22m[2m19 tests[22m[2m | [22m[33m19 skipped[39m[2m)[22m[33m 1398[2mms[22m[39m
     [2m[90m↓[39m[22m lists and patches session store via sessions.* RPC
     [2m[90m↓[39m[22m sessions.preview returns transcript previews
     [2m[90m↓[39m[22m sessions.preview resolves legacy mixed-case main alias with custom mainKey
     [2m[90m↓[39m[22m sessions.resolve and mutators clean legacy main-alias ghost keys
     [2m[90m↓[39m[22m sessions.delete rejects main and aborts active runs
     [2m[90m↓[39m[22m sessions.delete closes ACP runtime handles before removing ACP sessions
     [2m[90m↓[39m[22m sessions.delete does not emit lifecycle events when nothing was deleted
     [2m[90m↓[39m[22m sessions.delete emits subagent targetKind for subagent sessions
     [2m[90m↓[39m[22m sessions.delete can skip lifecycle hooks while still unbinding thread bindings
     [2m[90m↓[39m[22m sessions.delete directly unbinds thread bindings when hooks are unavailable
     [2m[90m↓[39m[22m sessions.reset aborts active runs and clears queues
     [2m[90m↓[39m[22m sessions.reset closes ACP runtime handles for ACP sessions
     [2m[90m↓[39m[22m sessions.reset does not emit lifecycle events when key does not exist
     [2m[90m↓[39m[22m sessions.reset emits subagent targetKind for subagent sessions
     [2m[90m↓[39m[22m sessions.reset directly unbinds thread bindings when hooks are unavailable
     [2m[90m↓[39m[22m sessions.reset emits internal command hook with reason
     [2m[90m↓[39m[22m sessions.reset returns unavailable when active run does not stop
     [2m[90m↓[39m[22m sessions.delete returns unavailable when active run does not stop
     [2m[90m↓[39m[22m webchat clients cannot patch or delete sessions
[90mstdout[2m | src/gateway/server.models-voicewake-misc.test.ts
[22m[39m[MemoryStore] Initializing the Five-Tier Central Nervous System...
KnowledgeGraph connected to Neo4j successfully.

 [31m❯[39m src/gateway/server.models-voicewake-misc.test.ts [2m([22m[2m11 tests[22m[2m | [22m[33m11 skipped[39m[2m)[22m[33m 1382[2mms[22m[39m
     [2m[90m↓[39m[22m voicewake.get returns defaults and voicewake.set broadcasts
     [2m[90m↓[39m[22m pushes voicewake.changed to nodes on connect and on updates
     [2m[90m↓[39m[22m models.list returns model catalog
     [2m[90m↓[39m[22m models.list filters to allowlisted configured models by default
     [2m[90m↓[39m[22m models.list includes synthetic entries for allowlist models absent from catalog
     [2m[90m↓[39m[22m models.list rejects unknown params
     [2m[90m↓[39m[22m hello-ok advertises the gateway port for canvas host
     [2m[90m↓[39m[22m send dedupes by idempotencyKey
     [2m[90m↓[39m[22m auto-enables configured channel plugins on startup
     [2m[90m↓[39m[22m refuses to start when port already bound
     [2m[90m↓[39m[22m releases port after close
[90mstdout[2m | src/gateway/server.cron.test.ts
[22m[39m[MemoryStore] Initializing the Five-Tier Central Nervous System...
KnowledgeGraph connected to Neo4j successfully.

 [31m❯[39m src/gateway/server.cron.test.ts [2m([22m[2m3 tests[22m[2m | [22m[33m3 skipped[39m[2m)[22m[33m 1395[2mms[22m[39m
     [2m[90m↓[39m[22m handles cron CRUD, normalization, and patch semantics
     [2m[90m↓[39m[22m writes cron run history and auto-runs due jobs
     [2m[90m↓[39m[22m posts webhooks for delivery mode and legacy notify fallback only when summary exists
[90mstdout[2m | src/gateway/server.reload.test.ts
[22m[39m[MemoryStore] Initializing the Five-Tier Central Nervous System...
KnowledgeGraph connected to Neo4j successfully.

[90mstdout[2m | src/gateway/server.reload.test.ts
[22m[39mKnowledgeGraph Schema Initialized.

 [31m❯[39m src/gateway/server.reload.test.ts [2m([22m[2m6 tests[22m[2m | [22m[33m6 skipped[39m[2m)[22m[33m 1373[2mms[22m[39m
     [2m[90m↓[39m[22m applies hot reload actions and emits restart signal
     [2m[90m↓[39m[22m fails startup when required secret refs are unresolved
     [2m[90m↓[39m[22m fails startup when auth-profile secret refs are unresolved
     [2m[90m↓[39m[22m emits one-shot degraded and recovered system events during secret reload transitions
     [2m[90m↓[39m[22m serves secrets.reload immediately after startup without race failures
     [2m[90m↓[39m[22m lists configured agents via agents.list RPC
[90mstdout[2m | src/gateway/server.hooks.test.ts
[22m[39m[MemoryStore] Initializing the Five-Tier Central Nervous System...
KnowledgeGraph connected to Neo4j successfully.

 [31m❯[39m src/gateway/server.hooks.test.ts [2m([22m[2m7 tests[22m[2m | [22m[33m7 skipped[39m[2m)[22m[33m 1394[2mms[22m[39m
     [2m[90m↓[39m[22m handles auth, wake, and agent flows
     [2m[90m↓[39m[22m rejects request sessionKey unless hooks.allowRequestSessionKey is enabled
     [2m[90m↓[39m[22m respects hooks session policy for request + mapping session keys
     [2m[90m↓[39m[22m normalizes duplicate target-agent prefixes before isolated dispatch
     [2m[90m↓[39m[22m enforces hooks.allowedAgentIds for explicit agent routing
     [2m[90m↓[39m[22m denies explicit agentId when hooks.allowedAgentIds is empty
     [2m[90m↓[39m[22m throttles repeated hook auth failures and resets after success
 [32m✓[39m extensions/sprout/src/sprout-tool.test.ts [2m([22m[2m12 tests[22m[2m)[22m[32m 52[2mms[22m[39m
[90mstdout[2m | src/cli/gateway-cli.coverage.test.ts
[22m[39m[MemoryStore] Initializing the Five-Tier Central Nervous System...
KnowledgeGraph connected to Neo4j successfully.

 [31m❯[39m src/cli/gateway-cli.coverage.test.ts [2m([22m[2m0 test[22m[2m)[22m
 [32m✓[39m test/integration/memory-pipeline.test.ts [2m([22m[2m10 tests[22m[2m)[22m[32m 111[2mms[22m[39m
 [32m✓[39m src/slack/monitor/media.test.ts [2m([22m[2m24 tests[22m[2m)[22m[32m 76[2mms[22m[39m
 [32m✓[39m src/pairing/pairing-store.test.ts [2m([22m[2m14 tests[22m[2m)[22m[32m 211[2mms[22m[39m
 [32m✓[39m src/canvas-host/server.test.ts [2m([22m[2m6 tests[22m[2m)[22m[32m 82[2mms[22m[39m
 [32m✓[39m src/agents/pi-tools.before-tool-call.test.ts [2m([22m[2m10 tests[22m[2m)[22m[32m 87[2mms[22m[39m
 [32m✓[39m src/cli/nodes-cli.coverage.test.ts [2m([22m[2m4 tests[22m[2m)[22m[32m 64[2mms[22m[39m
[90mstdout[2m | src/infra/heartbeat-runner.respects-ackmaxchars-heartbeat-acks.test.ts
[22m[39m[MemoryStore] Initializing the Five-Tier Central Nervous System...
KnowledgeGraph connected to Neo4j successfully.

 [31m❯[39m src/infra/heartbeat-runner.respects-ackmaxchars-heartbeat-acks.test.ts [2m([22m[2m0 test[22m[2m)[22m
 [32m✓[39m src/config/config.nix-integration-u3-u5-u9.test.ts [2m([22m[2m19 tests[22m[2m)[22m[32m 134[2mms[22m[39m
 [32m✓[39m src/agents/tools/web-tools.readability.test.ts [2m([22m[2m2 tests[22m[2m)[22m[32m 136[2mms[22m[39m
 [32m✓[39m src/memory/temporal.test.ts [2m([22m[2m13 tests[22m[2m)[22m[32m 62[2mms[22m[39m
 [32m✓[39m src/agents/bash-tools.exec.pty.test.ts [2m([22m[2m1 test[22m[2m)[22m[32m 81[2mms[22m[39m
 [32m✓[39m src/config/schema.hints.test.ts [2m([22m[2m7 tests[22m[2m)[22m[32m 71[2mms[22m[39m
 [32m✓[39m src/cron/service.persists-delivered-status.test.ts [2m([22m[2m6 tests[22m[2m)[22m[32m 129[2mms[22m[39m
 [32m✓[39m src/hooks/loader.test.ts [2m([22m[2m13 tests[22m[2m)[22m[32m 100[2mms[22m[39m
[90mstdout[2m | src/web/auto-reply.broadcast-groups.broadcasts-sequentially-configured-order.test.ts
[22m[39m[MemoryStore] Initializing the Five-Tier Central Nervous System...
KnowledgeGraph connected to Neo4j successfully.

 [31m❯[39m src/web/auto-reply.broadcast-groups.broadcasts-sequentially-configured-order.test.ts [2m([22m[2m0 test[22m[2m)[22m
 [32m✓[39m src/infra/system-presence.version.test.ts [2m([22m[2m3 tests[22m[2m)[22m[32m 81[2mms[22m[39m
 [32m✓[39m src/telegram/monitor.test.ts [2m([22m[2m13 tests[22m[2m)[22m[32m 75[2mms[22m[39m
 [32m✓[39m src/auto-reply/reply/export-html/template.security.test.ts [2m([22m[2m3 tests[22m[2m)[22m[32m 64[2mms[22m[39m
 [32m✓[39m src/cli/config-cli.test.ts [2m([22m[2m11 tests[22m[2m)[22m[32m 46[2mms[22m[39m
 [32m✓[39m src/telegram/send.test.ts [2m([22m[2m51 tests[22m[2m)[22m[32m 74[2mms[22m[39m
[90mstdout[2m | src/slack/monitor/message-handler/prepare.test.ts
[22m[39m[MemoryStore] Initializing the Five-Tier Central Nervous System...
KnowledgeGraph connected to Neo4j successfully.

[90mstdout[2m | src/slack/monitor/message-handler/prepare.test.ts
[22m[39mKnowledgeGraph Schema Initialized.

 [31m❯[39m src/slack/monitor/message-handler/prepare.test.ts [2m([22m[2m0 test[22m[2m)[22m
 [32m✓[39m src/config/sessions/store.pruning.integration.test.ts [2m([22m[2m10 tests[22m[2m)[22m[32m 106[2mms[22m[39m
 [32m✓[39m src/agents/pi-embedded-runner.run-embedded-pi-agent.auth-profile-rotation.test.ts [2m([22m[2m13 tests[22m[2m)[22m[33m 1621[2mms[22m[39m
[90mstdout[2m | src/agents/pi-tools-agent-config.test.ts
[22m[39m[MemoryStore] Initializing the Five-Tier Central Nervous System...
KnowledgeGraph connected to Neo4j successfully.

[90mstdout[2m | src/agents/pi-tools-agent-config.test.ts
[22m[39mKnowledgeGraph Schema Initialized.

 [31m❯[39m src/agents/pi-tools-agent-config.test.ts [2m([22m[2m0 test[22m[2m)[22m
 [32m✓[39m src/agents/skills.compact-skill-paths.test.ts [2m([22m[2m2 tests[22m[2m)[22m[32m 103[2mms[22m[39m
[90mstdout[2m | extensions/feishu/src/bot.test.ts
[22m[39m[MemoryStore] Initializing the Five-Tier Central Nervous System...
KnowledgeGraph connected to Neo4j successfully.

 [31m❯[39m extensions/feishu/src/bot.test.ts [2m([22m[2m0 test[22m[2m)[22m
[90mstdout[2m | extensions/zalo/src/monitor.webhook.test.ts
[22m[39m[MemoryStore] Initializing the Five-Tier Central Nervous System...
KnowledgeGraph connected to Neo4j successfully.

 [31m❯[39m extensions/zalo/src/monitor.webhook.test.ts [2m([22m[2m0 test[22m[2m)[22m
 [32m✓[39m src/cron/service.every-jobs-fire.test.ts [2m([22m[2m3 tests[22m[2m)[22m[32m 139[2mms[22m[39m
[90mstdout[2m | extensions/msteams/src/attachments.test.ts
[22m[39m[MemoryStore] Initializing the Five-Tier Central Nervous System...
KnowledgeGraph connected to Neo4j successfully.

 [31m❯[39m extensions/msteams/src/attachments.test.ts [2m([22m[2m0 test[22m[2m)[22m
 [32m✓[39m src/agents/apply-patch.test.ts [2m([22m[2m13 tests[22m[2m)[22m[32m 102[2mms[22m[39m
 [32m✓[39m src/infra/update-runner.test.ts [2m([22m[2m16 tests[22m[2m)[22m[32m 155[2mms[22m[39m
 [32m✓[39m extensions/sprout/src/windows-spawn.test.ts [2m([22m[2m5 tests[22m[2m)[22m[32m 96[2mms[22m[39m
 [32m✓[39m src/commands/doctor.warns-per-agent-sandbox-docker-browser-prune.test.ts [2m([22m[2m2 tests[22m[2m)[22m[33m 1641[2mms[22m[39m
[90mstdout[2m | src/auto-reply/reply/agent-runner.misc.runreplyagent.test.ts
[22m[39m[MemoryStore] Initializing the Five-Tier Central Nervous System...
KnowledgeGraph connected to Neo4j successfully.

[90mstdout[2m | src/auto-reply/reply/agent-runner.misc.runreplyagent.test.ts
[22m[39mKnowledgeGraph Schema Initialized.

 [31m❯[39m src/auto-reply/reply/agent-runner.misc.runreplyagent.test.ts [2m([22m[2m0 test[22m[2m)[22m
 [32m✓[39m src/memory/manager.async-search.test.ts [2m([22m[2m2 tests[22m[2m)[22m[32m 160[2mms[22m[39m
 [32m✓[39m src/infra/provider-usage.auth.normalizes-keys.test.ts [2m([22m[2m15 tests[22m[2m)[22m[32m 168[2mms[22m[39m
 [32m✓[39m src/config/sessions/sessions.test.ts [2m([22m[2m13 tests[22m[2m)[22m[32m 133[2mms[22m[39m
[90mstdout[2m | extensions/nextcloud-talk/src/channel.startup.test.ts
[22m[39m[MemoryStore] Initializing the Five-Tier Central Nervous System...
KnowledgeGraph connected to Neo4j successfully.

[90mstdout[2m | extensions/nextcloud-talk/src/channel.startup.test.ts
[22m[39mKnowledgeGraph Schema Initialized.

 [31m❯[39m extensions/nextcloud-talk/src/channel.startup.test.ts [2m([22m[2m0 test[22m[2m)[22m
 [32m✓[39m src/agents/tool-images.log.test.ts [2m([22m[2m2 tests[22m[2m)[22m[32m 67[2mms[22m[39m
[90mstdout[2m | src/infra/outbound/outbound.test.ts
[22m[39m[MemoryStore] Initializing the Five-Tier Central Nervous System...
KnowledgeGraph connected to Neo4j successfully.

 [31m❯[39m src/infra/outbound/outbound.test.ts [2m([22m[2m0 test[22m[2m)[22m
 [32m✓[39m src/agents/workspace.bootstrap-cache.test.ts [2m([22m[2m7 tests[22m[2m)[22m[32m 114[2mms[22m[39m
 [32m✓[39m src/telegram/draft-stream.test.ts [2m([22m[2m17 tests[22m[2m)[22m[32m 61[2mms[22m[39m
 [32m✓[39m src/telegram/fetch.test.ts [2m([22m[2m11 tests[22m[2m)[22m[32m 28[2mms[22m[39m
 [32m✓[39m src/memory/embeddings.test.ts [2m([22m[2m18 tests[22m[2m)[22m[32m 55[2mms[22m[39m
 [32m✓[39m src/process/command-queue.test.ts [2m([22m[2m16 tests[22m[2m)[22m[32m 67[2mms[22m[39m
 [32m✓[39m src/cron/service.issue-16156-list-skips-cron.test.ts [2m([22m[2m3 tests[22m[2m)[22m[32m 85[2mms[22m[39m
 [32m✓[39m src/agents/system-prompt-stability.test.ts [2m([22m[2m4 tests[22m[2m)[22m[32m 72[2mms[22m[39m
[90mstdout[2m | src/agents/ernos-tools.sessions.test.ts
[22m[39m[MemoryStore] Initializing the Five-Tier Central Nervous System...
KnowledgeGraph connected to Neo4j successfully.

[90mstdout[2m | src/agents/ernos-tools.sessions.test.ts
[22m[39mKnowledgeGraph Schema Initialized.

 [31m❯[39m src/agents/ernos-tools.sessions.test.ts [2m([22m[2m0 test[22m[2m)[22m
[90mstdout[2m | src/infra/outbound/message-action-runner.test.ts
[22m[39m[MemoryStore] Initializing the Five-Tier Central Nervous System...
KnowledgeGraph connected to Neo4j successfully.

 [31m❯[39m src/infra/outbound/message-action-runner.test.ts [2m([22m[2m0 test[22m[2m)[22m
 [32m✓[39m src/agents/subagent-registry.persistence.test.ts [2m([22m[2m8 tests[22m[2m)[22m[32m 85[2mms[22m[39m
 [32m✓[39m src/infra/device-pairing.test.ts [2m([22m[2m11 tests[22m[2m)[22m[32m 123[2mms[22m[39m
 [32m✓[39m src/commands/doctor-config-flow.safe-bins.test.ts [2m([22m[2m3 tests[22m[2m)[22m[32m 107[2mms[22m[39m
 [32m✓[39m src/commands/doctor-config-flow.missing-default-account-bindings.integration.test.ts [2m([22m[2m1 test[22m[2m)[22m[32m 99[2mms[22m[39m
 [32m✓[39m src/telegram/bot-native-commands.session-meta.test.ts [2m([22m[2m2 tests[22m[2m)[22m[32m 60[2mms[22m[39m
[90mstdout[2m | src/cron/isolated-agent.delivers-response-has-heartbeat-ok-but-includes.test.ts
[22m[39m[MemoryStore] Initializing the Five-Tier Central Nervous System...
KnowledgeGraph connected to Neo4j successfully.

[90mstdout[2m | src/cron/isolated-agent.delivers-response-has-heartbeat-ok-but-includes.test.ts
[22m[39mKnowledgeGraph Schema Initialized.

 [31m❯[39m src/cron/isolated-agent.delivers-response-has-heartbeat-ok-but-includes.test.ts [2m([22m[2m0 test[22m[2m)[22m
 [32m✓[39m src/config/config.legacy-config-detection.accepts-imessage-dmpolicy.test.ts [2m([22m[2m29 tests[22m[2m)[22m[32m 99[2mms[22m[39m
 [32m✓[39m src/browser/pw-tools-core.last-file-chooser-arm-wins.test.ts [2m([22m[2m3 tests[22m[2m)[22m[32m 57[2mms[22m[39m
[90mstdout[2m | src/agents/pi-tools.workspace-paths.test.ts
[22m[39m[MemoryStore] Initializing the Five-Tier Central Nervous System...
KnowledgeGraph connected to Neo4j successfully.

[90mstdout[2m | src/agents/pi-tools.workspace-paths.test.ts
[22m[39mKnowledgeGraph Schema Initialized.

 [31m❯[39m src/agents/pi-tools.workspace-paths.test.ts [2m([22m[2m0 test[22m[2m)[22m
 [32m✓[39m src/plugins/uninstall.test.ts [2m([22m[2m23 tests[22m[2m)[22m[32m 33[2mms[22m[39m
 [32m✓[39m src/cli/update-cli.test.ts [2m([22m[2m29 tests[22m[2m)[22m[33m 533[2mms[22m[39m
 [32m✓[39m src/memory/manager.atomic-reindex.test.ts [2m([22m[2m1 test[22m[2m)[22m[32m 51[2mms[22m[39m
 [32m✓[39m src/commands/doctor.warns-state-directory-is-missing.test.ts [2m([22m[2m3 tests[22m[2m)[22m[33m 1481[2mms[22m[39m
[90mstdout[2m | src/gateway/server.chat.gateway-server-chat-b.test.ts
[22m[39m[MemoryStore] Initializing the Five-Tier Central Nervous System...
KnowledgeGraph connected to Neo4j successfully.

 [31m❯[39m src/gateway/server.chat.gateway-server-chat-b.test.ts [2m([22m[2m6 tests[22m[2m | [22m[33m6 skipped[39m[2m)[22m[33m 1596[2mms[22m[39m
     [2m[90m↓[39m[22m smoke: caps history payload and preserves routing metadata
     [2m[90m↓[39m[22m chat.send does not force-disable block streaming
     [2m[90m↓[39m[22m chat.history hard-caps single oversized nested payloads
     [2m[90m↓[39m[22m chat.history keeps recent small messages when latest message is oversized
     [2m[90m↓[39m[22m chat.history strips inline directives from displayed message text
     [2m[90m↓[39m[22m smoke: supports abort and idempotent completion
 [32m✓[39m src/agents/pi-embedded-runner/run/images.test.ts [2m([22m[2m27 tests[22m[2m)[22m[32m 50[2mms[22m[39m
[90mstdout[2m | src/gateway/server.agent.gateway-server-agent-a.test.ts
[22m[39m[MemoryStore] Initializing the Five-Tier Central Nervous System...
KnowledgeGraph connected to Neo4j successfully.

 [31m❯[39m src/gateway/server.agent.gateway-server-agent-a.test.ts [2m([22m[2m18 tests[22m[2m | [22m[33m18 skipped[39m[2m)[22m[33m 1620[2mms[22m[39m
     [2m[90m↓[39m[22m agent marks implicit delivery when lastTo is stale
     [2m[90m↓[39m[22m agent forwards sessionKey to agentCommand
     [2m[90m↓[39m[22m agent preserves spawnDepth on subagent sessions
     [2m[90m↓[39m[22m agent derives sessionKey from agentId
     [2m[90m↓[39m[22m agent rejects unknown reply channel
     [2m[90m↓[39m[22m agent rejects mismatched agentId and sessionKey
     [2m[90m↓[39m[22m agent rejects malformed agent-prefixed session keys
     [2m[90m↓[39m[22m agent forwards accountId to agentCommand
     [2m[90m↓[39m[22m agent avoids lastAccountId when explicit to is provided
     [2m[90m↓[39m[22m agent keeps explicit accountId when explicit to is provided
     [2m[90m↓[39m[22m agent falls back to lastAccountId for implicit delivery
     [2m[90m↓[39m[22m agent forwards image attachments as images[]
     [2m[90m↓[39m[22m agent errors when delivery requested and no last channel exists
     [2m[90m↓[39m[22m agent routes main last-channel 'whatsapp'
     [2m[90m↓[39m[22m agent routes main last-channel 'telegram'
     [2m[90m↓[39m[22m agent routes main last-channel 'discord'
     [2m[90m↓[39m[22m agent routes main last-channel 'slack'
     [2m[90m↓[39m[22m agent routes main last-channel 'signal'
[90mstdout[2m | src/gateway/server.tools-catalog.test.ts
[22m[39m[MemoryStore] Initializing the Five-Tier Central Nervous System...
KnowledgeGraph connected to Neo4j successfully.

 [31m❯[39m src/gateway/server.tools-catalog.test.ts [2m([22m[2m2 tests[22m[2m | [22m[33m2 skipped[39m[2m)[22m[33m 1625[2mms[22m[39m
     [2m[90m↓[39m[22m returns core catalog data and includes tts
     [2m[90m↓[39m[22m supports includePlugins=false and rejects unknown agent ids
[90mstdout[2m | src/gateway/server.channels.test.ts
[22m[39m[MemoryStore] Initializing the Five-Tier Central Nervous System...
KnowledgeGraph connected to Neo4j successfully.

 [31m❯[39m src/gateway/server.channels.test.ts [2m([22m[2m3 tests[22m[2m | [22m[33m3 skipped[39m[2m)[22m[33m 1632[2mms[22m[39m
     [2m[90m↓[39m[22m channels.status returns snapshot without probe
     [2m[90m↓[39m[22m channels.logout reports no session when missing
     [2m[90m↓[39m[22m channels.logout clears telegram bot token from config
[90mstdout[2m | src/gateway/server.skills-status.test.ts
[22m[39m[MemoryStore] Initializing the Five-Tier Central Nervous System...
KnowledgeGraph connected to Neo4j successfully.

 [31m❯[39m src/gateway/server.skills-status.test.ts [2m([22m[2m1 test[22m[2m | [22m[33m1 skipped[39m[2m)[22m[33m 1651[2mms[22m[39m
     [2m[90m↓[39m[22m does not expose raw config values to operator.read clients
[90mstdout[2m | src/gateway/server.health.test.ts
[22m[39m[MemoryStore] Initializing the Five-Tier Central Nervous System...
KnowledgeGraph connected to Neo4j successfully.

 [31m❯[39m src/gateway/server.health.test.ts [2m([22m[2m8 tests[22m[2m | [22m[33m8 skipped[39m[2m)[22m[33m 1652[2mms[22m[39m
     [2m[90m↓[39m[22m connect + health + presence + status succeed
     [2m[90m↓[39m[22m broadcasts heartbeat events and serves last-heartbeat
     [2m[90m↓[39m[22m presence events carry seq + stateVersion
     [2m[90m↓[39m[22m agent events stream with seq
     [2m[90m↓[39m[22m shutdown event is broadcast on close
     [2m[90m↓[39m[22m presence broadcast reaches multiple clients
     [2m[90m↓[39m[22m presence includes client fingerprint
     [2m[90m↓[39m[22m cli connections are not tracked as instances
 [32m✓[39m src/commands/models.list.auth-sync.test.ts [2m([22m[2m2 tests[22m[2m)[22m[32m 106[2mms[22m[39m
[90mstdout[2m | extensions/googlechat/src/channel.startup.test.ts
[22m[39m[MemoryStore] Initializing the Five-Tier Central Nervous System...
KnowledgeGraph connected to Neo4j successfully.

 [31m❯[39m extensions/googlechat/src/channel.startup.test.ts [2m([22m[2m0 test[22m[2m)[22m
[90mstdout[2m | extensions/bluebubbles/src/media-send.test.ts
[22m[39m[MemoryStore] Initializing the Five-Tier Central Nervous System...
KnowledgeGraph connected to Neo4j successfully.

 [31m❯[39m extensions/bluebubbles/src/media-send.test.ts [2m([22m[2m0 test[22m[2m)[22m
 [32m✓[39m src/agents/cli-runner.test.ts [2m([22m[2m5 tests[22m[2m)[22m[32m 108[2mms[22m[39m
[90mstdout[2m | src/infra/heartbeat-runner.ghost-reminder.test.ts
[22m[39m[MemoryStore] Initializing the Five-Tier Central Nervous System...
KnowledgeGraph connected to Neo4j successfully.

 [31m❯[39m src/infra/heartbeat-runner.ghost-reminder.test.ts [2m([22m[2m0 test[22m[2m)[22m
 [32m✓[39m src/cron/service.store.migration.test.ts [2m([22m[2m5 tests[22m[2m)[22m[32m 105[2mms[22m[39m
 [32m✓[39m extensions/twitch/src/onboarding.test.ts [2m([22m[2m15 tests[22m[2m)[22m[32m 32[2mms[22m[39m
 [32m✓[39m src/agents/skills/refresh.test.ts [2m([22m[2m1 test[22m[2m)[22m[32m 40[2mms[22m[39m
 [32m✓[39m src/infra/update-startup.test.ts [2m([22m[2m10 tests[22m[2m)[22m[32m 57[2mms[22m[39m
[90mstdout[2m | extensions/nostr/src/nostr-bus.fuzz.test.ts
[22m[39m[MemoryStore] Initializing the Five-Tier Central Nervous System...
KnowledgeGraph connected to Neo4j successfully.

 [31m❯[39m extensions/nostr/src/nostr-bus.fuzz.test.ts [2m([22m[2m0 test[22m[2m)[22m
 [32m✓[39m src/commands/doctor.migrates-routing-allowfrom-channels-whatsapp-allowfrom.test.ts [2m([22m[2m3 tests[22m[2m)[22m[32m 60[2mms[22m[39m
 [32m✓[39m src/cron/service.read-ops-nonblocking.test.ts [2m([22m[2m3 tests[22m[2m)[22m[32m 90[2mms[22m[39m
[90mstdout[2m | extensions/nostr/src/nostr-profile.test.ts
[22m[39m[MemoryStore] Initializing the Five-Tier Central Nervous System...
KnowledgeGraph connected to Neo4j successfully.

 [31m❯[39m extensions/nostr/src/nostr-profile.test.ts [2m([22m[2m0 test[22m[2m)[22m
 [32m✓[39m src/slack/monitor/monitor.test.ts [2m([22m[2m22 tests[22m[2m)[22m[32m 46[2mms[22m[39m
 [32m✓[39m src/agents/sandbox-create-args.test.ts [2m([22m[2m14 tests[22m[2m)[22m[32m 56[2mms[22m[39m
 [32m✓[39m src/agents/claude-cli-runner.test.ts [2m([22m[2m3 tests[22m[2m)[22m[32m 71[2mms[22m[39m
 [32m✓[39m src/commands/gateway-status.test.ts [2m([22m[2m7 tests[22m[2m)[22m[32m 100[2mms[22m[39m
 [32m✓[39m src/cli/memory-cli.test.ts [2m([22m[2m20 tests[22m[2m)[22m[32m 58[2mms[22m[39m
 [32m✓[39m src/media/server.test.ts [2m([22m[2m9 tests[22m[2m)[22m[32m 61[2mms[22m[39m
 [32m✓[39m src/config/plugins-runtime-boundary.test.ts [2m([22m[2m3 tests[22m[2m)[22m[32m 39[2mms[22m[39m
 [32m✓[39m src/browser/cdp.test.ts [2m([22m[2m10 tests[22m[2m)[22m[32m 44[2mms[22m[39m
 [32m✓[39m src/docker-setup.test.ts [2m([22m[2m8 tests[22m[2m)[22m[33m 778[2mms[22m[39m
 [32m✓[39m src/agents/skills.build-workspace-skills-prompt.applies-bundled-allowlist-without-affecting-workspace-skills.test.ts [2m([22m[2m1 test[22m[2m)[22m[32m 42[2mms[22m[39m
 [32m✓[39m src/commands/doctor.migrates-slack-discord-dm-policy-aliases.test.ts [2m([22m[2m1 test[22m[2m)[22m[32m 48[2mms[22m[39m
 [32m✓[39m src/agents/skills.buildworkspaceskillstatus.test.ts [2m([22m[2m4 tests[22m[2m)[22m[32m 32[2mms[22m[39m
 [32m✓[39m src/agents/auth-profiles/oauth.fallback-to-main-agent.test.ts [2m([22m[2m7 tests[22m[2m)[22m[32m 73[2mms[22m[39m
 [32m✓[39m src/memory/internal.test.ts [2m([22m[2m13 tests[22m[2m)[22m[32m 48[2mms[22m[39m
 [32m✓[39m src/browser/server.evaluate-disabled-does-not-block-storage.test.ts [2m([22m[2m1 test[22m[2m)[22m[32m 36[2mms[22m[39m
[90mstdout[2m | src/web/auto-reply/monitor/process-message.inbound-contract.test.ts
[22m[39m[MemoryStore] Initializing the Five-Tier Central Nervous System...
KnowledgeGraph connected to Neo4j successfully.

[90mstdout[2m | src/web/auto-reply/monitor/process-message.inbound-contract.test.ts
[22m[39mKnowledgeGraph Schema Initialized.

 [31m❯[39m src/web/auto-reply/monitor/process-message.inbound-contract.test.ts [2m([22m[2m0 test[22m[2m)[22m
 [32m✓[39m src/memory/manager.read-file.test.ts [2m([22m[2m4 tests[22m[2m)[22m[32m 49[2mms[22m[39m
[90mstdout[2m | src/auto-reply/reply/commands.test.ts
[22m[39m[MemoryStore] Initializing the Five-Tier Central Nervous System...
KnowledgeGraph connected to Neo4j successfully.

[90mstdout[2m | src/auto-reply/reply/commands.test.ts
[22m[39mKnowledgeGraph Schema Initialized.

 [31m❯[39m src/auto-reply/reply/commands.test.ts [2m([22m[2m0 test[22m[2m)[22m
[90mstdout[2m | src/agents/pi-tools.safe-bins.test.ts
[22m[39m[MemoryStore] Initializing the Five-Tier Central Nervous System...
KnowledgeGraph connected to Neo4j successfully.

[90mstdout[2m | src/agents/pi-tools.safe-bins.test.ts
[22m[39mKnowledgeGraph Schema Initialized.

 [31m❯[39m src/agents/pi-tools.safe-bins.test.ts [2m([22m[2m0 test[22m[2m)[22m
 [32m✓[39m src/commands/doctor-config-flow.include-warning.test.ts [2m([22m[2m1 test[22m[2m)[22m[32m 35[2mms[22m[39m
[90mstdout[2m | src/cron/isolated-agent.direct-delivery-forum-topics.test.ts
[22m[39m[MemoryStore] Initializing the Five-Tier Central Nervous System...
KnowledgeGraph connected to Neo4j successfully.

 [31m❯[39m src/cron/isolated-agent.direct-delivery-forum-topics.test.ts [2m([22m[2m0 test[22m[2m)[22m
[90mstdout[2m | extensions/voice-call/src/manager.test.ts
[22m[39m[MemoryStore] Initializing the Five-Tier Central Nervous System...
KnowledgeGraph connected to Neo4j successfully.

 [31m❯[39m extensions/voice-call/src/manager.test.ts [2m([22m[2m0 test[22m[2m)[22m
 [32m✓[39m src/agents/models-config.fills-missing-provider-apikey-from-env-var.test.ts [2m([22m[2m6 tests[22m[2m)[22m[32m 80[2mms[22m[39m
 [32m✓[39m src/discord/monitor/message-handler.process.test.ts [2m([22m[2m19 tests[22m[2m)[22m[32m 54[2mms[22m[39m
[90mstdout[2m | src/cli/program/build-program.version-alias.test.ts
[22m[39m[MemoryStore] Initializing the Five-Tier Central Nervous System...
KnowledgeGraph connected to Neo4j successfully.

 [31m❯[39m src/cli/program/build-program.version-alias.test.ts [2m([22m[2m0 test[22m[2m)[22m
[90mstdout[2m | extensions/llm-task/src/llm-task-tool.test.ts
[22m[39m[MemoryStore] Initializing the Five-Tier Central Nervous System...
KnowledgeGraph connected to Neo4j successfully.

 [31m❯[39m extensions/llm-task/src/llm-task-tool.test.ts [2m([22m[2m0 test[22m[2m)[22m
 [32m✓[39m src/agents/skills.build-workspace-skills-prompt.syncs-merged-skills-into-target-workspace.test.ts [2m([22m[2m5 tests[22m[2m)[22m[33m 363[2mms[22m[39m
[90mstdout[2m | src/auto-reply/reply/abort.test.ts
[22m[39m[MemoryStore] Initializing the Five-Tier Central Nervous System...
KnowledgeGraph connected to Neo4j successfully.

 [31m❯[39m src/auto-reply/reply/abort.test.ts [2m([22m[2m0 test[22m[2m)[22m
 [31m❯[39m src/gateway/server.sessions-send.test.ts [2m([22m[2m0 test[22m[2m)[22m
 [32m✓[39m src/hooks/hooks-install.test.ts [2m([22m[2m1 test[22m[2m)[22m[32m 61[2mms[22m[39m
 [32m✓[39m src/security/audit.test.ts [2m([22m[2m79 tests[22m[2m)[22m[33m 480[2mms[22m[39m
 [32m✓[39m src/agents/skills-status.test.ts [2m([22m[2m1 test[22m[2m)[22m[32m 40[2mms[22m[39m
[90mstdout[2m | extensions/line/src/channel.startup.test.ts
[22m[39m[MemoryStore] Initializing the Five-Tier Central Nervous System...
KnowledgeGraph connected to Neo4j successfully.

 [31m❯[39m extensions/line/src/channel.startup.test.ts [2m([22m[2m0 test[22m[2m)[22m
[90mstdout[2m | extensions/nostr/src/nostr-bus.test.ts
[22m[39m[MemoryStore] Initializing the Five-Tier Central Nervous System...
KnowledgeGraph connected to Neo4j successfully.

 [31m❯[39m extensions/nostr/src/nostr-bus.test.ts [2m([22m[2m0 test[22m[2m)[22m
 [32m✓[39m src/cron/service.runs-one-shot-main-job-disables-it.test.ts [2m([22m[2m14 tests[22m[2m)[22m[32m 43[2mms[22m[39m
 [32m✓[39m src/infra/session-cost-usage.test.ts [2m([22m[2m9 tests[22m[2m)[22m[32m 46[2mms[22m[39m
 [32m✓[39m extensions/google-gemini-cli-auth/oauth.test.ts [2m([22m[2m8 tests[22m[2m)[22m[32m 22[2mms[22m[39m
 [32m✓[39m src/media/input-files.fetch-guard.test.ts [2m([22m[2m5 tests[22m[2m)[22m[32m 12[2mms[22m[39m
[90mstdout[2m | src/signal/monitor/event-handler.inbound-contract.test.ts
[22m[39m[MemoryStore] Initializing the Five-Tier Central Nervous System...
KnowledgeGraph connected to Neo4j successfully.

[90mstdout[2m | src/signal/monitor/event-handler.inbound-contract.test.ts
[22m[39mKnowledgeGraph Schema Initialized.

 [31m❯[39m src/signal/monitor/event-handler.inbound-contract.test.ts [2m([22m[2m0 test[22m[2m)[22m
 [32m✓[39m src/cron/service.restart-catchup.test.ts [2m([22m[2m2 tests[22m[2m)[22m[32m 46[2mms[22m[39m
[90mstdout[2m | src/infra/heartbeat-runner.model-override.test.ts
[22m[39m[MemoryStore] Initializing the Five-Tier Central Nervous System...
KnowledgeGraph connected to Neo4j successfully.

 [31m❯[39m src/infra/heartbeat-runner.model-override.test.ts [2m([22m[2m0 test[22m[2m)[22m
 [32m✓[39m src/agents/bash-tools.exec.pty-cleanup.test.ts [2m([22m[2m2 tests[22m[2m)[22m[32m 36[2mms[22m[39m
 [32m✓[39m src/cli/nodes-camera.test.ts [2m([22m[2m15 tests[22m[2m)[22m[32m 21[2mms[22m[39m
 [32m✓[39m src/line/bot-handlers.test.ts [2m([22m[2m5 tests[22m[2m)[22m[32m 37[2mms[22m[39m
 [32m✓[39m src/config/schema.test.ts [2m([22m[2m5 tests[22m[2m)[22m[33m 337[2mms[22m[39m
     [33m[2m✓[22m[39m exports schema + hints [33m 316[2mms[22m[39m
 [32m✓[39m src/gateway/client.watchdog.test.ts [2m([22m[2m2 tests[22m[2m)[22m[32m 284[2mms[22m[39m
 [32m✓[39m src/wizard/onboarding.test.ts [2m([22m[2m5 tests[22m[2m)[22m[32m 55[2mms[22m[39m
 [32m✓[39m src/config/schema.tags.test.ts [2m([22m[2m4 tests[22m[2m)[22m[33m 333[2mms[22m[39m
     [33m[2m✓[22m[39m covers core/built-in config paths with tags [33m 328[2mms[22m[39m
[90mstdout[2m | src/auto-reply/reply.heartbeat-typing.test.ts
[22m[39m[MemoryStore] Initializing the Five-Tier Central Nervous System...
KnowledgeGraph connected to Neo4j successfully.

 [31m❯[39m src/auto-reply/reply.heartbeat-typing.test.ts [2m([22m[2m0 test[22m[2m)[22m
 [31m❯[39m src/agents/pi-tools.create-ernos-coding-tools.adds-claude-style-aliases-schemas-without-dropping.test.ts [2m([22m[2m0 test[22m[2m)[22m
 [32m✓[39m src/web/outbound.test.ts [2m([22m[2m10 tests[22m[2m)[22m[32m 33[2mms[22m[39m
[90mstdout[2m | src/gateway/openresponses-http.test.ts
[22m[39m[MemoryStore] Initializing the Five-Tier Central Nervous System...
KnowledgeGraph connected to Neo4j successfully.

 [31m❯[39m src/gateway/openresponses-http.test.ts [2m([22m[2m5 tests[22m[2m | [22m[33m5 skipped[39m[2m)[22m[33m 1456[2mms[22m[39m
     [2m[90m↓[39m[22m rejects when disabled (default + config)
     [2m[90m↓[39m[22m handles OpenResponses request parsing and validation
     [2m[90m↓[39m[22m streams OpenResponses SSE events
     [2m[90m↓[39m[22m blocks unsafe URL-based file/image inputs
     [2m[90m↓[39m[22m enforces URL allowlist and URL part cap for responses inputs
[90mstdout[2m | src/web/auto-reply.broadcast-groups.skips-unknown-broadcast-agent-ids-agents-list.test.ts
[22m[39m[MemoryStore] Initializing the Five-Tier Central Nervous System...
KnowledgeGraph connected to Neo4j successfully.

 [31m❯[39m src/web/auto-reply.broadcast-groups.skips-unknown-broadcast-agent-ids-agents-list.test.ts [2m([22m[2m0 test[22m[2m)[22m
[90mstdout[2m | src/web/auto-reply.typing-controller-idle.test.ts
[22m[39m[MemoryStore] Initializing the Five-Tier Central Nervous System...
KnowledgeGraph connected to Neo4j successfully.

 [31m❯[39m src/web/auto-reply.typing-controller-idle.test.ts [2m([22m[2m0 test[22m[2m)[22m
 [32m✓[39m src/cron/service.delivery-plan.test.ts [2m([22m[2m3 tests[22m[2m)[22m[32m 93[2mms[22m[39m
[90mstdout[2m | src/gateway/server.auth.browser-hardening.test.ts
[22m[39m[MemoryStore] Initializing the Five-Tier Central Nervous System...
KnowledgeGraph connected to Neo4j successfully.

 [31m❯[39m src/gateway/server.auth.browser-hardening.test.ts [2m([22m[2m3 tests[22m[2m | [22m[33m3 skipped[39m[2m)[22m[33m 1443[2mms[22m[39m
     [2m[90m↓[39m[22m rejects non-local browser origins for non-control-ui clients
     [2m[90m↓[39m[22m rate-limits browser-origin auth failures on loopback even when loopback exemption is enabled
     [2m[90m↓[39m[22m does not silently auto-pair non-control-ui browser clients on loopback
[90mstdout[2m | src/gateway/openai-http.test.ts
[22m[39m[MemoryStore] Initializing the Five-Tier Central Nervous System...
KnowledgeGraph connected to Neo4j successfully.

 [31m❯[39m src/gateway/openai-http.test.ts [2m([22m[2m4 tests[22m[2m | [22m[33m4 skipped[39m[2m)[22m[33m 1432[2mms[22m[39m
     [2m[90m↓[39m[22m rejects when disabled (default + config)
     [2m[90m↓[39m[22m handles request validation and routing
     [2m[90m↓[39m[22m returns 429 for repeated failed auth when gateway.auth.rateLimit is configured
     [2m[90m↓[39m[22m streams SSE chunks when stream=true
 [32m✓[39m src/cli/gateway-cli/run.option-collisions.test.ts [2m([22m[2m5 tests[22m[2m)[22m[32m 133[2mms[22m[39m
 [32m✓[39m src/auto-reply/reply/route-reply.test.ts [2m([22m[2m17 tests[22m[2m)[22m[32m 47[2mms[22m[39m
 [32m✓[39m src/gateway/openresponses-parity.test.ts [2m([22m[2m14 tests[22m[2m)[22m[32m 119[2mms[22m[39m
 [32m✓[39m src/node-host/invoke-system-run.test.ts [2m([22m[2m15 tests[22m[2m)[22m[32m 35[2mms[22m[39m
 [32m✓[39m src/browser/bridge-server.auth.test.ts [2m([22m[2m3 tests[22m[2m)[22m[32m 28[2mms[22m[39m
 [32m✓[39m src/commands/onboard-auth.test.ts [2m([22m[2m31 tests[22m[2m)[22m[32m 50[2mms[22m[39m
 [32m✓[39m src/memory/manager.sync-errors-do-not-crash.test.ts [2m([22m[2m1 test[22m[2m)[22m[32m 44[2mms[22m[39m
[90mstdout[2m | extensions/voice-call/src/webhook.test.ts
[22m[39m[MemoryStore] Initializing the Five-Tier Central Nervous System...
KnowledgeGraph connected to Neo4j successfully.

 [31m❯[39m extensions/voice-call/src/webhook.test.ts [2m([22m[2m0 test[22m[2m)[22m
[90mstdout[2m | src/gateway/server.agent.gateway-server-agent-b.test.ts
[22m[39m[MemoryStore] Initializing the Five-Tier Central Nervous System...
KnowledgeGraph connected to Neo4j successfully.

 [31m❯[39m src/gateway/server.agent.gateway-server-agent-b.test.ts [2m([22m[2m0 test[22m[2m)[22m
 [32m✓[39m src/plugins/discovery.test.ts [2m([22m[2m11 tests[22m[2m)[22m[32m 54[2mms[22m[39m
[90mstdout[2m | src/signal/monitor.tool-result.sends-tool-summaries-responseprefix.test.ts
[22m[39m[MemoryStore] Initializing the Five-Tier Central Nervous System...
KnowledgeGraph connected to Neo4j successfully.

[90mstdout[2m | src/signal/monitor.tool-result.sends-tool-summaries-responseprefix.test.ts
[22m[39mKnowledgeGraph Schema Initialized.

 [31m❯[39m src/signal/monitor.tool-result.sends-tool-summaries-responseprefix.test.ts [2m([22m[2m0 test[22m[2m)[22m
[90mstdout[2m | extensions/nextcloud-talk/src/replay-guard.test.ts
[22m[39m[MemoryStore] Initializing the Five-Tier Central Nervous System...
KnowledgeGraph connected to Neo4j successfully.

 [31m❯[39m extensions/nextcloud-talk/src/replay-guard.test.ts [2m([22m[2m0 test[22m[2m)[22m
 [32m✓[39m src/discord/send.creates-thread.test.ts [2m([22m[2m22 tests[22m[2m)[22m[32m 42[2mms[22m[39m
[90mstdout[2m | src/gateway/gateway.test.ts
[22m[39m[MemoryStore] Initializing the Five-Tier Central Nervous System...
KnowledgeGraph connected to Neo4j successfully.

[90mstdout[2m | src/gateway/gateway.test.ts
[22m[39mKnowledgeGraph Schema Initialized.

 [31m❯[39m src/gateway/gateway.test.ts [2m([22m[2m0 test[22m[2m)[22m
[90mstdout[2m | extensions/nostr/src/types.test.ts
[22m[39m[MemoryStore] Initializing the Five-Tier Central Nervous System...
KnowledgeGraph connected to Neo4j successfully.

 [31m❯[39m extensions/nostr/src/types.test.ts [2m([22m[2m0 test[22m[2m)[22m
 [32m✓[39m src/commands/onboard-non-interactive.gateway.test.ts [2m([22m[2m3 tests[22m[2m)[22m[32m 42[2mms[22m[39m
[90mstdout[2m | src/agents/pi-tools.create-ernos-coding-tools.adds-claude-style-aliases-schemas-without-dropping-d.test.ts
[22m[39m[MemoryStore] Initializing the Five-Tier Central Nervous System...
KnowledgeGraph connected to Neo4j successfully.

[90mstdout[2m | src/agents/pi-tools.create-ernos-coding-tools.adds-claude-style-aliases-schemas-without-dropping-d.test.ts
[22m[39mKnowledgeGraph Schema Initialized.

 [31m❯[39m src/agents/pi-tools.create-ernos-coding-tools.adds-claude-style-aliases-schemas-without-dropping-d.test.ts [2m([22m[2m0 test[22m[2m)[22m
[90mstdout[2m | extensions/msteams/src/conversation-store-fs.test.ts
[22m[39m[MemoryStore] Initializing the Five-Tier Central Nervous System...
KnowledgeGraph connected to Neo4j successfully.

 [31m❯[39m extensions/msteams/src/conversation-store-fs.test.ts [2m([22m[2m0 test[22m[2m)[22m
[90mstdout[2m | src/auto-reply/reply.raw-body.test.ts
[22m[39m[MemoryStore] Initializing the Five-Tier Central Nervous System...
KnowledgeGraph connected to Neo4j successfully.

 [31m❯[39m src/auto-reply/reply.raw-body.test.ts [2m([22m[2m0 test[22m[2m)[22m
 [32m✓[39m src/config/env-preserve-io.test.ts [2m([22m[2m4 tests[22m[2m)[22m[32m 79[2mms[22m[39m
 [32m✓[39m src/config/config.pruning-defaults.test.ts [2m([22m[2m6 tests[22m[2m)[22m[32m 73[2mms[22m[39m
[90mstdout[2m | src/slack/monitor.threading.missing-thread-ts.test.ts
[22m[39m[MemoryStore] Initializing the Five-Tier Central Nervous System...
KnowledgeGraph connected to Neo4j successfully.

 [31m❯[39m src/slack/monitor.threading.missing-thread-ts.test.ts [2m([22m[2m0 test[22m[2m)[22m
 [32m✓[39m src/gateway/call.test.ts [2m([22m[2m29 tests[22m[2m)[22m[32m 82[2mms[22m[39m
 [32m✓[39m src/config/config.identity-defaults.test.ts [2m([22m[2m6 tests[22m[2m)[22m[32m 40[2mms[22m[39m
 [32m✓[39m src/cron/run-log.test.ts [2m([22m[2m8 tests[22m[2m)[22m[32m 51[2mms[22m[39m
 [32m✓[39m src/discord/send.sends-basic-channel-messages.test.ts [2m([22m[2m27 tests[22m[2m)[22m[32m 31[2mms[22m[39m
 [32m✓[39m src/agents/bash-tools.exec.background-abort.test.ts [2m([22m[2m5 tests[22m[2m)[22m[33m 352[2mms[22m[39m
 [32m✓[39m src/cli/program/register.agent.test.ts [2m([22m[2m13 tests[22m[2m)[22m[32m 40[2mms[22m[39m
 [32m✓[39m src/cli/program/register.status-health-sessions.test.ts [2m([22m[2m9 tests[22m[2m)[22m[32m 37[2mms[22m[39m
 [32m✓[39m src/gateway/control-ui.http.test.ts [2m([22m[2m12 tests[22m[2m)[22m[32m 69[2mms[22m[39m
 [32m✓[39m src/agents/system-prompt-params.test.ts [2m([22m[2m5 tests[22m[2m)[22m[32m 52[2mms[22m[39m
 [32m✓[39m src/cron/service.store-migration.test.ts [2m([22m[2m2 tests[22m[2m)[22m[32m 58[2mms[22m[39m
 [32m✓[39m src/discord/resolve-users.test.ts [2m([22m[2m9 tests[22m[2m)[22m[32m 6[2mms[22m[39m
 [32m✓[39m src/config/config.legacy-config-detection.rejects-routing-allowfrom.test.ts [2m([22m[2m25 tests[22m[2m)[22m[32m 30[2mms[22m[39m
[90mstdout[2m | src/infra/heartbeat-runner.sender-prefers-delivery-target.test.ts
[22m[39m[MemoryStore] Initializing the Five-Tier Central Nervous System...
KnowledgeGraph connected to Neo4j successfully.

 [31m❯[39m src/infra/heartbeat-runner.sender-prefers-delivery-target.test.ts [2m([22m[2m0 test[22m[2m)[22m
[90mstdout[2m | src/cron/isolated-agent.auth-profile-propagation.test.ts
[22m[39m[MemoryStore] Initializing the Five-Tier Central Nervous System...
KnowledgeGraph connected to Neo4j successfully.

 [31m❯[39m src/cron/isolated-agent.auth-profile-propagation.test.ts [2m([22m[2m0 test[22m[2m)[22m
 [32m✓[39m src/cli/program/register.maintenance.test.ts [2m([22m[2m7 tests[22m[2m)[22m[32m 42[2mms[22m[39m
[90mstdout[2m | src/commands/status.test.ts
[22m[39m[MemoryStore] Initializing the Five-Tier Central Nervous System...
KnowledgeGraph connected to Neo4j successfully.

 [31m❯[39m src/commands/status.test.ts [2m([22m[2m0 test[22m[2m)[22m
 [32m✓[39m src/browser/paths.test.ts [2m([22m[2m15 tests[22m[2m)[22m[32m 56[2mms[22m[39m
 [32m✓[39m src/gateway/tools-invoke-http.test.ts [2m([22m[2m12 tests[22m[2m)[22m[32m 59[2mms[22m[39m
 [32m✓[39m src/web/monitor-inbox.streams-inbound-messages.test.ts [2m([22m[2m8 tests[22m[2m)[22m[32m 29[2mms[22m[39m
 [32m✓[39m src/process/supervisor/supervisor.test.ts [2m([22m[2m5 tests[22m[2m)[22m[33m 343[2mms[22m[39m
 [32m✓[39m src/discord/resolve-channels.test.ts [2m([22m[2m4 tests[22m[2m)[22m[32m 5[2mms[22m[39m
 [32m✓[39m src/gateway/boot.test.ts [2m([22m[2m11 tests[22m[2m)[22m[32m 126[2mms[22m[39m
 [32m✓[39m src/agents/model-fallback.test.ts [2m([22m[2m43 tests[22m[2m)[22m[32m 39[2mms[22m[39m
 [32m✓[39m src/memory/manager.vector-dedupe.test.ts [2m([22m[2m1 test[22m[2m)[22m[32m 31[2mms[22m[39m
 [32m✓[39m src/security/skill-scanner.test.ts [2m([22m[2m25 tests[22m[2m)[22m[32m 61[2mms[22m[39m
 [32m✓[39m src/gateway/channel-health-monitor.test.ts [2m([22m[2m16 tests[22m[2m)[22m[32m 57[2mms[22m[39m
 [32m✓[39m src/commands/signal-install.test.ts [2m([22m[2m18 tests[22m[2m)[22m[32m 64[2mms[22m[39m
 [32m✓[39m src/cron/session-reaper.test.ts [2m([22m[2m16 tests[22m[2m)[22m[32m 62[2mms[22m[39m
 [32m✓[39m src/discord/api.test.ts [2m([22m[2m3 tests[22m[2m)[22m[32m 8[2mms[22m[39m
 [32m✓[39m src/infra/run-node.test.ts [2m([22m[2m1 test[22m[2m)[22m[32m 59[2mms[22m[39m
 [32m✓[39m src/cron/service.skips-main-jobs-empty-systemevent-text.test.ts [2m([22m[2m3 tests[22m[2m)[22m[32m 107[2mms[22m[39m
[90mstdout[2m | extensions/msteams/src/polls.test.ts
[22m[39m[MemoryStore] Initializing the Five-Tier Central Nervous System...
KnowledgeGraph connected to Neo4j successfully.

 [31m❯[39m extensions/msteams/src/polls.test.ts [2m([22m[2m0 test[22m[2m)[22m
 [32m✓[39m src/plugin-sdk/fetch-auth.test.ts [2m([22m[2m5 tests[22m[2m)[22m[32m 5[2mms[22m[39m
 [32m✓[39m src/signal/client.test.ts [2m([22m[2m3 tests[22m[2m)[22m[32m 4[2mms[22m[39m
 [32m✓[39m src/agents/minimax-vlm.normalizes-api-key.test.ts [2m([22m[2m1 test[22m[2m)[22m[32m 5[2mms[22m[39m
 [32m✓[39m src/agents/subagent-registry.steer-restart.test.ts [2m([22m[2m10 tests[22m[2m)[22m[32m 33[2mms[22m[39m
[90mstdout[2m | src/web/auto-reply.web-auto-reply.monitor-logging.test.ts
[22m[39m[MemoryStore] Initializing the Five-Tier Central Nervous System...
KnowledgeGraph connected to Neo4j successfully.

 [31m❯[39m src/web/auto-reply.web-auto-reply.monitor-logging.test.ts [2m([22m[2m0 test[22m[2m)[22m
 [32m✓[39m extensions/nostr/src/nostr-state-store.test.ts [2m([22m[2m7 tests[22m[2m)[22m[32m 17[2mms[22m[39m
[90mstdout[2m | extensions/nextcloud-talk/src/monitor.backend.test.ts
[22m[39m[MemoryStore] Initializing the Five-Tier Central Nervous System...
KnowledgeGraph connected to Neo4j successfully.

 [31m❯[39m extensions/nextcloud-talk/src/monitor.backend.test.ts [2m([22m[2m0 test[22m[2m)[22m
 [32m✓[39m src/agents/sandbox-paths.test.ts [2m([22m[2m20 tests[22m[2m)[22m[32m 47[2mms[22m[39m
 [32m✓[39m src/infra/fs-safe.test.ts [2m([22m[2m11 tests[22m[2m)[22m[32m 49[2mms[22m[39m
 [32m✓[39m src/cron/service.prevents-duplicate-timers.test.ts [2m([22m[2m1 test[22m[2m)[22m[32m 48[2mms[22m[39m
 [32m✓[39m extensions/tlon/src/urbit/send.test.ts [2m([22m[2m1 test[22m[2m)[22m[32m 10[2mms[22m[39m
[90mstdout[2m | extensions/feishu/src/media.test.ts
[22m[39m[MemoryStore] Initializing the Five-Tier Central Nervous System...
KnowledgeGraph connected to Neo4j successfully.

 [31m❯[39m extensions/feishu/src/media.test.ts [2m([22m[2m0 test[22m[2m)[22m
 [32m✓[39m src/daemon/service-audit.test.ts [2m([22m[2m11 tests[22m[2m)[22m[32m 30[2mms[22m[39m
 [32m✓[39m extensions/msteams/src/file-consent-helpers.test.ts [2m([22m[2m16 tests[22m[2m)[22m[32m 5[2mms[22m[39m
 [31m❯[39m src/agents/ernos-tools.session-status.test.ts [2m([22m[2m0 test[22m[2m)[22m
 [32m✓[39m src/cli/program.smoke.test.ts [2m([22m[2m5 tests[22m[2m)[22m[33m 340[2mms[22m[39m
 [32m✓[39m src/telegram/audit.test.ts [2m([22m[2m3 tests[22m[2m)[22m[32m 6[2mms[22m[39m
[90mstdout[2m | src/auto-reply/reply.media-note.test.ts
[22m[39m[MemoryStore] Initializing the Five-Tier Central Nervous System...
KnowledgeGraph connected to Neo4j successfully.

 [31m❯[39m src/auto-reply/reply.media-note.test.ts [2m([22m[2m0 test[22m[2m)[22m
 [32m✓[39m src/cli/program/register.onboard.test.ts [2m([22m[2m6 tests[22m[2m)[22m[32m 34[2mms[22m[39m
 [32m✓[39m src/memory/post-json.test.ts [2m([22m[2m2 tests[22m[2m)[22m[32m 4[2mms[22m[39m
[90mstdout[2m | src/telegram/bot.create-telegram-bot.test.ts
[22m[39m[MemoryStore] Initializing the Five-Tier Central Nervous System...
KnowledgeGraph connected to Neo4j successfully.

 [31m❯[39m src/telegram/bot.create-telegram-bot.test.ts [2m([22m[2m0 test[22m[2m)[22m
 [32m✓[39m src/commands/onboard-auth.credentials.test.ts [2m([22m[2m8 tests[22m[2m)[22m[32m 43[2mms[22m[39m
 [32m✓[39m src/logging/log-file-size-cap.test.ts [2m([22m[2m3 tests[22m[2m)[22m[32m 22[2mms[22m[39m
[90mstdout[2m | extensions/msteams/src/messenger.test.ts
[22m[39m[MemoryStore] Initializing the Five-Tier Central Nervous System...
KnowledgeGraph connected to Neo4j successfully.

 [31m❯[39m extensions/msteams/src/messenger.test.ts [2m([22m[2m0 test[22m[2m)[22m
[90mstdout[2m | src/web/auto-reply.web-auto-reply.last-route.test.ts
[22m[39m[MemoryStore] Initializing the Five-Tier Central Nervous System...
KnowledgeGraph connected to Neo4j successfully.

 [31m❯[39m src/web/auto-reply.web-auto-reply.last-route.test.ts [2m([22m[2m0 test[22m[2m)[22m
 [32m✓[39m src/web/monitor-inbox.captures-media-path-image-messages.test.ts [2m([22m[2m8 tests[22m[2m)[22m[32m 22[2mms[22m[39m
 [32m✓[39m src/discord/monitor/provider.rest-proxy.test.ts [2m([22m[2m2 tests[22m[2m)[22m[32m 4[2mms[22m[39m
 [32m✓[39m src/commands/auth-choice.apply.huggingface.test.ts [2m([22m[2m5 tests[22m[2m)[22m[32m 28[2mms[22m[39m
 [32m✓[39m src/cli/devices-cli.test.ts [2m([22m[2m13 tests[22m[2m)[22m[32m 32[2mms[22m[39m
[90mstdout[2m | src/gateway/server.roles-allowlist-update.test.ts
[22m[39m[MemoryStore] Initializing the Five-Tier Central Nervous System...
KnowledgeGraph connected to Neo4j successfully.

[90mstdout[2m | src/gateway/server.roles-allowlist-update.test.ts
[22m[39mKnowledgeGraph Schema Initialized.

 [31m❯[39m src/gateway/server.roles-allowlist-update.test.ts [2m([22m[2m0 test[22m[2m)[22m
 [32m✓[39m src/web/monitor-inbox.blocks-messages-from-unauthorized-senders-not-allowfrom.test.ts [2m([22m[2m9 tests[22m[2m)[22m[32m 27[2mms[22m[39m
[90mstdout[2m | src/web/auto-reply/web-auto-reply-monitor.test.ts
[22m[39m[MemoryStore] Initializing the Five-Tier Central Nervous System...
KnowledgeGraph connected to Neo4j successfully.

[90mstdout[2m | src/web/auto-reply/web-auto-reply-monitor.test.ts
[22m[39mKnowledgeGraph Schema Initialized.

 [31m❯[39m src/web/auto-reply/web-auto-reply-monitor.test.ts [2m([22m[2m0 test[22m[2m)[22m
 [32m✓[39m src/agents/bash-tools.exec.pty-fallback-failure.test.ts [2m([22m[2m1 test[22m[2m)[22m[32m 26[2mms[22m[39m
 [32m✓[39m test/git-hooks-pre-commit.test.ts [2m([22m[2m1 test[22m[2m)[22m[32m 287[2mms[22m[39m
 [32m✓[39m src/memory/manager.mistral-provider.test.ts [2m([22m[2m2 tests[22m[2m)[22m[32m 24[2mms[22m[39m
 [32m✓[39m src/agents/cli-credentials.test.ts [2m([22m[2m7 tests[22m[2m)[22m[32m 17[2mms[22m[39m
 [32m✓[39m src/agents/model-catalog.test.ts [2m([22m[2m6 tests[22m[2m)[22m[32m 24[2mms[22m[39m
[90mstdout[2m | src/auto-reply/inbound.test.ts
[22m[39m[MemoryStore] Initializing the Five-Tier Central Nervous System...
KnowledgeGraph connected to Neo4j successfully.

 [31m❯[39m src/auto-reply/inbound.test.ts [2m([22m[2m0 test[22m[2m)[22m
 [32m✓[39m src/gateway/session-utils.fs.test.ts [2m([22m[2m34 tests[22m[2m)[22m[32m 41[2mms[22m[39m
 [32m✓[39m src/infra/fetch.test.ts [2m([22m[2m9 tests[22m[2m)[22m[32m 6[2mms[22m[39m
[90mstdout[2m | src/gateway/server.canvas-auth.test.ts
[22m[39m[MemoryStore] Initializing the Five-Tier Central Nervous System...
KnowledgeGraph connected to Neo4j successfully.

[90mstdout[2m | src/gateway/server.canvas-auth.test.ts
[22m[39mKnowledgeGraph Schema Initialized.

 [31m❯[39m src/gateway/server.canvas-auth.test.ts [2m([22m[2m0 test[22m[2m)[22m
 [32m✓[39m src/browser/extension-relay-auth.test.ts [2m([22m[2m5 tests[22m[2m)[22m[32m 10[2mms[22m[39m
 [32m✓[39m src/commands/chutes-oauth.test.ts [2m([22m[2m4 tests[22m[2m)[22m[32m 7[2mms[22m[39m
 [32m✓[39m src/agents/pi-embedded-subscribe.subscribe-embedded-pi-session.subscribeembeddedpisession.test.ts [2m([22m[2m20 tests[22m[2m)[22m[32m 30[2mms[22m[39m
[90mstdout[2m | src/gateway/server-cron.test.ts
[22m[39m[MemoryStore] Initializing the Five-Tier Central Nervous System...
KnowledgeGraph connected to Neo4j successfully.

[90mstdout[2m | src/gateway/server-cron.test.ts
[22m[39mKnowledgeGraph Schema Initialized.

 [31m❯[39m src/gateway/server-cron.test.ts [2m([22m[2m0 test[22m[2m)[22m
 [32m✓[39m src/discord/pluralkit.test.ts [2m([22m[2m3 tests[22m[2m)[22m[32m 3[2mms[22m[39m
[90mstdout[2m | src/infra/heartbeat-runner.transcript-prune.test.ts
[22m[39m[MemoryStore] Initializing the Five-Tier Central Nervous System...
KnowledgeGraph connected to Neo4j successfully.

 [31m❯[39m src/infra/heartbeat-runner.transcript-prune.test.ts [2m([22m[2m0 test[22m[2m)[22m
 [32m✓[39m src/config/sessions/store.session-key-normalization.test.ts [2m([22m[2m3 tests[22m[2m)[22m[32m 33[2mms[22m[39m
 [32m✓[39m src/agents/tools/web-fetch.cf-markdown.test.ts [2m([22m[2m6 tests[22m[2m)[22m[32m 21[2mms[22m[39m
 [32m✓[39m src/gateway/tools-invoke-http.cron-regression.test.ts [2m([22m[2m3 tests[22m[2m)[22m[32m 33[2mms[22m[39m
 [32m✓[39m src/gateway/server-channels.test.ts [2m([22m[2m3 tests[22m[2m)[22m[32m 25[2mms[22m[39m
 [32m✓[39m src/gateway/hooks-mapping.test.ts [2m([22m[2m21 tests[22m[2m)[22m[32m 41[2mms[22m[39m
 [32m✓[39m src/auto-reply/status.test.ts [2m([22m[2m25 tests[22m[2m)[22m[32m 59[2mms[22m[39m
[90mstdout[2m | src/gateway/server.plugin-http-auth.test.ts
[22m[39m[MemoryStore] Initializing the Five-Tier Central Nervous System...
KnowledgeGraph connected to Neo4j successfully.

[90mstdout[2m | src/gateway/server.plugin-http-auth.test.ts
[22m[39mKnowledgeGraph Schema Initialized.

 [31m❯[39m src/gateway/server.plugin-http-auth.test.ts [2m([22m[2m0 test[22m[2m)[22m
 [32m✓[39m src/infra/net/fetch-guard.ssrf.test.ts [2m([22m[2m8 tests[22m[2m)[22m[32m 17[2mms[22m[39m
 [32m✓[39m src/config/sessions.cache.test.ts [2m([22m[2m8 tests[22m[2m)[22m[32m 64[2mms[22m[39m
 [32m✓[39m src/web/logout.test.ts [2m([22m[2m4 tests[22m[2m)[22m[32m 27[2mms[22m[39m
 [32m✓[39m src/web/inbound.media.test.ts [2m([22m[2m2 tests[22m[2m)[22m[32m 28[2mms[22m[39m
[90mstdout[2m | extensions/msteams/src/polls-store.test.ts
[22m[39m[MemoryStore] Initializing the Five-Tier Central Nervous System...
KnowledgeGraph connected to Neo4j successfully.

 [31m❯[39m extensions/msteams/src/polls-store.test.ts [2m([22m[2m0 test[22m[2m)[22m
[90mstdout[2m | src/telegram/bot-message-context.dm-threads.test.ts
[22m[39m[MemoryStore] Initializing the Five-Tier Central Nervous System...
KnowledgeGraph connected to Neo4j successfully.

[90mstdout[2m | src/telegram/bot-message-context.dm-threads.test.ts
[22m[39mKnowledgeGraph Schema Initialized.

 [31m❯[39m src/telegram/bot-message-context.dm-threads.test.ts [2m([22m[2m0 test[22m[2m)[22m
 [32m✓[39m src/hooks/workspace.test.ts [2m([22m[2m5 tests[22m[2m)[22m[32m 20[2mms[22m[39m
 [32m✓[39m extensions/twitch/src/outbound.test.ts [2m([22m[2m22 tests[22m[2m)[22m[32m 7[2mms[22m[39m
 [32m✓[39m src/gateway/client.test.ts [2m([22m[2m12 tests[22m[2m)[22m[32m 20[2mms[22m[39m
 [32m✓[39m src/agents/chutes-oauth.flow.test.ts [2m([22m[2m3 tests[22m[2m)[22m[32m 4[2mms[22m[39m
 [32m✓[39m src/cli/models-cli.test.ts [2m([22m[2m4 tests[22m[2m)[22m[32m 33[2mms[22m[39m
[90mstdout[2m | extensions/diagnostics-otel/src/service.test.ts
[22m[39m[MemoryStore] Initializing the Five-Tier Central Nervous System...
KnowledgeGraph connected to Neo4j successfully.

 [31m❯[39m extensions/diagnostics-otel/src/service.test.ts [2m([22m[2m0 test[22m[2m)[22m
 [32m✓[39m extensions/bluebubbles/src/chat.test.ts [2m([22m[2m37 tests[22m[2m)[22m[32m 12[2mms[22m[39m
[90mstdout[2m | extensions/slack/src/channel.test.ts
[22m[39m[MemoryStore] Initializing the Five-Tier Central Nervous System...
KnowledgeGraph connected to Neo4j successfully.

 [31m❯[39m extensions/slack/src/channel.test.ts [2m([22m[2m0 test[22m[2m)[22m
 [32m✓[39m src/web/monitor-inbox.allows-messages-from-senders-allowfrom-list.test.ts [2m([22m[2m7 tests[22m[2m)[22m[32m 22[2mms[22m[39m
 [32m✓[39m src/discord/monitor/monitor.test.ts [2m([22m[2m37 tests[22m[2m)[22m[32m 21[2mms[22m[39m
 [32m✓[39m src/cli/browser-cli-extension.test.ts [2m([22m[2m4 tests[22m[2m)[22m[32m 29[2mms[22m[39m
 [32m✓[39m src/memory/search-manager.test.ts [2m([22m[2m6 tests[22m[2m)[22m[32m 14[2mms[22m[39m
[90mstdout[2m | extensions/voice-call/src/manager/events.test.ts
[22m[39m[MemoryStore] Initializing the Five-Tier Central Nervous System...
KnowledgeGraph connected to Neo4j successfully.

 [31m❯[39m extensions/voice-call/src/manager/events.test.ts [2m([22m[2m0 test[22m[2m)[22m
 [32m✓[39m src/gateway/server-methods/agents-mutate.test.ts [2m([22m[2m25 tests[22m[2m)[22m[32m 15[2mms[22m[39m
 [32m✓[39m src/web/auto-reply/web-auto-reply-utils.test.ts [2m([22m[2m25 tests[22m[2m)[22m[32m 22[2mms[22m[39m
 [32m✓[39m src/web/auto-reply/deliver-reply.test.ts [2m([22m[2m12 tests[22m[2m)[22m[32m 21[2mms[22m[39m
[90mstdout[2m | src/discord/monitor.tool-result.sends-status-replies-responseprefix.test.ts
[22m[39m[MemoryStore] Initializing the Five-Tier Central Nervous System...
KnowledgeGraph connected to Neo4j successfully.

[90mstdout[2m | src/discord/monitor.tool-result.sends-status-replies-responseprefix.test.ts
[22m[39mKnowledgeGraph Schema Initialized.

 [31m❯[39m src/discord/monitor.tool-result.sends-status-replies-responseprefix.test.ts [2m([22m[2m0 test[22m[2m)[22m
[90mstdout[2m | src/infra/heartbeat-runner.scheduler.test.ts
[22m[39m[MemoryStore] Initializing the Five-Tier Central Nervous System...
KnowledgeGraph connected to Neo4j successfully.

 [31m❯[39m src/infra/heartbeat-runner.scheduler.test.ts [2m([22m[2m0 test[22m[2m)[22m
[90mstdout[2m | src/agents/pi-tools.sandbox-mounted-paths.workspace-only.test.ts
[22m[39m[MemoryStore] Initializing the Five-Tier Central Nervous System...
KnowledgeGraph connected to Neo4j successfully.

[90mstdout[2m | src/agents/pi-tools.sandbox-mounted-paths.workspace-only.test.ts
[22m[39mKnowledgeGraph Schema Initialized.

 [31m❯[39m src/agents/pi-tools.sandbox-mounted-paths.workspace-only.test.ts [2m([22m[2m0 test[22m[2m)[22m
 [32m✓[39m src/telegram/format.test.ts [2m([22m[2m16 tests[22m[2m)[22m[32m 22[2mms[22m[39m
 [32m✓[39m src/gateway/net.test.ts [2m([22m[2m37 tests[22m[2m)[22m[32m 14[2mms[22m[39m
 [32m✓[39m src/cli/acp-cli.option-collisions.test.ts [2m([22m[2m7 tests[22m[2m)[22m[32m 46[2mms[22m[39m
[90mstdout[2m | src/auto-reply/reply/dispatch-from-config.test.ts
[22m[39m[MemoryStore] Initializing the Five-Tier Central Nervous System...
KnowledgeGraph connected to Neo4j successfully.

[90mstdout[2m | src/auto-reply/reply/dispatch-from-config.test.ts
[22m[39mKnowledgeGraph Schema Initialized.

 [31m❯[39m src/auto-reply/reply/dispatch-from-config.test.ts [2m([22m[2m0 test[22m[2m)[22m
 [32m✓[39m src/cron/service.get-job.test.ts [2m([22m[2m2 tests[22m[2m)[22m[32m 29[2mms[22m[39m
 [32m✓[39m src/telegram/format.wrap-md.test.ts [2m([22m[2m32 tests[22m[2m)[22m[32m 23[2mms[22m[39m
 [32m✓[39m src/gateway/gateway-misc.test.ts [2m([22m[2m19 tests[22m[2m)[22m[32m 34[2mms[22m[39m
 [32m✓[39m src/memory/orchestrator.test.ts [2m([22m[2m9 tests[22m[2m)[22m[32m 17[2mms[22m[39m
 [32m✓[39m src/agents/tool-loop-detection.test.ts [2m([22m[2m29 tests[22m[2m)[22m[32m 17[2mms[22m[39m
 [32m✓[39m src/privacy/privacy.test.ts [2m([22m[2m33 tests[22m[2m)[22m[32m 20[2mms[22m[39m
 [32m✓[39m src/daemon/schtasks.test.ts [2m([22m[2m14 tests[22m[2m)[22m[32m 31[2mms[22m[39m
 [32m✓[39m src/agents/tools/web-search.redirect.test.ts [2m([22m[2m2 tests[22m[2m)[22m[32m 5[2mms[22m[39m
 [32m✓[39m src/cli/pairing-cli.test.ts [2m([22m[2m12 tests[22m[2m)[22m[32m 28[2mms[22m[39m
[90mstdout[2m | src/discord/monitor/message-handler.inbound-contract.test.ts
[22m[39m[MemoryStore] Initializing the Five-Tier Central Nervous System...
KnowledgeGraph connected to Neo4j successfully.

 [31m❯[39m src/discord/monitor/message-handler.inbound-contract.test.ts [2m([22m[2m0 test[22m[2m)[22m
 [32m✓[39m src/cron/service/jobs.schedule-error-isolation.test.ts [2m([22m[2m8 tests[22m[2m)[22m[32m 10[2mms[22m[39m
 [32m✓[39m src/auto-reply/reply/followup-runner.test.ts [2m([22m[2m17 tests[22m[2m)[22m[32m 29[2mms[22m[39m
 [32m✓[39m src/gateway/session-utils.test.ts [2m([22m[2m43 tests[22m[2m)[22m[32m 15[2mms[22m[39m
 [32m✓[39m src/gateway/auth.test.ts [2m([22m[2m31 tests[22m[2m)[22m[32m 13[2mms[22m[39m
 [32m✓[39m src/agents/models-config.skips-writing-models-json-no-env-token.test.ts [2m([22m[2m4 tests[22m[2m)[22m[32m 35[2mms[22m[39m
 [32m✓[39m src/infra/infra-runtime.test.ts [2m([22m[2m14 tests[22m[2m)[22m[32m 26[2mms[22m[39m
[90mstdout[2m | src/commands/agent.test.ts
[22m[39m[MemoryStore] Initializing the Five-Tier Central Nervous System...
KnowledgeGraph connected to Neo4j successfully.

 [31m❯[39m src/commands/agent.test.ts [2m([22m[2m0 test[22m[2m)[22m
[90mstdout[2m | src/gateway/server-methods/chat.directive-tags.test.ts
[22m[39m[MemoryStore] Initializing the Five-Tier Central Nervous System...
KnowledgeGraph connected to Neo4j successfully.

[90mstdout[2m | src/gateway/server-methods/chat.directive-tags.test.ts
[22m[39mKnowledgeGraph Schema Initialized.

 [31m❯[39m src/gateway/server-methods/chat.directive-tags.test.ts [2m([22m[2m0 test[22m[2m)[22m
 [32m✓[39m src/agents/pi-embedded-subscribe.subscribe-embedded-pi-session.waits-multiple-compaction-retries-before-resolving.test.ts [2m([22m[2m7 tests[22m[2m)[22m[32m 25[2mms[22m[39m
 [32m✓[39m src/gateway/node-invoke-system-run-approval.test.ts [2m([22m[2m14 tests[22m[2m)[22m[32m 14[2mms[22m[39m
 [32m✓[39m src/gateway/server-methods/update.test.ts [2m([22m[2m6 tests[22m[2m)[22m[32m 46[2mms[22m[39m
 [32m✓[39m src/cli/skills-cli.commands.test.ts [2m([22m[2m5 tests[22m[2m)[22m[32m 24[2mms[22m[39m
 [32m✓[39m src/gateway/node-invoke-system-run-approval-match.test.ts [2m([22m[2m7 tests[22m[2m)[22m[32m 10[2mms[22m[39m
 [32m✓[39m src/agents/auth-profiles.markauthprofilefailure.test.ts [2m([22m[2m7 tests[22m[2m)[22m[32m 34[2mms[22m[39m
 [32m✓[39m src/config/sessions/store.pruning.test.ts [2m([22m[2m4 tests[22m[2m)[22m[32m 25[2mms[22m[39m
 [32m✓[39m src/config/includes.test.ts [2m([22m[2m26 tests[22m[2m)[22m[32m 57[2mms[22m[39m
 [32m✓[39m src/agents/pi-tools.before-tool-call.integration.test.ts [2m([22m[2m8 tests[22m[2m)[22m[32m 12[2mms[22m[39m
 [32m✓[39m src/commands/sessions.test.ts [2m([22m[2m5 tests[22m[2m)[22m[32m 43[2mms[22m[39m
[90mstdout[2m | src/agents/pi-tools.create-ernos-coding-tools.adds-claude-style-aliases-schemas-without-dropping-f.test.ts
[22m[39m[MemoryStore] Initializing the Five-Tier Central Nervous System...
KnowledgeGraph connected to Neo4j successfully.

[90mstdout[2m | src/agents/pi-tools.create-ernos-coding-tools.adds-claude-style-aliases-schemas-without-dropping-f.test.ts
[22m[39mKnowledgeGraph Schema Initialized.

 [31m❯[39m src/agents/pi-tools.create-ernos-coding-tools.adds-claude-style-aliases-schemas-without-dropping-f.test.ts [2m([22m[2m0 test[22m[2m)[22m
 [32m✓[39m src/agents/workspace.load-extra-bootstrap-files.test.ts [2m([22m[2m5 tests[22m[2m)[22m[32m 31[2mms[22m[39m
[90mstdout[2m | src/agents/pi-embedded-runner-extraparams.test.ts
[22m[39m[MemoryStore] Initializing the Five-Tier Central Nervous System...
KnowledgeGraph connected to Neo4j successfully.

[90mstdout[2m | src/agents/pi-embedded-runner-extraparams.test.ts
[22m[39mKnowledgeGraph Schema Initialized.

 [31m❯[39m src/agents/pi-embedded-runner-extraparams.test.ts [2m([22m[2m0 test[22m[2m)[22m
 [32m✓[39m src/agents/sandbox/fs-bridge.test.ts [2m([22m[2m9 tests[22m[2m)[22m[32m 28[2mms[22m[39m
 [32m✓[39m src/gateway/server-runtime-config.test.ts [2m([22m[2m19 tests[22m[2m)[22m[32m 14[2mms[22m[39m
 [32m✓[39m src/media-understanding/media-understanding-misc.test.ts [2m([22m[2m7 tests[22m[2m)[22m[32m 22[2mms[22m[39m
 [32m✓[39m src/gateway/config-reload.test.ts [2m([22m[2m14 tests[22m[2m)[22m[32m 13[2mms[22m[39m
 [32m✓[39m src/commands/doctor-session-locks.test.ts [2m([22m[2m2 tests[22m[2m)[22m[32m 35[2mms[22m[39m
 [32m✓[39m src/gateway/server-methods/tools-catalog.test.ts [2m([22m[2m4 tests[22m[2m)[22m[32m 11[2mms[22m[39m
 [32m✓[39m src/auto-reply/reply/reply-state.test.ts [2m([22m[2m22 tests[22m[2m)[22m[32m 35[2mms[22m[39m
 [32m✓[39m src/telegram/bot-message-dispatch.test.ts [2m([22m[2m52 tests[22m[2m)[22m[32m 37[2mms[22m[39m
 [32m✓[39m src/telegram/bot/delivery.test.ts [2m([22m[2m13 tests[22m[2m)[22m[32m 29[2mms[22m[39m
[90mstdout[2m | src/signal/monitor/event-handler.mention-gating.test.ts
[22m[39m[MemoryStore] Initializing the Five-Tier Central Nervous System...
KnowledgeGraph connected to Neo4j successfully.

[90mstdout[2m | src/signal/monitor/event-handler.mention-gating.test.ts
[22m[39mKnowledgeGraph Schema Initialized.

 [31m❯[39m src/signal/monitor/event-handler.mention-gating.test.ts [2m([22m[2m0 test[22m[2m)[22m
 [32m✓[39m src/gateway/system-run-approval-binding.test.ts [2m([22m[2m6 tests[22m[2m)[22m[32m 11[2mms[22m[39m
 [32m✓[39m src/infra/install-source-utils.test.ts [2m([22m[2m13 tests[22m[2m)[22m[32m 47[2mms[22m[39m
 [32m✓[39m src/infra/system-presence.test.ts [2m([22m[2m3 tests[22m[2m)[22m[32m 26[2mms[22m[39m
[90mstdout[2m | extensions/bluebubbles/src/actions.test.ts
[22m[39m[MemoryStore] Initializing the Five-Tier Central Nervous System...
KnowledgeGraph connected to Neo4j successfully.

 [31m❯[39m extensions/bluebubbles/src/actions.test.ts [2m([22m[2m0 test[22m[2m)[22m
[90mstdout[2m | extensions/bluebubbles/src/send.test.ts
[22m[39m[MemoryStore] Initializing the Five-Tier Central Nervous System...
KnowledgeGraph connected to Neo4j successfully.

 [31m❯[39m extensions/bluebubbles/src/send.test.ts [2m([22m[2m0 test[22m[2m)[22m
[90mstdout[2m | extensions/bluebubbles/src/attachments.test.ts
[22m[39m[MemoryStore] Initializing the Five-Tier Central Nervous System...
KnowledgeGraph connected to Neo4j successfully.

 [31m❯[39m extensions/bluebubbles/src/attachments.test.ts [2m([22m[2m0 test[22m[2m)[22m
 [32m✓[39m src/gateway/system-run-approval-binding.contract.test.ts [2m([22m[2m5 tests[22m[2m)[22m[32m 10[2mms[22m[39m
 [32m✓[39m src/security/skill-integrity.test.ts [2m([22m[2m7 tests[22m[2m)[22m[32m 41[2mms[22m[39m
 [32m✓[39m src/infra/outbound/deliver.test.ts [2m([22m[2m30 tests[22m[2m)[22m[32m 23[2mms[22m[39m
 [32m✓[39m src/config/io.compat.test.ts [2m([22m[2m6 tests[22m[2m)[22m[32m 38[2mms[22m[39m
 [32m✓[39m extensions/matrix/src/matrix/send-queue.test.ts [2m([22m[2m5 tests[22m[2m)[22m[32m 15[2mms[22m[39m
 [31m❯[39m src/agents/ernos-tools.camera.test.ts [2m([22m[2m0 test[22m[2m)[22m
 [32m✓[39m src/commands/auth-choice.apply.volcengine-byteplus.test.ts [2m([22m[2m5 tests[22m[2m)[22m[32m 42[2mms[22m[39m
 [32m✓[39m extensions/twitch/src/twitch-client.test.ts [2m([22m[2m30 tests[22m[2m)[22m[32m 11[2mms[22m[39m
[90mstdout[2m | src/gateway/server-methods/agent.test.ts
[22m[39m[MemoryStore] Initializing the Five-Tier Central Nervous System...
KnowledgeGraph connected to Neo4j successfully.

 [31m❯[39m src/gateway/server-methods/agent.test.ts [2m([22m[2m0 test[22m[2m)[22m
 [32m✓[39m extensions/synology-chat/src/client.test.ts [2m([22m[2m5 tests[22m[2m)[22m[32m 6[2mms[22m[39m
 [32m✓[39m src/discord/monitor/thread-bindings.lifecycle.test.ts [2m([22m[2m22 tests[22m[2m)[22m[32m 26[2mms[22m[39m
[90mstdout[2m | src/web/auto-reply.web-auto-reply.compresses-common-formats-jpeg-cap.test.ts
[22m[39m[MemoryStore] Initializing the Five-Tier Central Nervous System...
KnowledgeGraph connected to Neo4j successfully.

 [31m❯[39m src/web/auto-reply.web-auto-reply.compresses-common-formats-jpeg-cap.test.ts [2m([22m[2m0 test[22m[2m)[22m
 [32m✓[39m src/infra/provider-usage.test.ts [2m([22m[2m15 tests[22m[2m)[22m[32m 20[2mms[22m[39m
 [32m✓[39m src/config/config.allowlist-requires-allowfrom.test.ts [2m([22m[2m14 tests[22m[2m)[22m[32m 17[2mms[22m[39m
 [32m✓[39m src/gateway/server-methods/nodes.invoke-wake.test.ts [2m([22m[2m3 tests[22m[2m)[22m[32m 17[2mms[22m[39m
 [32m✓[39m src/agents/bash-tools.exec.pty-fallback.test.ts [2m([22m[2m1 test[22m[2m)[22m[32m 14[2mms[22m[39m
 [32m✓[39m extensions/voice-call/src/webhook-security.test.ts [2m([22m[2m19 tests[22m[2m)[22m[32m 10[2mms[22m[39m
 [32m✓[39m src/infra/node-pairing.test.ts [2m([22m[2m4 tests[22m[2m)[22m[32m 29[2mms[22m[39m
 [32m✓[39m src/version.test.ts [2m([22m[2m8 tests[22m[2m)[22m[32m 32[2mms[22m[39m
 [32m✓[39m src/cron/service.jobs.test.ts [2m([22m[2m18 tests[22m[2m)[22m[32m 11[2mms[22m[39m
 [32m✓[39m src/telegram/update-offset-store.test.ts [2m([22m[2m5 tests[22m[2m)[22m[32m 37[2mms[22m[39m
 [32m✓[39m extensions/bluebubbles/src/reactions.test.ts [2m([22m[2m46 tests[22m[2m)[22m[32m 8[2mms[22m[39m
[90mstdout[2m | extensions/nostr/src/nostr-profile-http.test.ts
[22m[39m[MemoryStore] Initializing the Five-Tier Central Nervous System...
KnowledgeGraph connected to Neo4j successfully.

 [31m❯[39m extensions/nostr/src/nostr-profile-http.test.ts [2m([22m[2m0 test[22m[2m)[22m
 [32m✓[39m src/agents/pi-model-discovery.auth.test.ts [2m([22m[2m3 tests[22m[2m)[22m[32m 15[2mms[22m[39m
 [32m✓[39m src/process/supervisor/supervisor.pty-command.test.ts [2m([22m[2m2 tests[22m[2m)[22m[32m 13[2mms[22m[39m
 [32m✓[39m src/logger.test.ts [2m([22m[2m9 tests[22m[2m)[22m[32m 17[2mms[22m[39m
 [32m✓[39m src/gateway/auth-rate-limit.test.ts [2m([22m[2m18 tests[22m[2m)[22m[32m 9[2mms[22m[39m
 [32m✓[39m src/cli/daemon-cli/lifecycle-core.test.ts [2m([22m[2m3 tests[22m[2m)[22m[32m 44[2mms[22m[39m
 [32m✓[39m extensions/nostr/src/nostr-bus.integration.test.ts [2m([22m[2m26 tests[22m[2m)[22m[32m 8[2mms[22m[39m
 [32m✓[39m src/gateway/origin-check.test.ts [2m([22m[2m6 tests[22m[2m)[22m[32m 7[2mms[22m[39m
 [32m✓[39m src/agents/models-config.uses-first-github-copilot-profile-env-tokens.test.ts [2m([22m[2m3 tests[22m[2m)[22m[32m 46[2mms[22m[39m
 [32m✓[39m src/infra/brew.test.ts [2m([22m[2m5 tests[22m[2m)[22m[32m 38[2mms[22m[39m
 [32m✓[39m src/config/config.compaction-settings.test.ts [2m([22m[2m3 tests[22m[2m)[22m[32m 53[2mms[22m[39m
 [32m✓[39m src/commands/doctor-state-integrity.test.ts [2m([22m[2m7 tests[22m[2m)[22m[32m 28[2mms[22m[39m
 [32m✓[39m src/cron/schedule.test.ts [2m([22m[2m12 tests[22m[2m)[22m[32m 7[2mms[22m[39m
 [32m✓[39m src/agents/identity-avatar.test.ts [2m([22m[2m6 tests[22m[2m)[22m[32m 27[2mms[22m[39m
 [32m✓[39m extensions/mattermost/src/mattermost/reactions.test.ts [2m([22m[2m4 tests[22m[2m)[22m[32m 5[2mms[22m[39m
 [32m✓[39m src/channels/plugins/actions/actions.test.ts [2m([22m[2m34 tests[22m[2m)[22m[32m 14[2mms[22m[39m
 [32m✓[39m src/cli/daemon-cli/lifecycle.test.ts [2m([22m[2m2 tests[22m[2m)[22m[32m 44[2mms[22m[39m
 [32m✓[39m src/signal/format.chunking.test.ts [2m([22m[2m21 tests[22m[2m)[22m[32m 19[2mms[22m[39m
 [32m✓[39m src/markdown/ir.table-bullets.test.ts [2m([22m[2m7 tests[22m[2m)[22m[32m 9[2mms[22m[39m
 [32m✓[39m src/config/io.owner-display-secret.test.ts [2m([22m[2m1 test[22m[2m)[22m[32m 25[2mms[22m[39m
 [32m✓[39m src/config/schema.help.quality.test.ts [2m([22m[2m20 tests[22m[2m)[22m[32m 31[2mms[22m[39m
 [32m✓[39m src/config/config-misc.test.ts [2m([22m[2m25 tests[22m[2m)[22m[32m 20[2mms[22m[39m
 [32m✓[39m src/gateway/chat-attachments.test.ts [2m([22m[2m10 tests[22m[2m)[22m[32m 8[2mms[22m[39m
 [32m✓[39m src/infra/infra-store.test.ts [2m([22m[2m15 tests[22m[2m)[22m[32m 27[2mms[22m[39m
 [32m✓[39m src/cron/service.jobs.top-of-hour-stagger.test.ts [2m([22m[2m5 tests[22m[2m)[22m[32m 5[2mms[22m[39m
 [32m✓[39m src/web/session.test.ts [2m([22m[2m8 tests[22m[2m)[22m[32m 18[2mms[22m[39m
 [32m✓[39m src/auto-reply/reply/inbound-meta.test.ts [2m([22m[2m19 tests[22m[2m)[22m[32m 5[2mms[22m[39m
 [32m✓[39m src/discord/monitor/model-picker-preferences.test.ts [2m([22m[2m3 tests[22m[2m)[22m[32m 32[2mms[22m[39m
 [32m✓[39m src/infra/path-alias-guards.test.ts [2m([22m[2m3 tests[22m[2m)[22m[32m 32[2mms[22m[39m
[90mstdout[2m | src/gateway/server-methods/chat.abort-persistence.test.ts
[22m[39m[MemoryStore] Initializing the Five-Tier Central Nervous System...
KnowledgeGraph connected to Neo4j successfully.

 [31m❯[39m src/gateway/server-methods/chat.abort-persistence.test.ts [2m([22m[2m0 test[22m[2m)[22m
 [32m✓[39m extensions/matrix/src/matrix/actions/pins.test.ts [2m([22m[2m3 tests[22m[2m)[22m[32m 4[2mms[22m[39m
 [32m✓[39m src/cli/browser-cli-inspect.test.ts [2m([22m[2m5 tests[22m[2m)[22m[32m 44[2mms[22m[39m
 [32m✓[39m src/memory/embeddings-voyage.test.ts [2m([22m[2m4 tests[22m[2m)[22m[32m 10[2mms[22m[39m
 [32m✓[39m extensions/twitch/src/probe.test.ts [2m([22m[2m10 tests[22m[2m)[22m[32m 5[2mms[22m[39m
 [32m✓[39m src/secrets/runtime.test.ts [2m([22m[2m5 tests[22m[2m)[22m[32m 23[2mms[22m[39m
 [32m✓[39m src/config/io.runtime-snapshot-write.test.ts [2m([22m[2m1 test[22m[2m)[22m[32m 18[2mms[22m[39m
 [32m✓[39m src/agents/pi-auth-json.test.ts [2m([22m[2m8 tests[22m[2m)[22m[32m 26[2mms[22m[39m
 [32m✓[39m src/cron/service.rearm-timer-when-running.test.ts [2m([22m[2m2 tests[22m[2m)[22m[32m 25[2mms[22m[39m
 [32m✓[39m src/gateway/server-methods/send.test.ts [2m([22m[2m19 tests[22m[2m)[22m[32m 11[2mms[22m[39m
 [31m❯[39m src/agents/ernos-gateway-tool.test.ts [2m([22m[2m0 test[22m[2m)[22m
 [32m✓[39m src/discord/monitor/exec-approvals.test.ts [2m([22m[2m31 tests[22m[2m)[22m[32m 19[2mms[22m[39m
 [32m✓[39m src/agents/subagent-registry.announce-loop-guard.test.ts [2m([22m[2m4 tests[22m[2m)[22m[32m 23[2mms[22m[39m
 [32m✓[39m src/agents/pi-embedded-subscribe.subscribe-embedded-pi-session.suppresses-message-end-block-replies-message-tool.test.ts [2m([22m[2m3 tests[22m[2m)[22m[32m 17[2mms[22m[39m
 [32m✓[39m src/gateway/server-methods/usage.sessions-usage.test.ts [2m([22m[2m6 tests[22m[2m)[22m[32m 11[2mms[22m[39m
 [32m✓[39m src/infra/format-time/format-time.test.ts [2m([22m[2m32 tests[22m[2m)[22m[32m 6[2mms[22m[39m
 [32m✓[39m src/web/auto-reply/heartbeat-runner.test.ts [2m([22m[2m7 tests[22m[2m)[22m[32m 44[2mms[22m[39m
 [32m✓[39m src/telegram/sticker-cache.test.ts [2m([22m[2m17 tests[22m[2m)[22m[32m 28[2mms[22m[39m
 [32m✓[39m src/agents/tools/slack-actions.test.ts [2m([22m[2m33 tests[22m[2m)[22m[32m 9[2mms[22m[39m
 [32m✓[39m src/agents/auth-profiles.ensureauthprofilestore.test.ts [2m([22m[2m5 tests[22m[2m)[22m[32m 20[2mms[22m[39m
 [32m✓[39m src/agents/bash-tools.test.ts [2m([22m[2m15 tests[22m[2m)[22m[32m 257[2mms[22m[39m
 [32m✓[39m src/infra/heartbeat-active-hours.test.ts [2m([22m[2m7 tests[22m[2m)[22m[32m 12[2mms[22m[39m
 [32m✓[39m src/cli/update-cli/restart-helper.test.ts [2m([22m[2m15 tests[22m[2m)[22m[32m 27[2mms[22m[39m
 [32m✓[39m src/discord/audit.test.ts [2m([22m[2m1 test[22m[2m)[22m[32m 10[2mms[22m[39m
 [32m✓[39m src/config/config.backup-rotation.test.ts [2m([22m[2m1 test[22m[2m)[22m[32m 33[2mms[22m[39m
 [32m✓[39m src/cli/program/register.configure.test.ts [2m([22m[2m2 tests[22m[2m)[22m[32m 17[2mms[22m[39m
[90mstdout[2m | extensions/telegram/src/channel.test.ts
[22m[39m[MemoryStore] Initializing the Five-Tier Central Nervous System...
KnowledgeGraph connected to Neo4j successfully.

 [31m❯[39m extensions/telegram/src/channel.test.ts [2m([22m[2m0 test[22m[2m)[22m
[90mstdout[2m | src/discord/monitor/native-command.model-picker.test.ts
[22m[39m[MemoryStore] Initializing the Five-Tier Central Nervous System...
KnowledgeGraph connected to Neo4j successfully.

 [31m❯[39m src/discord/monitor/native-command.model-picker.test.ts [2m([22m[2m0 test[22m[2m)[22m
[90mstdout[2m | src/commands/auth-choice.apply.minimax.test.ts
[22m[39m[MemoryStore] Initializing the Five-Tier Central Nervous System...
KnowledgeGraph connected to Neo4j successfully.

 [31m❯[39m src/commands/auth-choice.apply.minimax.test.ts [2m([22m[2m0 test[22m[2m)[22m
 [32m✓[39m extensions/matrix/src/matrix/monitor/mentions.test.ts [2m([22m[2m9 tests[22m[2m)[22m[32m 3[2mms[22m[39m
[90mstdout[2m | extensions/tlon/src/urbit/auth.ssrf.test.ts
[22m[39m[MemoryStore] Initializing the Five-Tier Central Nervous System...
KnowledgeGraph connected to Neo4j successfully.

 [31m❯[39m extensions/tlon/src/urbit/auth.ssrf.test.ts [2m([22m[2m0 test[22m[2m)[22m
 [32m✓[39m src/gateway/server-chat.agent-events.test.ts [2m([22m[2m15 tests[22m[2m)[22m[32m 9[2mms[22m[39m
 [32m✓[39m src/agents/tools/cron-tool.test.ts [2m([22m[2m31 tests[22m[2m)[22m[32m 18[2mms[22m[39m
 [32m✓[39m src/agents/bootstrap-files.test.ts [2m([22m[2m3 tests[22m[2m)[22m[32m 61[2mms[22m[39m
 [32m✓[39m src/media-understanding/runner.auto-audio.test.ts [2m([22m[2m4 tests[22m[2m)[22m[32m 22[2mms[22m[39m
 [32m✓[39m extensions/synology-chat/src/channel.test.ts [2m([22m[2m24 tests[22m[2m)[22m[32m 7[2mms[22m[39m
 [32m✓[39m src/agents/models-config.auto-injects-github-copilot-provider-token-is.test.ts [2m([22m[2m2 tests[22m[2m)[22m[32m 40[2mms[22m[39m
 [32m✓[39m src/config/config.discord.test.ts [2m([22m[2m2 tests[22m[2m)[22m[32m 30[2mms[22m[39m
 [32m✓[39m src/gateway/sessions-patch.test.ts [2m([22m[2m20 tests[22m[2m)[22m[32m 8[2mms[22m[39m
 [32m✓[39m src/cli/program/config-guard.test.ts [2m([22m[2m5 tests[22m[2m)[22m[32m 23[2mms[22m[39m
 [32m✓[39m extensions/synology-chat/src/webhook-handler.test.ts [2m([22m[2m10 tests[22m[2m)[22m[32m 7[2mms[22m[39m
 [32m✓[39m src/infra/exec-approvals.test.ts [2m([22m[2m39 tests[22m[2m)[22m[32m 30[2mms[22m[39m
 [32m✓[39m src/security/temp-path-guard.test.ts [2m([22m[2m3 tests[22m[2m)[22m[33m 385[2mms[22m[39m
     [33m[2m✓[22m[39m enforces runtime guardrails for tmpdir joins and weak randomness [33m 380[2mms[22m[39m
 [32m✓[39m src/plugin-sdk/persistent-dedupe.test.ts [2m([22m[2m3 tests[22m[2m)[22m[32m 25[2mms[22m[39m
[90mstdout[2m | extensions/nextcloud-talk/src/monitor.replay.test.ts
[22m[39m[MemoryStore] Initializing the Five-Tier Central Nervous System...
KnowledgeGraph connected to Neo4j successfully.

 [31m❯[39m extensions/nextcloud-talk/src/monitor.replay.test.ts [2m([22m[2m0 test[22m[2m)[22m
 [32m✓[39m extensions/matrix/src/matrix/format.test.ts [2m([22m[2m5 tests[22m[2m)[22m[32m 7[2mms[22m[39m
 [32m✓[39m src/commands/sessions.default-agent-store.test.ts [2m([22m[2m4 tests[22m[2m)[22m[32m 13[2mms[22m[39m
 [32m✓[39m extensions/voice-call/src/telephony-tts.test.ts [2m([22m[2m3 tests[22m[2m)[22m[32m 2[2mms[22m[39m
 [32m✓[39m extensions/matrix/src/matrix/monitor/replies.test.ts [2m([22m[2m6 tests[22m[2m)[22m[32m 4[2mms[22m[39m
 [32m✓[39m src/browser/pw-tools-core.snapshot.navigate-guard.test.ts [2m([22m[2m2 tests[22m[2m)[22m[32m 9[2mms[22m[39m
 [32m✓[39m src/agents/models-config.falls-back-default-baseurl-token-exchange-fails.test.ts [2m([22m[2m2 tests[22m[2m)[22m[32m 26[2mms[22m[39m
[90mstdout[2m | src/telegram/bot.test.ts
[22m[39m[MemoryStore] Initializing the Five-Tier Central Nervous System...
KnowledgeGraph connected to Neo4j successfully.

 [31m❯[39m src/telegram/bot.test.ts [2m([22m[2m0 test[22m[2m)[22m
 [32m✓[39m extensions/zalouser/src/status-issues.test.ts [2m([22m[2m4 tests[22m[2m)[22m[32m 3[2mms[22m[39m
 [32m✓[39m src/cli/cron-cli.test.ts [2m([22m[2m24 tests[22m[2m)[22m[32m 17[2mms[22m[39m
[90mstdout[2m | src/agents/sessions-spawn-hooks.test.ts
[22m[39m[MemoryStore] Initializing the Five-Tier Central Nervous System...
KnowledgeGraph connected to Neo4j successfully.

 [31m❯[39m src/agents/sessions-spawn-hooks.test.ts [2m([22m[2m0 test[22m[2m)[22m
 [32m✓[39m src/gateway/protocol/cron-validators.test.ts [2m([22m[2m10 tests[22m[2m)[22m[32m 7[2mms[22m[39m
 [32m✓[39m extensions/matrix/src/matrix/send/targets.test.ts [2m([22m[2m5 tests[22m[2m)[22m[32m 7[2mms[22m[39m
 [32m✓[39m src/signal/format.test.ts [2m([22m[2m7 tests[22m[2m)[22m[32m 15[2mms[22m[39m
 [32m✓[39m src/plugins/manifest-registry.test.ts [2m([22m[2m6 tests[22m[2m)[22m[32m 16[2mms[22m[39m
 [32m✓[39m src/auto-reply/skill-commands.test.ts [2m([22m[2m5 tests[22m[2m)[22m[32m 21[2mms[22m[39m
 [32m✓[39m src/infra/host-env-security.test.ts [2m([22m[2m10 tests[22m[2m)[22m[32m 16[2mms[22m[39m
 [32m✓[39m src/gateway/server-startup-memory.test.ts [2m([22m[2m4 tests[22m[2m)[22m[32m 9[2mms[22m[39m
 [32m✓[39m src/config/config.identity-avatar.test.ts [2m([22m[2m3 tests[22m[2m)[22m[32m 168[2mms[22m[39m
[90mstdout[2m | src/gateway/server-node-events.test.ts
[22m[39m[MemoryStore] Initializing the Five-Tier Central Nervous System...
KnowledgeGraph connected to Neo4j successfully.

 [31m❯[39m src/gateway/server-node-events.test.ts [2m([22m[2m0 test[22m[2m)[22m
 [32m✓[39m src/infra/provider-usage.format.test.ts [2m([22m[2m5 tests[22m[2m)[22m[32m 4[2mms[22m[39m
 [32m✓[39m src/channels/status-reactions.test.ts [2m([22m[2m35 tests[22m[2m)[22m[32m 14[2mms[22m[39m
 [32m✓[39m src/agents/models-config.preserves-explicit-reasoning-override.test.ts [2m([22m[2m2 tests[22m[2m)[22m[32m 34[2mms[22m[39m
 [32m✓[39m src/discord/monitor/reply-delivery.test.ts [2m([22m[2m9 tests[22m[2m)[22m[32m 15[2mms[22m[39m
[90mstdout[2m | extensions/mattermost/src/mattermost/monitor-websocket.test.ts
[22m[39m[MemoryStore] Initializing the Five-Tier Central Nervous System...
KnowledgeGraph connected to Neo4j successfully.

 [31m❯[39m extensions/mattermost/src/mattermost/monitor-websocket.test.ts [2m([22m[2m0 test[22m[2m)[22m
 [32m✓[39m src/infra/exec-approvals-safe-bins.test.ts [2m([22m[2m47 tests[22m[2m)[22m[32m 15[2mms[22m[39m
 [32m✓[39m src/gateway/server-startup-log.test.ts [2m([22m[2m3 tests[22m[2m)[22m[32m 5[2mms[22m[39m
 [32m✓[39m src/commands/auth-choice.apply.openai.test.ts [2m([22m[2m3 tests[22m[2m)[22m[32m 23[2mms[22m[39m
 [32m✓[39m src/media/fetch.test.ts [2m([22m[2m3 tests[22m[2m)[22m[32m 7[2mms[22m[39m
 [32m✓[39m src/auto-reply/reply/reply-utils.test.ts [2m([22m[2m28 tests[22m[2m)[22m[32m 18[2mms[22m[39m
[90mstdout[2m | src/telegram/bot-message-context.audio-transcript.test.ts
[22m[39m[MemoryStore] Initializing the Five-Tier Central Nervous System...
KnowledgeGraph connected to Neo4j successfully.

[90mstdout[2m | src/telegram/bot-message-context.audio-transcript.test.ts
[22m[39mKnowledgeGraph Schema Initialized.

 [31m❯[39m src/telegram/bot-message-context.audio-transcript.test.ts [2m([22m[2m0 test[22m[2m)[22m
[90mstdout[2m | src/auto-reply/reply/commands-acp.test.ts
[22m[39m[MemoryStore] Initializing the Five-Tier Central Nervous System...
KnowledgeGraph connected to Neo4j successfully.

[90mstdout[2m | src/auto-reply/reply/commands-acp.test.ts
[22m[39mKnowledgeGraph Schema Initialized.

 [31m❯[39m src/auto-reply/reply/commands-acp.test.ts [2m([22m[2m0 test[22m[2m)[22m
 [32m✓[39m src/infra/ports.test.ts [2m([22m[2m6 tests[22m[2m)[22m[32m 9[2mms[22m[39m
[90mstdout[2m | src/infra/outbound/message.channels.test.ts
[22m[39m[MemoryStore] Initializing the Five-Tier Central Nervous System...
KnowledgeGraph connected to Neo4j successfully.

 [31m❯[39m src/infra/outbound/message.channels.test.ts [2m([22m[2m0 test[22m[2m)[22m
 [32m✓[39m src/agents/pi-embedded-subscribe.subscribe-embedded-pi-session.calls-onblockreplyflush-before-tool-execution-start-preserve.test.ts [2m([22m[2m2 tests[22m[2m)[22m[32m 10[2mms[22m[39m
 [32m✓[39m test/ui.presenter-next-run.test.ts [2m([22m[2m2 tests[22m[2m)[22m[32m 6[2mms[22m[39m
[90mstdout[2m | src/gateway/server-http.hooks-request-timeout.test.ts
[22m[39m[MemoryStore] Initializing the Five-Tier Central Nervous System...
KnowledgeGraph connected to Neo4j successfully.

[90mstdout[2m | src/gateway/server-http.hooks-request-timeout.test.ts
[22m[39mKnowledgeGraph Schema Initialized.

 [31m❯[39m src/gateway/server-http.hooks-request-timeout.test.ts [2m([22m[2m0 test[22m[2m)[22m
 [32m✓[39m src/memory/session-files.test.ts [2m([22m[2m3 tests[22m[2m)[22m[32m 23[2mms[22m[39m
 [32m✓[39m src/agents/session-file-repair.test.ts [2m([22m[2m4 tests[22m[2m)[22m[32m 20[2mms[22m[39m
 [32m✓[39m src/agents/pi-embedded-runner/run.overflow-compaction.loop.test.ts [2m([22m[2m11 tests[22m[2m)[22m[32m 27[2mms[22m[39m
 [32m✓[39m src/gateway/server/plugins-http.test.ts [2m([22m[2m4 tests[22m[2m)[22m[32m 5[2mms[22m[39m
 [32m✓[39m src/agents/sandbox/docker.config-hash-recreate.test.ts [2m([22m[2m2 tests[22m[2m)[22m[32m 6[2mms[22m[39m
 [32m✓[39m src/auto-reply/reply.triggers.trigger-handling.stages-inbound-media-into-sandbox-workspace.test.ts [2m([22m[2m1 test[22m[2m)[22m[32m 20[2mms[22m[39m
 [32m✓[39m src/gateway/hooks.test.ts [2m([22m[2m17 tests[22m[2m)[22m[32m 6[2mms[22m[39m
 [32m✓[39m src/line/bot-message-context.test.ts [2m([22m[2m3 tests[22m[2m)[22m[32m 43[2mms[22m[39m
 [32m✓[39m src/gateway/ws-log.test.ts [2m([22m[2m4 tests[22m[2m)[22m[32m 4[2mms[22m[39m
[90mstdout[2m | extensions/mattermost/src/channel.test.ts
[22m[39m[MemoryStore] Initializing the Five-Tier Central Nervous System...
KnowledgeGraph connected to Neo4j successfully.

 [31m❯[39m extensions/mattermost/src/channel.test.ts [2m([22m[2m0 test[22m[2m)[22m
 [32m✓[39m src/commands/sessions.model-resolution.test.ts [2m([22m[2m2 tests[22m[2m)[22m[32m 9[2mms[22m[39m
 [32m✓[39m src/agents/auth-profiles.chutes.test.ts [2m([22m[2m1 test[22m[2m)[22m[32m 14[2mms[22m[39m
 [32m✓[39m src/gateway/startup-auth.test.ts [2m([22m[2m13 tests[22m[2m)[22m[32m 5[2mms[22m[39m
 [32m✓[39m src/agents/pi-embedded-subscribe.subscribe-embedded-pi-session.splits-long-single-line-fenced-blocks-reopen.test.ts [2m([22m[2m4 tests[22m[2m)[22m[32m 11[2mms[22m[39m
 [32m✓[39m src/gateway/server-methods/doctor.test.ts [2m([22m[2m3 tests[22m[2m)[22m[32m 8[2mms[22m[39m
 [32m✓[39m src/gateway/security-path.test.ts [2m([22m[2m12 tests[22m[2m)[22m[32m 7[2mms[22m[39m
 [32m✓[39m extensions/feishu/src/tool-account-routing.test.ts [2m([22m[2m4 tests[22m[2m)[22m[32m 4[2mms[22m[39m
 [32m✓[39m src/cli/daemon-cli.coverage.test.ts [2m([22m[2m5 tests[22m[2m)[22m[32m 215[2mms[22m[39m
[90mstdout[2m | src/agents/ernos-tools.subagents.sessions-spawn.model.test.ts
[22m[39m[MemoryStore] Initializing the Five-Tier Central Nervous System...
KnowledgeGraph connected to Neo4j successfully.

 [31m❯[39m src/agents/ernos-tools.subagents.sessions-spawn.model.test.ts [2m([22m[2m0 test[22m[2m)[22m
 [32m✓[39m src/web/login.test.ts [2m([22m[2m3 tests[22m[2m)[22m[32m 19[2mms[22m[39m
 [32m✓[39m extensions/feishu/src/config-schema.test.ts [2m([22m[2m6 tests[22m[2m)[22m[32m 5[2mms[22m[39m
 [32m✓[39m src/agents/model-auth.profiles.test.ts [2m([22m[2m15 tests[22m[2m)[22m[32m 30[2mms[22m[39m
[90mstdout[2m | src/telegram/bot-message-context.sender-prefix.test.ts
[22m[39m[MemoryStore] Initializing the Five-Tier Central Nervous System...
KnowledgeGraph connected to Neo4j successfully.

[90mstdout[2m | src/telegram/bot-message-context.sender-prefix.test.ts
[22m[39mKnowledgeGraph Schema Initialized.

 [31m❯[39m src/telegram/bot-message-context.sender-prefix.test.ts [2m([22m[2m0 test[22m[2m)[22m
 [32m✓[39m src/markdown/ir.blockquote-spacing.test.ts [2m([22m[2m19 tests[22m[2m)[22m[32m 11[2mms[22m[39m
 [32m✓[39m src/logging/console-capture.test.ts [2m([22m[2m9 tests[22m[2m)[22m[32m 11[2mms[22m[39m
[90mstdout[2m | extensions/nextcloud-talk/src/policy.test.ts
[22m[39m[MemoryStore] Initializing the Five-Tier Central Nervous System...
KnowledgeGraph connected to Neo4j successfully.

 [31m❯[39m extensions/nextcloud-talk/src/policy.test.ts [2m([22m[2m0 test[22m[2m)[22m
 [32m✓[39m src/gateway/credentials.test.ts [2m([22m[2m14 tests[22m[2m)[22m[32m 3[2mms[22m[39m
 [32m✓[39m extensions/matrix/src/matrix/monitor/inbound-body.test.ts [2m([22m[2m7 tests[22m[2m)[22m[32m 2[2mms[22m[39m
 [32m✓[39m src/gateway/server-methods/secrets.test.ts [2m([22m[2m2 tests[22m[2m)[22m[32m 4[2mms[22m[39m
 [32m✓[39m src/browser/browser-utils.test.ts [2m([22m[2m22 tests[22m[2m)[22m[32m 8[2mms[22m[39m
[90mstdout[2m | extensions/line/src/channel.sendPayload.test.ts
[22m[39m[MemoryStore] Initializing the Five-Tier Central Nervous System...
KnowledgeGraph connected to Neo4j successfully.

 [31m❯[39m extensions/line/src/channel.sendPayload.test.ts [2m([22m[2m0 test[22m[2m)[22m
 [32m✓[39m src/hooks/internal-hooks.test.ts [2m([22m[2m29 tests[22m[2m)[22m[32m 11[2mms[22m[39m
[90mstdout[2m | src/gateway/chat-abort.test.ts
[22m[39m[MemoryStore] Initializing the Five-Tier Central Nervous System...
KnowledgeGraph connected to Neo4j successfully.

[90mstdout[2m | src/gateway/chat-abort.test.ts
[22m[39mKnowledgeGraph Schema Initialized.

 [31m❯[39m src/gateway/chat-abort.test.ts [2m([22m[2m0 test[22m[2m)[22m
 [32m✓[39m src/media/store.test.ts [2m([22m[2m18 tests[22m[2m)[22m[32m 187[2mms[22m[39m
 [32m✓[39m src/gateway/http-auth-helpers.test.ts [2m([22m[2m2 tests[22m[2m)[22m[32m 4[2mms[22m[39m
 [32m✓[39m src/agents/pi-embedded-subscribe.subscribe-embedded-pi-session.includes-canvas-action-metadata-tool-summaries.test.ts [2m([22m[2m3 tests[22m[2m)[22m[32m 9[2mms[22m[39m
[90mstdout[2m | src/telegram/bot-message-context.dm-topic-threadid.test.ts
[22m[39m[MemoryStore] Initializing the Five-Tier Central Nervous System...
KnowledgeGraph connected to Neo4j successfully.

[90mstdout[2m | src/telegram/bot-message-context.dm-topic-threadid.test.ts
[22m[39mKnowledgeGraph Schema Initialized.

 [31m❯[39m src/telegram/bot-message-context.dm-topic-threadid.test.ts [2m([22m[2m0 test[22m[2m)[22m
 [32m✓[39m src/gateway/server-methods/usage.test.ts [2m([22m[2m12 tests[22m[2m)[22m[32m 8[2mms[22m[39m
 [32m✓[39m src/gateway/server.ios-client-id.test.ts [2m([22m[2m3 tests[22m[2m)[22m[32m 4[2mms[22m[39m
 [32m✓[39m src/browser/client.test.ts [2m([22m[2m6 tests[22m[2m)[22m[32m 11[2mms[22m[39m
 [32m✓[39m extensions/matrix/src/matrix/client.test.ts [2m([22m[2m2 tests[22m[2m)[22m[32m 3[2mms[22m[39m
 [32m✓[39m src/commands/doctor-legacy-config.migrations.test.ts [2m([22m[2m15 tests[22m[2m)[22m[32m 17[2mms[22m[39m
 [32m✓[39m src/cli/program/help.test.ts [2m([22m[2m3 tests[22m[2m)[22m[32m 8[2mms[22m[39m
 [32m✓[39m src/memory/manager.watcher-config.test.ts [2m([22m[2m1 test[22m[2m)[22m[32m 13[2mms[22m[39m
 [32m✓[39m src/agents/pi-embedded-runner.sanitize-session-history.test.ts [2m([22m[2m22 tests[22m[2m)[22m[32m 15[2mms[22m[39m
[90mstdout[2m | src/gateway/server-methods.control-plane-rate-limit.test.ts
[22m[39m[MemoryStore] Initializing the Five-Tier Central Nervous System...
KnowledgeGraph connected to Neo4j successfully.

[90mstdout[2m | src/gateway/server-methods.control-plane-rate-limit.test.ts
[22m[39mKnowledgeGraph Schema Initialized.

 [31m❯[39m src/gateway/server-methods.control-plane-rate-limit.test.ts [2m([22m[2m0 test[22m[2m)[22m
 [32m✓[39m src/auto-reply/commands-registry.test.ts [2m([22m[2m19 tests[22m[2m)[22m[32m 14[2mms[22m[39m
 [32m✓[39m extensions/discord/src/subagent-hooks.test.ts [2m([22m[2m11 tests[22m[2m)[22m[32m 6[2mms[22m[39m
 [32m✓[39m src/markdown/ir.nested-lists.test.ts [2m([22m[2m18 tests[22m[2m)[22m[32m 10[2mms[22m[39m
[90mstdout[2m | src/plugins/loader.test.ts
[22m[39m[MemoryStore] Initializing the Five-Tier Central Nervous System...
KnowledgeGraph connected to Neo4j successfully.

 [31m❯[39m src/plugins/loader.test.ts [2m([22m[2m0 test[22m[2m)[22m
 [32m✓[39m extensions/synology-chat/src/security.test.ts [2m([22m[2m22 tests[22m[2m)[22m[32m 4[2mms[22m[39m
 [32m✓[39m src/gateway/server/ws-connection/auth-context.test.ts [2m([22m[2m5 tests[22m[2m)[22m[32m 3[2mms[22m[39m
 [32m✓[39m src/commands/doctor-security.test.ts [2m([22m[2m6 tests[22m[2m)[22m[32m 6[2mms[22m[39m
 [32m✓[39m src/config/talk.normalize.test.ts [2m([22m[2m4 tests[22m[2m)[22m[32m 14[2mms[22m[39m
 [32m✓[39m src/gateway/server-restart-sentinel.test.ts [2m([22m[2m1 test[22m[2m)[22m[32m 4[2mms[22m[39m
 [32m✓[39m src/hooks/bundled/bootstrap-extra-files/handler.test.ts [2m([22m[2m2 tests[22m[2m)[22m[32m 16[2mms[22m[39m
[90mstdout[2m | extensions/matrix/src/channel.directory.test.ts
[22m[39m[MemoryStore] Initializing the Five-Tier Central Nervous System...
KnowledgeGraph connected to Neo4j successfully.

 [31m❯[39m extensions/matrix/src/channel.directory.test.ts [2m([22m[2m0 test[22m[2m)[22m
 [32m✓[39m src/gateway/server-methods/push.test.ts [2m([22m[2m3 tests[22m[2m)[22m[32m 3[2mms[22m[39m
 [32m✓[39m src/channels/typing.test.ts [2m([22m[2m14 tests[22m[2m)[22m[32m 26[2mms[22m[39m
 [32m✓[39m src/gateway/credential-precedence.parity.test.ts [2m([22m[2m4 tests[22m[2m)[22m[32m 3[2mms[22m[39m
[90mstdout[2m | src/discord/monitor.test.ts
[22m[39m[MemoryStore] Initializing the Five-Tier Central Nervous System...
KnowledgeGraph connected to Neo4j successfully.

[90mstdout[2m | src/discord/monitor.test.ts
[22m[39mKnowledgeGraph Schema Initialized.

 [31m❯[39m src/discord/monitor.test.ts [2m([22m[2m0 test[22m[2m)[22m
[90mstdout[2m | src/agents/system-prompt.test.ts
[22m[39m[MemoryStore] Initializing the Five-Tier Central Nervous System...
KnowledgeGraph connected to Neo4j successfully.

[90mstdout[2m | src/agents/system-prompt.test.ts
[22m[39mKnowledgeGraph Schema Initialized.

 [31m❯[39m src/agents/system-prompt.test.ts [2m([22m[2m0 test[22m[2m)[22m
 [32m✓[39m src/gateway/chat-sanitize.test.ts [2m([22m[2m9 tests[22m[2m)[22m[32m 3[2mms[22m[39m
[90mstdout[2m | src/auto-reply/reply/reply-flow.test.ts
[22m[39m[MemoryStore] Initializing the Five-Tier Central Nervous System...
KnowledgeGraph connected to Neo4j successfully.

[90mstdout[2m | src/auto-reply/reply/reply-flow.test.ts
[22m[39mKnowledgeGraph Schema Initialized.

 [31m❯[39m src/auto-reply/reply/reply-flow.test.ts [2m([22m[2m0 test[22m[2m)[22m
 [32m✓[39m src/config/config.multi-agent-agentdir-validation.test.ts [2m([22m[2m2 tests[22m[2m)[22m[32m 15[2mms[22m[39m
 [32m✓[39m src/agents/sandbox/browser.create.test.ts [2m([22m[2m2 tests[22m[2m)[22m[32m 7[2mms[22m[39m
 [32m✓[39m src/cli/cli-utils.test.ts [2m([22m[2m11 tests[22m[2m)[22m[32m 14[2mms[22m[39m
 [32m✓[39m src/gateway/server/presence-events.test.ts [2m([22m[2m1 test[22m[2m)[22m[32m 3[2mms[22m[39m
 [32m✓[39m src/slack/format.test.ts [2m([22m[2m5 tests[22m[2m)[22m[32m 12[2mms[22m[39m
 [32m✓[39m src/cli/gateway-cli/register.option-collisions.test.ts [2m([22m[2m2 tests[22m[2m)[22m[32m 43[2mms[22m[39m
 [32m✓[39m src/gateway/agent-prompt.test.ts [2m([22m[2m6 tests[22m[2m)[22m[32m 3[2mms[22m[39m
 [32m✓[39m src/agents/pi-extensions/compaction-safeguard.test.ts [2m([22m[2m24 tests[22m[2m)[22m[32m 9[2mms[22m[39m
 [32m✓[39m src/config/config.agent-concurrency-defaults.test.ts [2m([22m[2m4 tests[22m[2m)[22m[32m 13[2mms[22m[39m
 [32m✓[39m src/gateway/server/ws-connection/unauthorized-flood-guard.test.ts [2m([22m[2m4 tests[22m[2m)[22m[32m 4[2mms[22m[39m
 [32m✓[39m src/config/legacy-migrate.test.ts [2m([22m[2m5 tests[22m[2m)[22m[32m 12[2mms[22m[39m
 [32m✓[39m src/config/sessions/disk-budget.test.ts [2m([22m[2m2 tests[22m[2m)[22m[32m 16[2mms[22m[39m
 [32m✓[39m src/infra/push-apns.test.ts [2m([22m[2m8 tests[22m[2m)[22m[32m 12[2mms[22m[39m
 [32m✓[39m src/gateway/server-methods/chat.inject.parentid.test.ts [2m([22m[2m1 test[22m[2m)[22m[32m 4[2mms[22m[39m
 [32m✓[39m src/agents/pi-embedded-runner/extra-params.openrouter-cache-control.test.ts [2m([22m[2m4 tests[22m[2m)[22m[32m 8[2mms[22m[39m
 [32m✓[39m src/markdown/ir.hr-spacing.test.ts [2m([22m[2m13 tests[22m[2m)[22m[32m 12[2mms[22m[39m
 [32m✓[39m src/gateway/server-restart-deferral.test.ts [2m([22m[2m4 tests[22m[2m)[22m[32m 4[2mms[22m[39m
 [32m✓[39m src/gateway/live-tool-probe-utils.test.ts [2m([22m[2m8 tests[22m[2m)[22m[32m 3[2mms[22m[39m
 [32m✓[39m src/infra/heartbeat-wake.test.ts [2m([22m[2m13 tests[22m[2m)[22m[32m 20[2mms[22m[39m
 [32m✓[39m src/media/store.redirect.test.ts [2m([22m[2m2 tests[22m[2m)[22m[32m 13[2mms[22m[39m
 [32m✓[39m src/gateway/http-endpoint-helpers.test.ts [2m([22m[2m4 tests[22m[2m)[22m[32m 3[2mms[22m[39m
 [32m✓[39m src/agents/model-selection.test.ts [2m([22m[2m31 tests[22m[2m)[22m[32m 11[2mms[22m[39m
 [32m✓[39m src/gateway/server-plugins.test.ts [2m([22m[2m1 test[22m[2m)[22m[32m 3[2mms[22m[39m
 [32m✓[39m src/gateway/probe.test.ts [2m([22m[2m1 test[22m[2m)[22m[32m 3[2mms[22m[39m
 [32m✓[39m src/browser/server.agent-contract-form-layout-act-commands.test.ts [2m([22m[2m14 tests[22m[2m)[22m[32m 184[2mms[22m[39m
 [32m✓[39m src/gateway/server-methods/nodes.canvas-capability-refresh.test.ts [2m([22m[2m2 tests[22m[2m)[22m[32m 5[2mms[22m[39m
 [32m✓[39m src/agents/tools/telegram-actions.test.ts [2m([22m[2m37 tests[22m[2m)[22m[32m 12[2mms[22m[39m
[90mstdout[2m | src/auto-reply/command-control.test.ts
[22m[39m[MemoryStore] Initializing the Five-Tier Central Nervous System...
KnowledgeGraph connected to Neo4j successfully.

[90mstdout[2m | src/auto-reply/command-control.test.ts
[22m[39mKnowledgeGraph Schema Initialized.

 [31m❯[39m src/auto-reply/command-control.test.ts [2m([22m[2m0 test[22m[2m)[22m
 [32m✓[39m src/slack/send.blocks.test.ts [2m([22m[2m12 tests[22m[2m)[22m[32m 11[2mms[22m[39m
 [32m✓[39m src/daemon/schtasks.install.test.ts [2m([22m[2m2 tests[22m[2m)[22m[32m 12[2mms[22m[39m
 [32m✓[39m src/telegram/bot/delivery.resolve-media-retry.test.ts [2m([22m[2m11 tests[22m[2m)[22m[32m 15[2mms[22m[39m
[90mstdout[2m | extensions/msteams/src/monitor-handler.file-consent.test.ts
[22m[39m[MemoryStore] Initializing the Five-Tier Central Nervous System...
KnowledgeGraph connected to Neo4j successfully.

 [31m❯[39m extensions/msteams/src/monitor-handler.file-consent.test.ts [2m([22m[2m0 test[22m[2m)[22m
 [32m✓[39m src/gateway/assistant-identity.test.ts [2m([22m[2m3 tests[22m[2m)[22m[32m 3[2mms[22m[39m
 [32m✓[39m src/auto-reply/reply/post-compaction-context.test.ts [2m([22m[2m10 tests[22m[2m)[22m[32m 20[2mms[22m[39m
[90mstdout[2m | src/agents/ernos-tools.subagents.sessions-spawn.allowlist.test.ts
[22m[39m[MemoryStore] Initializing the Five-Tier Central Nervous System...
KnowledgeGraph connected to Neo4j successfully.

 [31m❯[39m src/agents/ernos-tools.subagents.sessions-spawn.allowlist.test.ts [2m([22m[2m0 test[22m[2m)[22m
[90mstdout[2m | extensions/matrix/src/matrix/monitor/handler.body-for-agent.test.ts
[22m[39m[MemoryStore] Initializing the Five-Tier Central Nervous System...
KnowledgeGraph connected to Neo4j successfully.

 [31m❯[39m extensions/matrix/src/matrix/monitor/handler.body-for-agent.test.ts [2m([22m[2m0 test[22m[2m)[22m
 [32m✓[39m src/gateway/server-discovery.test.ts [2m([22m[2m3 tests[22m[2m)[22m[32m 3[2mms[22m[39m
 [32m✓[39m src/gateway/device-auth.test.ts [2m([22m[2m2 tests[22m[2m)[22m[32m 2[2mms[22m[39m
 [32m✓[39m extensions/irc/src/protocol.test.ts [2m([22m[2m4 tests[22m[2m)[22m[32m 3[2mms[22m[39m
 [32m✓[39m src/memory/tape-machine.test.ts [2m([22m[2m11 tests[22m[2m)[22m[32m 13[2mms[22m[39m
 [32m✓[39m extensions/thread-ownership/index.test.ts [2m([22m[2m9 tests[22m[2m)[22m[32m 7[2mms[22m[39m
 [32m✓[39m extensions/matrix/src/matrix/monitor/media.test.ts [2m([22m[2m2 tests[22m[2m)[22m[32m 5[2mms[22m[39m
 [32m✓[39m src/web/media.test.ts [2m([22m[2m23 tests[22m[2m)[22m[32m 187[2mms[22m[39m
 [32m✓[39m src/agents/tools/nodes-utils.test.ts [2m([22m[2m5 tests[22m[2m)[22m[32m 5[2mms[22m[39m
 [32m✓[39m extensions/mattermost/src/mattermost/probe.test.ts [2m([22m[2m5 tests[22m[2m)[22m[32m 6[2mms[22m[39m
 [32m✓[39m src/gateway/server/ws-connection/connect-policy.test.ts [2m([22m[2m4 tests[22m[2m)[22m[32m 2[2mms[22m[39m
[90mstdout[2m | src/auto-reply/reply/commands-subagents-spawn.test.ts
[22m[39m[MemoryStore] Initializing the Five-Tier Central Nervous System...
KnowledgeGraph connected to Neo4j successfully.

[90mstdout[2m | src/auto-reply/reply/commands-subagents-spawn.test.ts
[22m[39mKnowledgeGraph Schema Initialized.

 [31m❯[39m src/auto-reply/reply/commands-subagents-spawn.test.ts [2m([22m[2m0 test[22m[2m)[22m
 [32m✓[39m src/gateway/role-policy.test.ts [2m([22m[2m3 tests[22m[2m)[22m[32m 2[2mms[22m[39m
 [32m✓[39m src/gateway/protocol/index.test.ts [2m([22m[2m6 tests[22m[2m)[22m[32m 3[2mms[22m[39m
 [32m✓[39m src/gateway/control-ui-csp.test.ts [2m([22m[2m1 test[22m[2m)[22m[32m 3[2mms[22m[39m
 [32m✓[39m src/hooks/frontmatter.test.ts [2m([22m[2m20 tests[22m[2m)[22m[32m 14[2mms[22m[39m
 [32m✓[39m src/media-understanding/runner.video.test.ts [2m([22m[2m2 tests[22m[2m)[22m[32m 11[2mms[22m[39m
 [32m✓[39m src/commands/onboard-custom.test.ts [2m([22m[2m16 tests[22m[2m)[22m[32m 12[2mms[22m[39m
 [32m✓[39m src/cli/gateway-cli/run-loop.test.ts [2m([22m[2m8 tests[22m[2m)[22m[32m 22[2mms[22m[39m
 [32m✓[39m src/agents/tools/discord-actions.test.ts [2m([22m[2m37 tests[22m[2m)[22m[32m 12[2mms[22m[39m
 [32m✓[39m src/memory/working.test.ts [2m([22m[2m8 tests[22m[2m)[22m[32m 11[2mms[22m[39m
 [32m✓[39m src/browser/pw-tools-core.interactions.evaluate.abort.test.ts [2m([22m[2m2 tests[22m[2m)[22m[32m 10[2mms[22m[39m
[90mstdout[2m | src/infra/exec-approval-forwarder.test.ts
[22m[39m[MemoryStore] Initializing the Five-Tier Central Nervous System...
KnowledgeGraph connected to Neo4j successfully.

 [31m❯[39m src/infra/exec-approval-forwarder.test.ts [2m([22m[2m0 test[22m[2m)[22m
 [32m✓[39m src/docker-image-digests.test.ts [2m([22m[2m2 tests[22m[2m)[22m[32m 14[2mms[22m[39m
 [32m✓[39m src/memory/knowledge-graph/quarantine.test.ts [2m([22m[2m8 tests[22m[2m)[22m[32m 12[2mms[22m[39m
 [32m✓[39m src/gateway/server-methods/skills.update.normalizes-api-key.test.ts [2m([22m[2m1 test[22m[2m)[22m[32m 3[2mms[22m[39m
[90mstdout[2m | extensions/msteams/src/media-helpers.test.ts
[22m[39m[MemoryStore] Initializing the Five-Tier Central Nervous System...
KnowledgeGraph connected to Neo4j successfully.

 [31m❯[39m extensions/msteams/src/media-helpers.test.ts [2m([22m[2m0 test[22m[2m)[22m
[90mstdout[2m | extensions/bluebubbles/src/monitor-normalize.test.ts
[22m[39m[MemoryStore] Initializing the Five-Tier Central Nervous System...
KnowledgeGraph connected to Neo4j successfully.

 [31m❯[39m extensions/bluebubbles/src/monitor-normalize.test.ts [2m([22m[2m0 test[22m[2m)[22m
 [32m✓[39m src/config/paths.test.ts [2m([22m[2m10 tests[22m[2m)[22m[32m 11[2mms[22m[39m
 [32m✓[39m src/infra/retry.test.ts [2m([22m[2m9 tests[22m[2m)[22m[32m 12[2mms[22m[39m
 [32m✓[39m src/memory/outreach.test.ts [2m([22m[2m12 tests[22m[2m)[22m[32m 9[2mms[22m[39m
 [32m✓[39m src/slack/monitor/events/interactions.test.ts [2m([22m[2m18 tests[22m[2m)[22m[32m 13[2mms[22m[39m
[90mstdout[2m | src/commands/auth-choice.moonshot.test.ts
[22m[39m[MemoryStore] Initializing the Five-Tier Central Nervous System...
KnowledgeGraph connected to Neo4j successfully.

 [31m❯[39m src/commands/auth-choice.moonshot.test.ts [2m([22m[2m0 test[22m[2m)[22m
 [32m✓[39m src/scripts/canvas-a2ui-copy.test.ts [2m([22m[2m3 tests[22m[2m)[22m[32m 10[2mms[22m[39m
[90mstdout[2m | src/auto-reply/reply/commands-subagents-focus.test.ts
[22m[39m[MemoryStore] Initializing the Five-Tier Central Nervous System...
KnowledgeGraph connected to Neo4j successfully.

[90mstdout[2m | src/auto-reply/reply/commands-subagents-focus.test.ts
[22m[39mKnowledgeGraph Schema Initialized.

 [31m❯[39m src/auto-reply/reply/commands-subagents-focus.test.ts [2m([22m[2m0 test[22m[2m)[22m
 [32m✓[39m src/agents/pi-embedded-runner.sanitize-session-history.policy.test.ts [2m([22m[2m3 tests[22m[2m)[22m[32m 7[2mms[22m[39m
 [32m✓[39m src/agents/auth-profiles.runtime-snapshot-save.test.ts [2m([22m[2m1 test[22m[2m)[22m[32m 9[2mms[22m[39m
 [32m✓[39m src/agents/sandbox/config-hash.test.ts [2m([22m[2m9 tests[22m[2m)[22m[32m 3[2mms[22m[39m
 [32m✓[39m src/discord/monitor/thread-bindings.shared-state.test.ts [2m([22m[2m1 test[22m[2m)[22m[32m 10[2mms[22m[39m
 [32m✓[39m src/memory/reconciler.test.ts [2m([22m[2m5 tests[22m[2m)[22m[32m 7[2mms[22m[39m
 [32m✓[39m src/memory/temporal-decay.test.ts [2m([22m[2m6 tests[22m[2m)[22m[32m 10[2mms[22m[39m
 [32m✓[39m src/agents/shell-utils.test.ts [2m([22m[2m11 tests[22m[2m)[22m[32m 11[2mms[22m[39m
 [32m✓[39m src/cli/update-cli.option-collisions.test.ts [2m([22m[2m2 tests[22m[2m)[22m[32m 39[2mms[22m[39m
 [32m✓[39m src/infra/unhandled-rejections.fatal-detection.test.ts [2m([22m[2m5 tests[22m[2m)[22m[32m 8[2mms[22m[39m
 [32m✓[39m src/channels/plugins/account-helpers.test.ts [2m([22m[2m11 tests[22m[2m)[22m[32m 4[2mms[22m[39m
[90mstdout[2m | src/agents/ernos-tools.subagents.sessions-spawn-depth-limits.test.ts
[22m[39m[MemoryStore] Initializing the Five-Tier Central Nervous System...
KnowledgeGraph connected to Neo4j successfully.

[90mstdout[2m | src/agents/ernos-tools.subagents.sessions-spawn-depth-limits.test.ts
[22m[39mKnowledgeGraph Schema Initialized.

 [31m❯[39m src/agents/ernos-tools.subagents.sessions-spawn-depth-limits.test.ts [2m([22m[2m0 test[22m[2m)[22m
 [32m✓[39m src/imessage/send.test.ts [2m([22m[2m10 tests[22m[2m)[22m[32m 11[2mms[22m[39m
 [32m✓[39m src/infra/restart.test.ts [2m([22m[2m4 tests[22m[2m)[22m[32m 7[2mms[22m[39m
 [32m✓[39m src/memory/qmd-query-parser.test.ts [2m([22m[2m6 tests[22m[2m)[22m[32m 9[2mms[22m[39m
 [32m✓[39m src/web/login.coverage.test.ts [2m([22m[2m3 tests[22m[2m)[22m[32m 9[2mms[22m[39m
 [32m✓[39m src/memory/timeline.test.ts [2m([22m[2m6 tests[22m[2m)[22m[32m 8[2mms[22m[39m
 [32m✓[39m src/config/config.sandbox-docker.test.ts [2m([22m[2m20 tests[22m[2m)[22m[32m 8[2mms[22m[39m
 [32m✓[39m src/agents/pi-tool-definition-adapter.after-tool-call.test.ts [2m([22m[2m4 tests[22m[2m)[22m[32m 8[2mms[22m[39m
 [32m✓[39m src/hooks/install.test.ts [2m([22m[2m14 tests[22m[2m)[22m[32m 222[2mms[22m[39m
 [32m✓[39m src/infra/restart-sentinel.test.ts [2m([22m[2m7 tests[22m[2m)[22m[32m 21[2mms[22m[39m
 [32m✓[39m src/agents/pi-embedded-runner/extra-params.zai-tool-stream.test.ts [2m([22m[2m3 tests[22m[2m)[22m[32m 11[2mms[22m[39m
 [32m✓[39m src/agents/pi-embedded-runner/run.overflow-compaction.test.ts [2m([22m[2m4 tests[22m[2m)[22m[32m 23[2mms[22m[39m
[90mstdout[2m | src/commands/agents.identity.test.ts
[22m[39m[MemoryStore] Initializing the Five-Tier Central Nervous System...
KnowledgeGraph connected to Neo4j successfully.

 [31m❯[39m src/commands/agents.identity.test.ts [2m([22m[2m0 test[22m[2m)[22m
[90mstdout[2m | src/telegram/bot-native-commands.test.ts
[22m[39m[MemoryStore] Initializing the Five-Tier Central Nervous System...
KnowledgeGraph connected to Neo4j successfully.

 [31m❯[39m src/telegram/bot-native-commands.test.ts [2m([22m[2m0 test[22m[2m)[22m
 [32m✓[39m src/config/config.schema-regressions.test.ts [2m([22m[2m9 tests[22m[2m)[22m[32m 221[2mms[22m[39m
 [32m✓[39m src/media/mime.test.ts [2m([22m[2m40 tests[22m[2m)[22m[32m 12[2mms[22m[39m
 [32m✓[39m src/agents/auth-health.test.ts [2m([22m[2m3 tests[22m[2m)[22m[32m 3[2mms[22m[39m
 [32m✓[39m src/agents/pi-embedded-subscribe.subscribe-embedded-pi-session.does-not-call-onblockreplyflush-callback-is-not.test.ts [2m([22m[2m1 test[22m[2m)[22m[32m 5[2mms[22m[39m
 [32m✓[39m src/agents/pi-tool-definition-adapter.test.ts [2m([22m[2m4 tests[22m[2m)[22m[32m 8[2mms[22m[39m
 [32m✓[39m src/slack/monitor/slash.test.ts [2m([22m[2m24 tests[22m[2m)[22m[32m 146[2mms[22m[39m
 [32m✓[39m src/agents/skills.e2e-test-helpers.test.ts [2m([22m[2m3 tests[22m[2m)[22m[32m 10[2mms[22m[39m
 [32m✓[39m src/memory/lessons.test.ts [2m([22m[2m8 tests[22m[2m)[22m[32m 8[2mms[22m[39m
[90mstdout[2m | extensions/nostr/src/channel.test.ts
[22m[39m[MemoryStore] Initializing the Five-Tier Central Nervous System...
KnowledgeGraph connected to Neo4j successfully.

 [31m❯[39m extensions/nostr/src/channel.test.ts [2m([22m[2m0 test[22m[2m)[22m
[90mstdout[2m | extensions/nextcloud-talk/src/monitor.read-body.test.ts
[22m[39m[MemoryStore] Initializing the Five-Tier Central Nervous System...
KnowledgeGraph connected to Neo4j successfully.

[90mstdout[2m | extensions/nextcloud-talk/src/monitor.read-body.test.ts
[22m[39mKnowledgeGraph Schema Initialized.

 [31m❯[39m extensions/nextcloud-talk/src/monitor.read-body.test.ts [2m([22m[2m0 test[22m[2m)[22m
 [32m✓[39m src/memory/salience.test.ts [2m([22m[2m13 tests[22m[2m)[22m[32m 6[2mms[22m[39m
 [32m✓[39m src/tts/tts.test.ts [2m([22m[2m19 tests[22m[2m)[22m[32m 11[2mms[22m[39m
 [32m✓[39m src/tui/components/chat-log.test.ts [2m([22m[2m3 tests[22m[2m)[22m[32m 10[2mms[22m[39m
 [32m✓[39m src/config/thread-bindings-config-keys.test.ts [2m([22m[2m5 tests[22m[2m)[22m[32m 9[2mms[22m[39m
 [32m✓[39m src/test-helpers/state-dir-env.test.ts [2m([22m[2m4 tests[22m[2m)[22m[32m 9[2mms[22m[39m
[90mstdout[2m | src/agents/tools/message-tool.test.ts
[22m[39m[MemoryStore] Initializing the Five-Tier Central Nervous System...
KnowledgeGraph connected to Neo4j successfully.

 [31m❯[39m src/agents/tools/message-tool.test.ts [2m([22m[2m0 test[22m[2m)[22m
 [32m✓[39m src/shared/net/ip.test.ts [2m([22m[2m4 tests[22m[2m)[22m[32m 4[2mms[22m[39m
 [32m✓[39m src/memory/goals.test.ts [2m([22m[2m9 tests[22m[2m)[22m[32m 11[2mms[22m[39m
 [32m✓[39m src/canvas-host/server.state-dir.test.ts [2m([22m[2m1 test[22m[2m)[22m[32m 9[2mms[22m[39m
 [32m✓[39m src/commands/auth-choice.test.ts [2m([22m[2m26 tests[22m[2m)[22m[32m 180[2mms[22m[39m
 [32m✓[39m src/browser/server-context.remote-tab-ops.test.ts [2m([22m[2m9 tests[22m[2m)[22m[32m 9[2mms[22m[39m
 [32m✓[39m src/config/config.env-vars.test.ts [2m([22m[2m6 tests[22m[2m)[22m[32m 8[2mms[22m[39m
 [32m✓[39m src/signal/format.links.test.ts [2m([22m[2m3 tests[22m[2m)[22m[32m 9[2mms[22m[39m
[90mstdout[2m | src/agents/ernos-tools.subagents.sessions-spawn.cron-note.test.ts
[22m[39m[MemoryStore] Initializing the Five-Tier Central Nervous System...
KnowledgeGraph connected to Neo4j successfully.

 [31m❯[39m src/agents/ernos-tools.subagents.sessions-spawn.cron-note.test.ts [2m([22m[2m0 test[22m[2m)[22m
[90mstdout[2m | src/gateway/method-scopes.test.ts
[22m[39m[MemoryStore] Initializing the Five-Tier Central Nervous System...
KnowledgeGraph connected to Neo4j successfully.

[90mstdout[2m | src/gateway/method-scopes.test.ts
[22m[39mKnowledgeGraph Schema Initialized.

 [31m❯[39m src/gateway/method-scopes.test.ts [2m([22m[2m0 test[22m[2m)[22m
 [32m✓[39m src/browser/pw-tools-core.interactions.set-input-files.test.ts [2m([22m[2m2 tests[22m[2m)[22m[32m 10[2mms[22m[39m
[90mstdout[2m | extensions/nextcloud-talk/src/monitor.auth-order.test.ts
[22m[39m[MemoryStore] Initializing the Five-Tier Central Nervous System...
KnowledgeGraph connected to Neo4j successfully.

 [31m❯[39m extensions/nextcloud-talk/src/monitor.auth-order.test.ts [2m([22m[2m0 test[22m[2m)[22m
[90mstdout[2m | extensions/bluebubbles/src/targets.test.ts
[22m[39m[MemoryStore] Initializing the Five-Tier Central Nervous System...
KnowledgeGraph connected to Neo4j successfully.

 [31m❯[39m extensions/bluebubbles/src/targets.test.ts [2m([22m[2m0 test[22m[2m)[22m

[2m Test Files [22m [1m[31m36 failed[39m[22m[2m | [22m[1m[32m70 passed[39m[22m[90m (106)[39m
[2m      Tests [22m [1m[32m676 passed[39m[22m[2m | [22m[33m151 skipped[39m[90m (827)[39m
[2m   Start at [22m 11:20:16
[2m   Duration [22m 29.73s[2m (transform 25.51s, setup 6.18s, import 54.16s, tests 44.21s, environment 7ms)[22m

 [32m✓[39m src/agents/tools/browser-tool.test.ts [2m([22m[2m15 tests[22m[2m)[22m[32m 8[2mms[22m[39m
 [32m✓[39m src/agents/pi-embedded-subscribe.lifecycle-billing-error.test.ts [2m([22m[2m1 test[22m[2m)[22m[32m 13[2mms[22m[39m
 [32m✓[39m src/telegram/send.proxy.test.ts [2m([22m[2m3 tests[22m[2m)[22m[32m 13[2mms[22m[39m
 [32m✓[39m src/memory/calendar.test.ts [2m([22m[2m7 tests[22m[2m)[22m[32m 61[2mms[22m[39m
 [32m✓[39m extensions/msteams/src/mentions.test.ts [2m([22m[2m20 tests[22m[2m)[22m[32m 9[2mms[22m[39m
 [32m✓[39m src/infra/exec-approvals-allow-always.test.ts [2m([22m[2m11 tests[22m[2m)[22m[32m 17[2mms[22m[39m
 [32m✓[39m src/browser/chrome-extension-background-utils.test.ts [2m([22m[2m9 tests[22m[2m)[22m[32m 9[2mms[22m[39m
 [32m✓[39m src/slack/send.upload.test.ts [2m([22m[2m4 tests[22m[2m)[22m[32m 8[2mms[22m[39m
 [32m✓[39m src/agents/compaction.retry.test.ts [2m([22m[2m5 tests[22m[2m)[22m[32m 12[2mms[22m[39m
 [32m✓[39m src/signal/format.visual.test.ts [2m([22m[2m7 tests[22m[2m)[22m[32m 7[2mms[22m[39m
 [32m✓[39m src/security/salt-rotation.test.ts [2m([22m[2m5 tests[22m[2m)[22m[32m 8[2mms[22m[39m
 [32m✓[39m src/discord/monitor/model-picker.test.ts [2m([22m[2m24 tests[22m[2m)[22m[32m 10[2mms[22m[39m
 [32m✓[39m src/cli/program/register.setup.test.ts [2m([22m[2m4 tests[22m[2m)[22m[32m 20[2mms[22m[39m
 [32m✓[39m src/telegram/token.test.ts [2m([22m[2m7 tests[22m[2m)[22m[32m 12[2mms[22m[39m
 [32m✓[39m src/infra/path-env.test.ts [2m([22m[2m5 tests[22m[2m)[22m[32m 17[2mms[22m[39m
 [32m✓[39m src/agents/workspace-templates.test.ts [2m([22m[2m2 tests[22m[2m)[22m[32m 15[2mms[22m[39m
 [32m✓[39m src/agents/ollama-stream.test.ts [2m([22m[2m20 tests[22m[2m)[22m[32m 7[2mms[22m[39m
│
◇  Auth profiles ──────────────────────────────────────────────────────────╮
│                                                                          │
│  Deprecated external CLI auth profiles detected (no longer supported):   │
│  - anthropic:claude-cli (Anthropic): use setup-token → ernos models      │
│    auth setup-token                                                      │
│  - openai-codex:codex-cli (OpenAI Codex): use OAuth → ernos models auth  │
│    login --provider openai-codex                                         │
│                                                                          │
├──────────────────────────────────────────────────────────────────────────╯
│
◇  Doctor changes ───────────────────────────────╮
│                                                │
│  - removed anthropic:claude-cli from config    │
│  - removed openai-codex:codex-cli from config  │
│                                                │
├────────────────────────────────────────────────╯
[90mstdout[2m | src/infra/outbound/message-action-runner.threading.test.ts
[22m[39m[MemoryStore] Initializing the Five-Tier Central Nervous System...
KnowledgeGraph connected to Neo4j successfully.

 [31m❯[39m src/infra/outbound/message-action-runner.threading.test.ts [2m([22m[2m0 test[22m[2m)[22m
 [32m✓[39m src/commands/doctor-auth.deprecated-cli-profiles.test.ts [2m([22m[2m1 test[22m[2m)[22m[32m 7[2mms[22m[39m
 [32m✓[39m test/scripts/check-channel-agnostic-boundaries.test.ts [2m([22m[2m11 tests[22m[2m)[22m[32m 10[2mms[22m[39m
 [32m✓[39m src/cli/program/register.message.test.ts [2m([22m[2m2 tests[22m[2m)[22m[32m 100[2mms[22m[39m
 [32m✓[39m src/agents/tool-display.test.ts [2m([22m[2m20 tests[22m[2m)[22m[32m 9[2mms[22m[39m
[90mstdout[2m | src/plugins/voice-call.plugin.test.ts
[22m[39m[MemoryStore] Initializing the Five-Tier Central Nervous System...
KnowledgeGraph connected to Neo4j successfully.

 [31m❯[39m src/plugins/voice-call.plugin.test.ts [2m([22m[2m0 test[22m[2m)[22m
 [32m✓[39m src/browser/pw-tools-core.waits-next-download-saves-it.test.ts [2m([22m[2m7 tests[22m[2m)[22m[32m 17[2mms[22m[39m
 [32m✓[39m src/line/send.test.ts [2m([22m[2m8 tests[22m[2m)[22m[32m 16[2mms[22m[39m
 [32m✓[39m src/infra/install-flow.test.ts [2m([22m[2m5 tests[22m[2m)[22m[32m 11[2mms[22m[39m
 [32m✓[39m src/agents/pi-embedded-runner/run/payloads.errors.test.ts [2m([22m[2m28 tests[22m[2m)[22m[32m 10[2mms[22m[39m
 [32m✓[39m src/infra/control-ui-assets.test.ts [2m([22m[2m9 tests[22m[2m)[22m[32m 9[2mms[22m[39m
[90mstdout[2m | src/commands/channels.adds-non-default-telegram-account.test.ts
[22m[39m[MemoryStore] Initializing the Five-Tier Central Nervous System...
KnowledgeGraph connected to Neo4j successfully.

 [31m❯[39m src/commands/channels.adds-non-default-telegram-account.test.ts [2m([22m[2m0 test[22m[2m)[22m
 [32m✓[39m test/scripts/check-no-random-messaging-tmp.test.ts [2m([22m[2m5 tests[22m[2m)[22m[32m 8[2mms[22m[39m
 [32m✓[39m src/agents/pi-embedded-subscribe.handlers.tools.test.ts [2m([22m[2m10 tests[22m[2m)[22m[32m 9[2mms[22m[39m
 [32m✓[39m src/commands/auth-choice.apply-helpers.test.ts [2m([22m[2m12 tests[22m[2m)[22m[32m 11[2mms[22m[39m
 [32m✓[39m src/infra/bonjour.test.ts [2m([22m[2m7 tests[22m[2m)[22m[32m 16[2mms[22m[39m
 [32m✓[39m src/agents/models-config.providers.nvidia.test.ts [2m([22m[2m8 tests[22m[2m)[22m[32m 97[2mms[22m[39m
 [32m✓[39m src/channels/plugins/onboarding/helpers.test.ts [2m([22m[2m50 tests[22m[2m)[22m[32m 18[2mms[22m[39m
[90mstdout[2m | extensions/irc/src/inbound.policy.test.ts
[22m[39m[MemoryStore] Initializing the Five-Tier Central Nervous System...
KnowledgeGraph connected to Neo4j successfully.

 [31m❯[39m extensions/irc/src/inbound.policy.test.ts [2m([22m[2m0 test[22m[2m)[22m
[90mstdout[2m | extensions/googlechat/src/monitor.test.ts
[22m[39m[MemoryStore] Initializing the Five-Tier Central Nervous System...
KnowledgeGraph connected to Neo4j successfully.

 [31m❯[39m extensions/googlechat/src/monitor.test.ts [2m([22m[2m0 test[22m[2m)[22m
 [32m✓[39m src/infra/dotenv.test.ts [2m([22m[2m3 tests[22m[2m)[22m[32m 12[2mms[22m[39m
 [32m✓[39m src/cron/isolated-agent/run.skill-filter.test.ts [2m([22m[2m11 tests[22m[2m)[22m[32m 9[2mms[22m[39m
[90mstdout[2m | src/infra/outbound/targets.test.ts
[22m[39m[MemoryStore] Initializing the Five-Tier Central Nervous System...
KnowledgeGraph connected to Neo4j successfully.

 [31m❯[39m src/infra/outbound/targets.test.ts [2m([22m[2m0 test[22m[2m)[22m
 [32m✓[39m src/process/supervisor/adapters/pty.test.ts [2m([22m[2m9 tests[22m[2m)[22m[32m 9[2mms[22m[39m
 [32m✓[39m src/infra/net/ssrf.pinning.test.ts [2m([22m[2m15 tests[22m[2m)[22m[32m 9[2mms[22m[39m
 [32m✓[39m src/cli/exec-approvals-cli.test.ts [2m([22m[2m3 tests[22m[2m)[22m[32m 9[2mms[22m[39m
 [32m✓[39m src/tui/components/searchable-select-list.test.ts [2m([22m[2m19 tests[22m[2m)[22m[32m 8[2mms[22m[39m
 [32m✓[39m src/config/config.secrets-schema.test.ts [2m([22m[2m8 tests[22m[2m)[22m[32m 9[2mms[22m[39m
 [32m✓[39m src/browser/routes/dispatcher.abort.test.ts [2m([22m[2m2 tests[22m[2m)[22m[32m 4[2mms[22m[39m
 [32m✓[39m src/agents/pi-embedded-subscribe.handlers.tools.media.test.ts [2m([22m[2m10 tests[22m[2m)[22m[32m 9[2mms[22m[39m
[90mstdout[2m | extensions/bluebubbles/src/config-schema.test.ts
[22m[39m[MemoryStore] Initializing the Five-Tier Central Nervous System...
KnowledgeGraph connected to Neo4j successfully.

 [31m❯[39m extensions/bluebubbles/src/config-schema.test.ts [2m([22m[2m0 test[22m[2m)[22m
[90mstdout[2m | src/agents/session-tool-result-guard.tool-result-persist-hook.test.ts
[22m[39m[MemoryStore] Initializing the Five-Tier Central Nervous System...
KnowledgeGraph connected to Neo4j successfully.

 [31m❯[39m src/agents/session-tool-result-guard.tool-result-persist-hook.test.ts [2m([22m[2m0 test[22m[2m)[22m
 [32m✓[39m src/markdown/frontmatter.test.ts [2m([22m[2m5 tests[22m[2m)[22m[32m 14[2mms[22m[39m
 [32m✓[39m src/cron/service.issue-13992-regression.test.ts [2m([22m[2m5 tests[22m[2m)[22m[32m 6[2mms[22m[39m
 [32m✓[39m src/infra/tailscale.test.ts [2m([22m[2m12 tests[22m[2m)[22m[32m 8[2mms[22m[39m
[90mstdout[2m | src/discord/monitor/message-handler.preflight.test.ts
[22m[39m[MemoryStore] Initializing the Five-Tier Central Nervous System...
KnowledgeGraph connected to Neo4j successfully.

[90mstdout[2m | src/discord/monitor/message-handler.preflight.test.ts
[22m[39mKnowledgeGraph Schema Initialized.

 [31m❯[39m src/discord/monitor/message-handler.preflight.test.ts [2m([22m[2m0 test[22m[2m)[22m
[90mstdout[2m | extensions/msteams/src/policy.test.ts
[22m[39m[MemoryStore] Initializing the Five-Tier Central Nervous System...
KnowledgeGraph connected to Neo4j successfully.

 [31m❯[39m extensions/msteams/src/policy.test.ts [2m([22m[2m0 test[22m[2m)[22m
 [32m✓[39m src/infra/provider-usage.fetch.claude.test.ts [2m([22m[2m9 tests[22m[2m)[22m[32m 7[2mms[22m[39m
 [32m✓[39m src/config/config.dm-policy-alias.test.ts [2m([22m[2m4 tests[22m[2m)[22m[32m 8[2mms[22m[39m
 [32m✓[39m src/config/telegram-webhook-secret.test.ts [2m([22m[2m4 tests[22m[2m)[22m[32m 6[2mms[22m[39m
 [32m✓[39m src/media-understanding/runner.deepgram.test.ts [2m([22m[2m1 test[22m[2m)[22m[32m 9[2mms[22m[39m
 [32m✓[39m src/acp/client.test.ts [2m([22m[2m26 tests[22m[2m)[22m[32m 10[2mms[22m[39m
 [32m✓[39m src/media-understanding/providers/deepgram/audio.test.ts [2m([22m[2m3 tests[22m[2m)[22m[32m 5[2mms[22m[39m
 [32m✓[39m src/cli/program.force.test.ts [2m([22m[2m9 tests[22m[2m)[22m[32m 8[2mms[22m[39m
 [32m✓[39m src/logging/console-settings.test.ts [2m([22m[2m2 tests[22m[2m)[22m[32m 6[2mms[22m[39m
 [32m✓[39m src/daemon/launchd.test.ts [2m([22m[2m16 tests[22m[2m)[22m[32m 9[2mms[22m[39m
 [32m✓[39m src/agents/pi-embedded-helpers.isbillingerrormessage.test.ts [2m([22m[2m41 tests[22m[2m)[22m[32m 9[2mms[22m[39m
 [32m✓[39m src/infra/device-identity.state-dir.test.ts [2m([22m[2m1 test[22m[2m)[22m[32m 6[2mms[22m[39m
[90mstdout[2m | src/agents/sessions-spawn-threadid.test.ts
[22m[39m[MemoryStore] Initializing the Five-Tier Central Nervous System...
KnowledgeGraph connected to Neo4j successfully.

[90mstdout[2m | src/agents/sessions-spawn-threadid.test.ts
[22m[39mKnowledgeGraph Schema Initialized.

 [31m❯[39m src/agents/sessions-spawn-threadid.test.ts [2m([22m[2m0 test[22m[2m)[22m
 [32m✓[39m src/discord/monitor/provider.lifecycle.test.ts [2m([22m[2m5 tests[22m[2m)[22m[32m 8[2mms[22m[39m
[90mstdout[2m | src/commands/models/list.status.test.ts
[22m[39m[MemoryStore] Initializing the Five-Tier Central Nervous System...
KnowledgeGraph connected to Neo4j successfully.

[90mstdout[2m | src/commands/models/list.status.test.ts
[22m[39mKnowledgeGraph Schema Initialized.

 [31m❯[39m src/commands/models/list.status.test.ts [2m([22m[2m0 test[22m[2m)[22m
 [32m✓[39m src/cron/store.test.ts [2m([22m[2m3 tests[22m[2m)[22m[32m 6[2mms[22m[39m
[90mstdout[2m | src/commands/message.test.ts
[22m[39m[MemoryStore] Initializing the Five-Tier Central Nervous System...
KnowledgeGraph connected to Neo4j successfully.

[90mstdout[2m | src/commands/message.test.ts
[22m[39mKnowledgeGraph Schema Initialized.

 [31m❯[39m src/commands/message.test.ts [2m([22m[2m0 test[22m[2m)[22m
 [32m✓[39m src/media-understanding/providers/openai/audio.test.ts [2m([22m[2m3 tests[22m[2m)[22m[32m 6[2mms[22m[39m
[90mstdout[2m | src/auto-reply/reply.block-streaming.test.ts
[22m[39m[MemoryStore] Initializing the Five-Tier Central Nervous System...
KnowledgeGraph connected to Neo4j successfully.

[90mstdout[2m | src/auto-reply/reply.block-streaming.test.ts
[22m[39mKnowledgeGraph Schema Initialized.

 [31m❯[39m src/auto-reply/reply.block-streaming.test.ts [2m([22m[2m0 test[22m[2m)[22m
 [32m✓[39m src/cli/browser-cli-state.option-collisions.test.ts [2m([22m[2m9 tests[22m[2m)[22m[32m 10[2mms[22m[39m
[90mstdout[2m | src/signal/monitor.tool-result.pairs-uuid-only-senders-uuid-allowlist-entry.test.ts
[22m[39m[MemoryStore] Initializing the Five-Tier Central Nervous System...
KnowledgeGraph connected to Neo4j successfully.

[90mstdout[2m | src/signal/monitor.tool-result.pairs-uuid-only-senders-uuid-allowlist-entry.test.ts
[22m[39mKnowledgeGraph Schema Initialized.

 [31m❯[39m src/signal/monitor.tool-result.pairs-uuid-only-senders-uuid-allowlist-entry.test.ts [2m([22m[2m0 test[22m[2m)[22m
 [32m✓[39m src/browser/server.agent-contract-snapshot-endpoints.test.ts [2m([22m[2m2 tests[22m[2m)[22m[32m 76[2mms[22m[39m
[90mstdout[2m | extensions/tlon/src/urbit/sse-client.test.ts
[22m[39m[MemoryStore] Initializing the Five-Tier Central Nervous System...
KnowledgeGraph connected to Neo4j successfully.

 [31m❯[39m extensions/tlon/src/urbit/sse-client.test.ts [2m([22m[2m0 test[22m[2m)[22m
[90mstdout[2m | extensions/msteams/src/monitor-handler/message-handler.authz.test.ts
[22m[39m[MemoryStore] Initializing the Five-Tier Central Nervous System...
KnowledgeGraph connected to Neo4j successfully.

[90mstdout[2m | extensions/msteams/src/monitor-handler/message-handler.authz.test.ts
[22m[39mKnowledgeGraph Schema Initialized.

 [31m❯[39m extensions/msteams/src/monitor-handler/message-handler.authz.test.ts [2m([22m[2m0 test[22m[2m)[22m
 [32m✓[39m src/config/slack-token-validation.test.ts [2m([22m[2m4 tests[22m[2m)[22m[32m 7[2mms[22m[39m
 [32m✓[39m extensions/acpx/src/ensure.test.ts [2m([22m[2m4 tests[22m[2m)[22m[32m 4[2mms[22m[39m
 [32m✓[39m src/config/config.web-search-provider.test.ts [2m([22m[2m14 tests[22m[2m)[22m[32m 7[2mms[22m[39m
 [32m✓[39m extensions/zalouser/src/send.test.ts [2m([22m[2m7 tests[22m[2m)[22m[32m 6[2mms[22m[39m
 [32m✓[39m src/infra/git-root.test.ts [2m([22m[2m4 tests[22m[2m)[22m[32m 14[2mms[22m[39m
 [32m✓[39m src/config/slack-http-config.test.ts [2m([22m[2m4 tests[22m[2m)[22m[32m 8[2mms[22m[39m
 [32m✓[39m src/security/external-content.test.ts [2m([22m[2m33 tests[22m[2m)[22m[32m 14[2mms[22m[39m
[90mstdout[2m | src/imessage/monitor.gating.test.ts
[22m[39m[MemoryStore] Initializing the Five-Tier Central Nervous System...
KnowledgeGraph connected to Neo4j successfully.

[90mstdout[2m | src/imessage/monitor.gating.test.ts
[22m[39mKnowledgeGraph Schema Initialized.

 [31m❯[39m src/imessage/monitor.gating.test.ts [2m([22m[2m0 test[22m[2m)[22m
[90mstdout[2m | src/agents/pi-tools.message-provider-policy.test.ts
[22m[39m[MemoryStore] Initializing the Five-Tier Central Nervous System...
KnowledgeGraph connected to Neo4j successfully.

[90mstdout[2m | src/agents/pi-tools.message-provider-policy.test.ts
[22m[39mKnowledgeGraph Schema Initialized.

 [31m❯[39m src/agents/pi-tools.message-provider-policy.test.ts [2m([22m[2m0 test[22m[2m)[22m
 [32m✓[39m src/commands/agent/session-store.test.ts [2m([22m[2m1 test[22m[2m)[22m[32m 9[2mms[22m[39m
 [32m✓[39m src/markdown/ir.table-code.test.ts [2m([22m[2m4 tests[22m[2m)[22m[32m 8[2mms[22m[39m
 [32m✓[39m src/agents/tools/sessions.test.ts [2m([22m[2m11 tests[22m[2m)[22m[32m 8[2mms[22m[39m
 [32m✓[39m src/agents/auth-profiles/session-override.test.ts [2m([22m[2m1 test[22m[2m)[22m[32m 8[2mms[22m[39m
 [32m✓[39m src/routing/resolve-route.test.ts [2m([22m[2m35 tests[22m[2m)[22m[32m 8[2mms[22m[39m
[90mstdout[2m | src/infra/system-events.test.ts
[22m[39m[MemoryStore] Initializing the Five-Tier Central Nervous System...
KnowledgeGraph connected to Neo4j successfully.

[90mstdout[2m | src/infra/system-events.test.ts
[22m[39mKnowledgeGraph Schema Initialized.

 [31m❯[39m src/infra/system-events.test.ts [2m([22m[2m0 test[22m[2m)[22m
 [32m✓[39m src/commands/sandbox.test.ts [2m([22m[2m19 tests[22m[2m)[22m[32m 9[2mms[22m[39m
[90mstdout[2m | extensions/acpx/src/service.test.ts
[22m[39m[MemoryStore] Initializing the Five-Tier Central Nervous System...
KnowledgeGraph connected to Neo4j successfully.

 [31m❯[39m extensions/acpx/src/service.test.ts [2m([22m[2m0 test[22m[2m)[22m
 [32m✓[39m src/cli/program/command-registry.test.ts [2m([22m[2m9 tests[22m[2m)[22m[32m 9[2mms[22m[39m
 [32m✓[39m src/agents/subagent-announce-queue.test.ts [2m([22m[2m4 tests[22m[2m)[22m[32m 5[2mms[22m[39m
[90mstdout[2m | extensions/mattermost/src/mattermost/monitor.authz.test.ts
[22m[39m[MemoryStore] Initializing the Five-Tier Central Nervous System...
KnowledgeGraph connected to Neo4j successfully.

[90mstdout[2m | extensions/mattermost/src/mattermost/monitor.authz.test.ts
[22m[39mKnowledgeGraph Schema Initialized.

 [31m❯[39m extensions/mattermost/src/mattermost/monitor.authz.test.ts [2m([22m[2m0 test[22m[2m)[22m
 [32m✓[39m src/agents/skills/plugin-skills.test.ts [2m([22m[2m2 tests[22m[2m)[22m[32m 9[2mms[22m[39m
 [32m✓[39m src/line/webhook.test.ts [2m([22m[2m7 tests[22m[2m)[22m[32m 6[2mms[22m[39m
 [32m✓[39m src/plugin-sdk/temp-path.test.ts [2m([22m[2m4 tests[22m[2m)[22m[32m 6[2mms[22m[39m
 [32m✓[39m src/infra/exec-approvals-parity.test.ts [2m([22m[2m20 tests[22m[2m)[22m[32m 12[2mms[22m[39m
 [32m✓[39m src/infra/exec-approvals-config.test.ts [2m([22m[2m9 tests[22m[2m)[22m[32m 7[2mms[22m[39m
 [32m✓[39m src/plugins/cli.test.ts [2m([22m[2m1 test[22m[2m)[22m[32m 7[2mms[22m[39m
 [31m❯[39m src/agents/ernos-tools.sessions-visibility.test.ts [2m([22m[2m0 test[22m[2m)[22m
[90mstdout[2m | src/auto-reply/reply/commands-session-lifecycle.test.ts
[22m[39m[MemoryStore] Initializing the Five-Tier Central Nervous System...
KnowledgeGraph connected to Neo4j successfully.

[90mstdout[2m | src/auto-reply/reply/commands-session-lifecycle.test.ts
[22m[39mKnowledgeGraph Schema Initialized.

 [31m❯[39m src/auto-reply/reply/commands-session-lifecycle.test.ts [2m([22m[2m0 test[22m[2m)[22m
 [32m✓[39m src/browser/server.post-tabs-open-profile-unknown-returns-404.test.ts [2m([22m[2m3 tests[22m[2m)[22m[32m 76[2mms[22m[39m
 [32m✓[39m src/config/config.irc.test.ts [2m([22m[2m7 tests[22m[2m)[22m[32m 10[2mms[22m[39m
 [32m✓[39m src/infra/provider-usage.fetch.minimax.test.ts [2m([22m[2m8 tests[22m[2m)[22m[32m 6[2mms[22m[39m
 [32m✓[39m src/cli/qr-cli.test.ts [2m([22m[2m8 tests[22m[2m)[22m[32m 7[2mms[22m[39m
 [32m✓[39m src/infra/exec-safe-bin-runtime-policy.test.ts [2m([22m[2m16 tests[22m[2m)[22m[32m 6[2mms[22m[39m
 [32m✓[39m src/hooks/gmail-setup-utils.test.ts [2m([22m[2m3 tests[22m[2m)[22m[32m 8[2mms[22m[39m
 [32m✓[39m src/browser/pw-tools-core.clamps-timeoutms-scrollintoview.test.ts [2m([22m[2m6 tests[22m[2m)[22m[32m 5[2mms[22m[39m
 [32m✓[39m test/scripts/check-no-raw-window-open.test.ts [2m([22m[2m4 tests[22m[2m)[22m[32m 7[2mms[22m[39m
 [32m✓[39m src/hooks/import-url.test.ts [2m([22m[2m7 tests[22m[2m)[22m[32m 7[2mms[22m[39m
[90mstdout[2m | src/commands/agent.delivery.test.ts
[22m[39m[MemoryStore] Initializing the Five-Tier Central Nervous System...
KnowledgeGraph connected to Neo4j successfully.

 [31m❯[39m src/commands/agent.delivery.test.ts [2m([22m[2m0 test[22m[2m)[22m
 [32m✓[39m src/infra/net/ssrf.test.ts [2m([22m[2m9 tests[22m[2m)[22m[32m 7[2mms[22m[39m
 [32m✓[39m src/security/egress-filter.test.ts [2m([22m[2m10 tests[22m[2m)[22m[32m 3[2mms[22m[39m
 [32m✓[39m src/media-understanding/providers/moonshot/video.test.ts [2m([22m[2m2 tests[22m[2m)[22m[32m 5[2mms[22m[39m
 [32m✓[39m src/auto-reply/chunk.test.ts [2m([22m[2m30 tests[22m[2m)[22m[32m 9[2mms[22m[39m
 [32m✓[39m src/line/webhook-node.test.ts [2m([22m[2m8 tests[22m[2m)[22m[32m 5[2mms[22m[39m
 [32m✓[39m src/infra/archive.test.ts [2m([22m[2m11 tests[22m[2m)[22m[32m 56[2mms[22m[39m
 [32m✓[39m src/line/probe.test.ts [2m([22m[2m2 tests[22m[2m)[22m[32m 5[2mms[22m[39m
 [32m✓[39m src/security/windows-acl.test.ts [2m([22m[2m35 tests[22m[2m)[22m[32m 8[2mms[22m[39m
 [32m✓[39m src/memory/query-expansion.test.ts [2m([22m[2m26 tests[22m[2m)[22m[32m 8[2mms[22m[39m
 [32m✓[39m src/cli/program/message/helpers.test.ts [2m([22m[2m10 tests[22m[2m)[22m[32m 9[2mms[22m[39m
 [32m✓[39m src/agents/ernos-tools.subagents.sessions-spawn.lifecycle.test.ts [2m([22m[2m5 tests[22m[2m)[22m[32m 68[2mms[22m[39m
 [32m✓[39m src/cli/nodes-cli/register.invoke.nodes-run-approval-timeout.test.ts [2m([22m[2m4 tests[22m[2m)[22m[32m 10[2mms[22m[39m
[90mstdout[2m | src/agents/pi-tools.whatsapp-login-gating.test.ts
[22m[39m[MemoryStore] Initializing the Five-Tier Central Nervous System...
KnowledgeGraph connected to Neo4j successfully.

[90mstdout[2m | src/agents/pi-tools.whatsapp-login-gating.test.ts
[22m[39mKnowledgeGraph Schema Initialized.

 [31m❯[39m src/agents/pi-tools.whatsapp-login-gating.test.ts [2m([22m[2m0 test[22m[2m)[22m
 [32m✓[39m src/agents/tools/web-search.test.ts [2m([22m[2m37 tests[22m[2m)[22m[32m 6[2mms[22m[39m
 [32m✓[39m src/cron/service.issue-17852-daily-skip.test.ts [2m([22m[2m2 tests[22m[2m)[22m[32m 3[2mms[22m[39m
 [32m✓[39m src/config/config.discord-presence.test.ts [2m([22m[2m5 tests[22m[2m)[22m[32m 5[2mms[22m[39m
 [32m✓[39m src/browser/client-fetch.loopback-auth.test.ts [2m([22m[2m5 tests[22m[2m)[22m[32m 6[2mms[22m[39m
 [32m✓[39m src/agents/tools/discord-actions-presence.test.ts [2m([22m[2m18 tests[22m[2m)[22m[32m 6[2mms[22m[39m
 [32m✓[39m src/agents/pi-embedded-helpers.sanitizeuserfacingtext.test.ts [2m([22m[2m58 tests[22m[2m)[22m[32m 9[2mms[22m[39m
 [32m✓[39m src/agents/auth-profiles/usage.test.ts [2m([22m[2m37 tests[22m[2m)[22m[32m 7[2mms[22m[39m
 [32m✓[39m src/cli/system-cli.test.ts [2m([22m[2m7 tests[22m[2m)[22m[32m 7[2mms[22m[39m
 [32m✓[39m src/agents/skills.summarize-skill-description.test.ts [2m([22m[2m1 test[22m[2m)[22m[32m 7[2mms[22m[39m
 [31m❯[39m test/integration/tools-registration.test.ts [2m([22m[2m0 test[22m[2m)[22m
[90mstdout[2m | extensions/irc/src/config-schema.test.ts
[22m[39m[MemoryStore] Initializing the Five-Tier Central Nervous System...
KnowledgeGraph connected to Neo4j successfully.

 [31m❯[39m extensions/irc/src/config-schema.test.ts [2m([22m[2m0 test[22m[2m)[22m
[90mstdout[2m | extensions/voice-call/src/config.test.ts
[22m[39m[MemoryStore] Initializing the Five-Tier Central Nervous System...
KnowledgeGraph connected to Neo4j successfully.

 [31m❯[39m extensions/voice-call/src/config.test.ts [2m([22m[2m0 test[22m[2m)[22m
 [32m✓[39m src/cli/secrets-cli.test.ts [2m([22m[2m4 tests[22m[2m)[22m[32m 9[2mms[22m[39m
 [32m✓[39m src/daemon/service-env.test.ts [2m([22m[2m37 tests[22m[2m)[22m[32m 10[2mms[22m[39m
 [32m✓[39m extensions/twitch/src/status.test.ts [2m([22m[2m12 tests[22m[2m)[22m[32m 6[2mms[22m[39m
 [32m✓[39m src/web/accounts.whatsapp-auth.test.ts [2m([22m[2m4 tests[22m[2m)[22m[32m 7[2mms[22m[39m
 [32m✓[39m src/cron/normalize.test.ts [2m([22m[2m24 tests[22m[2m)[22m[32m 6[2mms[22m[39m
[90mstdout[2m | src/telegram/bot-native-commands.plugin-auth.test.ts
[22m[39m[MemoryStore] Initializing the Five-Tier Central Nervous System...
KnowledgeGraph connected to Neo4j successfully.

 [31m❯[39m src/telegram/bot-native-commands.plugin-auth.test.ts [2m([22m[2m0 test[22m[2m)[22m
 [32m✓[39m src/agents/model-fallback.probe.test.ts [2m([22m[2m12 tests[22m[2m)[22m[32m 8[2mms[22m[39m
 [32m✓[39m src/config/telegram-webhook-port.test.ts [2m([22m[2m3 tests[22m[2m)[22m[32m 6[2mms[22m[39m
 [32m✓[39m src/discord/monitor/provider.proxy.test.ts [2m([22m[2m3 tests[22m[2m)[22m[32m 7[2mms[22m[39m
 [32m✓[39m src/security/fix.test.ts [2m([22m[2m5 tests[22m[2m)[22m[32m 81[2mms[22m[39m
 [32m✓[39m src/agents/skills-install.download.test.ts [2m([22m[2m5 tests[22m[2m)[22m[32m 55[2mms[22m[39m
 [32m✓[39m src/commands/onboarding/plugin-install.test.ts [2m([22m[2m5 tests[22m[2m)[22m[32m 7[2mms[22m[39m
 [32m✓[39m extensions/matrix/src/matrix/actions/reactions.test.ts [2m([22m[2m3 tests[22m[2m)[22m[32m 5[2mms[22m[39m
 [32m✓[39m src/channels/plugins/plugins-channel.test.ts [2m([22m[2m21 tests[22m[2m)[22m[32m 8[2mms[22m[39m
[90mstdout[2m | extensions/irc/src/onboarding.test.ts
[22m[39m[MemoryStore] Initializing the Five-Tier Central Nervous System...
KnowledgeGraph connected to Neo4j successfully.

 [31m❯[39m extensions/irc/src/onboarding.test.ts [2m([22m[2m0 test[22m[2m)[22m
[90mstdout[2m | extensions/voice-call/src/providers/telnyx.test.ts
[22m[39m[MemoryStore] Initializing the Five-Tier Central Nervous System...
KnowledgeGraph connected to Neo4j successfully.

 [31m❯[39m extensions/voice-call/src/providers/telnyx.test.ts [2m([22m[2m0 test[22m[2m)[22m
[90mstdout[2m | src/commands/agents.bind.commands.test.ts
[22m[39m[MemoryStore] Initializing the Five-Tier Central Nervous System...
KnowledgeGraph connected to Neo4j successfully.

 [31m❯[39m src/commands/agents.bind.commands.test.ts [2m([22m[2m0 test[22m[2m)[22m
 [32m✓[39m src/auto-reply/envelope.test.ts [2m([22m[2m12 tests[22m[2m)[22m[32m 39[2mms[22m[39m
 [32m✓[39m src/browser/server-context.ensure-tab-available.prefers-last-target.test.ts [2m([22m[2m3 tests[22m[2m)[22m[32m 9[2mms[22m[39m
 [32m✓[39m src/browser/server.auth-token-gates-http.test.ts [2m([22m[2m1 test[22m[2m)[22m[32m 40[2mms[22m[39m
 [32m✓[39m extensions/twitch/src/access-control.test.ts [2m([22m[2m31 tests[22m[2m)[22m[32m 5[2mms[22m[39m
 [32m✓[39m src/cli/logs-cli.test.ts [2m([22m[2m11 tests[22m[2m)[22m[32m 6[2mms[22m[39m
 [32m✓[39m src/infra/state-migrations.state-dir.test.ts [2m([22m[2m1 test[22m[2m)[22m[32m 5[2mms[22m[39m
 [32m✓[39m src/media-understanding/providers/mistral/index.test.ts [2m([22m[2m3 tests[22m[2m)[22m[32m 4[2mms[22m[39m
 [32m✓[39m extensions/twitch/src/send.test.ts [2m([22m[2m9 tests[22m[2m)[22m[32m 4[2mms[22m[39m
 [32m✓[39m extensions/matrix/src/directory-live.test.ts [2m([22m[2m4 tests[22m[2m)[22m[32m 3[2mms[22m[39m
 [32m✓[39m src/imessage/targets.test.ts [2m([22m[2m12 tests[22m[2m)[22m[32m 5[2mms[22m[39m
 [32m✓[39m src/agents/skills/bundled-dir.test.ts [2m([22m[2m2 tests[22m[2m)[22m[32m 6[2mms[22m[39m
 [32m✓[39m src/utils.test.ts [2m([22m[2m28 tests[22m[2m)[22m[32m 20[2mms[22m[39m
 [32m✓[39m src/plugins/tools.optional.test.ts [2m([22m[2m6 tests[22m[2m)[22m[32m 12[2mms[22m[39m
[90mstdout[2m | src/auto-reply/reply/directive-handling.model.test.ts
[22m[39m[MemoryStore] Initializing the Five-Tier Central Nervous System...
KnowledgeGraph connected to Neo4j successfully.

[90mstdout[2m | src/auto-reply/reply/directive-handling.model.test.ts
[22m[39mKnowledgeGraph Schema Initialized.

 [31m❯[39m src/auto-reply/reply/directive-handling.model.test.ts [2m([22m[2m0 test[22m[2m)[22m
 [32m✓[39m src/commands/onboard-auth.config-core.kilocode.test.ts [2m([22m[2m16 tests[22m[2m)[22m[32m 6[2mms[22m[39m
 [32m✓[39m src/infra/bonjour-discovery.test.ts [2m([22m[2m4 tests[22m[2m)[22m[32m 7[2mms[22m[39m
 [32m✓[39m src/auto-reply/tool-meta.test.ts [2m([22m[2m6 tests[22m[2m)[22m[32m 5[2mms[22m[39m
 [32m✓[39m src/agents/pi-embedded-subscribe.subscribe-embedded-pi-session.filters-final-suppresses-output-without-start-tag.test.ts [2m([22m[2m4 tests[22m[2m)[22m[32m 6[2mms[22m[39m
 [32m✓[39m src/discord/monitor/message-utils.test.ts [2m([22m[2m20 tests[22m[2m)[22m[32m 9[2mms[22m[39m
 [32m✓[39m src/infra/npm-pack-install.test.ts [2m([22m[2m10 tests[22m[2m)[22m[32m 6[2mms[22m[39m
 [32m✓[39m src/agents/pi-embedded-subscribe.subscribe-embedded-pi-session.reopens-fenced-blocks-splitting-inside-them.test.ts [2m([22m[2m2 tests[22m[2m)[22m[32m 12[2mms[22m[39m
 [32m✓[39m src/imessage/monitor.shutdown.unhandled-rejection.test.ts [2m([22m[2m1 test[22m[2m)[22m[32m 4[2mms[22m[39m
 [32m✓[39m src/agents/session-tool-result-guard.test.ts [2m([22m[2m18 tests[22m[2m)[22m[32m 10[2mms[22m[39m
 [32m✓[39m src/channels/plugins/onboarding/whatsapp.test.ts [2m([22m[2m8 tests[22m[2m)[22m[32m 7[2mms[22m[39m
 [32m✓[39m src/config/config.hooks-module-paths.test.ts [2m([22m[2m4 tests[22m[2m)[22m[32m 14[2mms[22m[39m
[90mstdout[2m | src/auto-reply/reply.directive.parse.test.ts
[22m[39m[MemoryStore] Initializing the Five-Tier Central Nervous System...
KnowledgeGraph connected to Neo4j successfully.

 [31m❯[39m src/auto-reply/reply.directive.parse.test.ts [2m([22m[2m0 test[22m[2m)[22m
 [32m✓[39m src/security/dm-policy-shared.test.ts [2m([22m[2m48 tests[22m[2m)[22m[32m 16[2mms[22m[39m
 [32m✓[39m src/agents/pi-embedded-subscribe.subscribe-embedded-pi-session.streams-soft-chunks-paragraph-preference.test.ts [2m([22m[2m2 tests[22m[2m)[22m[32m 7[2mms[22m[39m
 [32m✓[39m src/agents/pi-embedded-subscribe.subscribe-embedded-pi-session.emits-reasoning-as-separate-message-enabled.test.ts [2m([22m[2m5 tests[22m[2m)[22m[32m 7[2mms[22m[39m
 [31m❯[39m src/auto-reply/reply/get-reply-inline-actions.skip-when-config-empty.test.ts [2m([22m[2m0 test[22m[2m)[22m
 [32m✓[39m src/agents/openai-responses.reasoning-replay.test.ts [2m([22m[2m2 tests[22m[2m)[22m[32m 6[2mms[22m[39m
 [32m✓[39m src/agents/models-config.normalizes-gemini-3-ids-preview-google-providers.test.ts [2m([22m[2m1 test[22m[2m)[22m[32m 12[2mms[22m[39m

[2m Test Files [22m [1m[31m9 failed[39m[22m[2m | [22m[1m[32m37 passed[39m[22m[90m (46)[39m
[2m      Tests [22m [1m[32m446 passed[39m[22m[2m | [22m[33m6 skipped[39m[90m (452)[39m
[2m   Start at [22m 11:20:16
[2m   Duration [22m 35.73s[2m (transform 11.15s, setup 2.50s, import 18.56s, tests 25.66s, environment 3ms)[22m

 [32m✓[39m src/cli/program/register.subclis.test.ts [2m([22m[2m4 tests[22m[2m)[22m[32m 7[2mms[22m[39m
 [31m❯[39m src/agents/ernos-tools.agents.test.ts [2m([22m[2m0 test[22m[2m)[22m
[90mstdout[2m | src/auto-reply/reply/commands-context-report.test.ts
[22m[39m[MemoryStore] Initializing the Five-Tier Central Nervous System...
KnowledgeGraph connected to Neo4j successfully.

[90mstdout[2m | src/auto-reply/reply/commands-context-report.test.ts
[22m[39mKnowledgeGraph Schema Initialized.

 [31m❯[39m src/auto-reply/reply/commands-context-report.test.ts [2m([22m[2m0 test[22m[2m)[22m
 [32m✓[39m src/agents/acp-spawn.test.ts [2m([22m[2m5 tests[22m[2m)[22m[32m 6[2mms[22m[39m
 [32m✓[39m src/media-understanding/providers/google/video.test.ts [2m([22m[2m2 tests[22m[2m)[22m[32m 10[2mms[22m[39m
 [32m✓[39m src/telegram/network-errors.test.ts [2m([22m[2m12 tests[22m[2m)[22m[32m 7[2mms[22m[39m
 [32m✓[39m src/acp/translator.session-rate-limit.test.ts [2m([22m[2m4 tests[22m[2m)[22m[32m 13[2mms[22m[39m
 [32m✓[39m src/browser/navigation-guard.test.ts [2m([22m[2m12 tests[22m[2m)[22m[32m 6[2mms[22m[39m
 [32m✓[39m src/line/markdown-to-line.test.ts [2m([22m[2m18 tests[22m[2m)[22m[32m 7[2mms[22m[39m
 [32m✓[39m src/agents/pi-embedded-subscribe.subscribe-embedded-pi-session.emits-block-replies-text-end-does-not.test.ts [2m([22m[2m2 tests[22m[2m)[22m[32m 4[2mms[22m[39m
 [32m✓[39m src/infra/tmp-ernos-dir.test.ts [2m([22m[2m11 tests[22m[2m)[22m[32m 6[2mms[22m[39m
 [32m✓[39m src/tui/tui-event-handlers.test.ts [2m([22m[2m13 tests[22m[2m)[22m[32m 6[2mms[22m[39m
[90mstdout[2m | extensions/nextcloud-talk/src/inbound.authz.test.ts
[22m[39m[MemoryStore] Initializing the Five-Tier Central Nervous System...
KnowledgeGraph connected to Neo4j successfully.

[90mstdout[2m | extensions/nextcloud-talk/src/inbound.authz.test.ts
[22m[39mKnowledgeGraph Schema Initialized.

 [31m❯[39m extensions/nextcloud-talk/src/inbound.authz.test.ts [2m([22m[2m0 test[22m[2m)[22m
 [32m✓[39m src/config/normalize-paths.test.ts [2m([22m[2m1 test[22m[2m)[22m[32m 6[2mms[22m[39m
 [32m✓[39m extensions/voice-call/src/providers/twilio.test.ts [2m([22m[2m6 tests[22m[2m)[22m[32m 5[2mms[22m[39m
 [32m✓[39m src/config/config.telegram-custom-commands.test.ts [2m([22m[2m2 tests[22m[2m)[22m[32m 6[2mms[22m[39m
 [32m✓[39m src/infra/shell-env.test.ts [2m([22m[2m13 tests[22m[2m)[22m[32m 7[2mms[22m[39m
 [32m✓[39m src/auto-reply/reply/memory-flush.test.ts [2m([22m[2m2 tests[22m[2m)[22m[32m 9[2mms[22m[39m
 [32m✓[39m src/agents/pi-embedded-subscribe.subscribe-embedded-pi-session.does-not-emit-duplicate-block-replies-text.test.ts [2m([22m[2m5 tests[22m[2m)[22m[32m 4[2mms[22m[39m
 [32m✓[39m src/browser/pw-session.test.ts [2m([22m[2m6 tests[22m[2m)[22m[32m 6[2mms[22m[39m
 [32m✓[39m src/infra/exec-obfuscation-detect.test.ts [2m([22m[2m22 tests[22m[2m)[22m[32m 8[2mms[22m[39m
 [32m✓[39m src/discord/send.webhook-activity.test.ts [2m([22m[2m1 test[22m[2m)[22m[32m 5[2mms[22m[39m
 [32m✓[39m src/infra/ernos-root.test.ts [2m([22m[2m7 tests[22m[2m)[22m[32m 12[2mms[22m[39m
 [32m✓[39m src/tui/tui-command-handlers.test.ts [2m([22m[2m5 tests[22m[2m)[22m[32m 6[2mms[22m[39m
[90mstdout[2m | extensions/line/src/channel.logout.test.ts
[22m[39m[MemoryStore] Initializing the Five-Tier Central Nervous System...
KnowledgeGraph connected to Neo4j successfully.

 [31m❯[39m extensions/line/src/channel.logout.test.ts [2m([22m[2m0 test[22m[2m)[22m
 [32m✓[39m src/telegram/probe.test.ts [2m([22m[2m5 tests[22m[2m)[22m[32m 9[2mms[22m[39m
[90mstdout[2m | src/imessage/monitor/inbound-processing.test.ts
[22m[39m[MemoryStore] Initializing the Five-Tier Central Nervous System...
KnowledgeGraph connected to Neo4j successfully.

[90mstdout[2m | src/imessage/monitor/inbound-processing.test.ts
[22m[39mKnowledgeGraph Schema Initialized.

 [31m❯[39m src/imessage/monitor/inbound-processing.test.ts [2m([22m[2m0 test[22m[2m)[22m
 [32m✓[39m extensions/irc/src/client.test.ts [2m([22m[2m4 tests[22m[2m)[22m[32m 3[2mms[22m[39m
 [32m✓[39m extensions/feishu/src/targets.test.ts [2m([22m[2m3 tests[22m[2m)[22m[32m 3[2mms[22m[39m
 [32m✓[39m src/config/config.msteams.test.ts [2m([22m[2m2 tests[22m[2m)[22m[32m 9[2mms[22m[39m
 [32m✓[39m extensions/msteams/src/probe.test.ts [2m([22m[2m3 tests[22m[2m)[22m[32m 5[2mms[22m[39m
 [32m✓[39m src/infra/exec-safe-bin-policy.test.ts [2m([22m[2m84 tests[22m[2m)[22m[32m 32[2mms[22m[39m
[90mstdout[2m | extensions/imessage/src/channel.outbound.test.ts
[22m[39m[MemoryStore] Initializing the Five-Tier Central Nervous System...
KnowledgeGraph connected to Neo4j successfully.

 [31m❯[39m extensions/imessage/src/channel.outbound.test.ts [2m([22m[2m0 test[22m[2m)[22m
 [32m✓[39m src/agents/pi-embedded-subscribe.subscribe-embedded-pi-session.keeps-assistanttexts-final-answer-block-replies-are.test.ts [2m([22m[2m2 tests[22m[2m)[22m[32m 6[2mms[22m[39m
 [32m✓[39m src/agents/pi-embedded-utils.test.ts [2m([22m[2m30 tests[22m[2m)[22m[32m 5[2mms[22m[39m
 [32m✓[39m src/browser/config.test.ts [2m([22m[2m20 tests[22m[2m)[22m[32m 6[2mms[22m[39m
 [32m✓[39m extensions/twitch/src/config.test.ts [2m([22m[2m9 tests[22m[2m)[22m[32m 3[2mms[22m[39m
[90mstdout[2m | extensions/feishu/src/reply-dispatcher.test.ts
[22m[39m[MemoryStore] Initializing the Five-Tier Central Nervous System...
KnowledgeGraph connected to Neo4j successfully.

 [31m❯[39m extensions/feishu/src/reply-dispatcher.test.ts [2m([22m[2m0 test[22m[2m)[22m
 [32m✓[39m src/agents/observer/sentinel.test.ts [2m([22m[2m6 tests[22m[2m)[22m[32m 17[2mms[22m[39m
 [32m✓[39m src/infra/http-body.test.ts [2m([22m[2m9 tests[22m[2m)[22m[32m 8[2mms[22m[39m
 [32m✓[39m extensions/synology-chat/src/accounts.test.ts [2m([22m[2m11 tests[22m[2m)[22m[32m 4[2mms[22m[39m
 [32m✓[39m extensions/twitch/src/token.test.ts [2m([22m[2m9 tests[22m[2m)[22m[32m 7[2mms[22m[39m
 [32m✓[39m src/agents/models-config.providers.ollama.test.ts [2m([22m[2m8 tests[22m[2m)[22m[32m 4[2mms[22m[39m
 [32m✓[39m src/process/kill-tree.test.ts [2m([22m[2m4 tests[22m[2m)[22m[32m 10[2mms[22m[39m
 [32m✓[39m src/commands/agent-via-gateway.test.ts [2m([22m[2m4 tests[22m[2m)[22m[32m 5[2mms[22m[39m
 [32m✓[39m extensions/googlechat/src/api.test.ts [2m([22m[2m2 tests[22m[2m)[22m[32m 5[2mms[22m[39m
 [32m✓[39m src/agents/tools/memory-tool.citations.test.ts [2m([22m[2m8 tests[22m[2m)[22m[32m 5[2mms[22m[39m
 [32m✓[39m src/tui/tui-formatters.test.ts [2m([22m[2m24 tests[22m[2m)[22m[32m 7[2mms[22m[39m
[90mstdout[2m | src/agents/ernos-tools.subagents.sessions-spawn-default-timeout.test.ts
[22m[39m[MemoryStore] Initializing the Five-Tier Central Nervous System...
KnowledgeGraph connected to Neo4j successfully.

[90mstdout[2m | src/agents/ernos-tools.subagents.sessions-spawn-default-timeout.test.ts
[22m[39mKnowledgeGraph Schema Initialized.

 [31m❯[39m src/agents/ernos-tools.subagents.sessions-spawn-default-timeout.test.ts [2m([22m[2m0 test[22m[2m)[22m
 [32m✓[39m src/agents/observer/cognitive-loop.test.ts [2m([22m[2m10 tests[22m[2m)[22m[32m 9[2mms[22m[39m
 [32m✓[39m src/cron/dream-consolidation.test.ts [2m([22m[2m2 tests[22m[2m)[22m[32m 4[2mms[22m[39m
 [32m✓[39m src/agents/tools/gateway.test.ts [2m([22m[2m11 tests[22m[2m)[22m[32m 9[2mms[22m[39m
 [32m✓[39m src/agents/pi-embedded-subscribe.reply-tags.test.ts [2m([22m[2m3 tests[22m[2m)[22m[32m 4[2mms[22m[39m
 [32m✓[39m src/web/inbound/send-api.test.ts [2m([22m[2m10 tests[22m[2m)[22m[32m 6[2mms[22m[39m
 [32m✓[39m src/config/config.tools-alsoAllow.test.ts [2m([22m[2m3 tests[22m[2m)[22m[32m 6[2mms[22m[39m
 [32m✓[39m src/channels/session.test.ts [2m([22m[2m3 tests[22m[2m)[22m[32m 4[2mms[22m[39m
 [32m✓[39m src/agents/bash-tools.exec-approval-request.test.ts [2m([22m[2m5 tests[22m[2m)[22m[32m 5[2mms[22m[39m
 [32m✓[39m src/agents/agent-paths.test.ts [2m([22m[2m4 tests[22m[2m)[22m[32m 5[2mms[22m[39m
 [32m✓[39m src/telegram/sendchataction-401-backoff.test.ts [2m([22m[2m7 tests[22m[2m)[22m[32m 6[2mms[22m[39m
 [32m✓[39m src/logging/diagnostic.test.ts [2m([22m[2m4 tests[22m[2m)[22m[32m 7[2mms[22m[39m
 [32m✓[39m src/commands/sessions-cleanup.test.ts [2m([22m[2m5 tests[22m[2m)[22m[32m 9[2mms[22m[39m
 [32m✓[39m src/commands/model-picker.test.ts [2m([22m[2m7 tests[22m[2m)[22m[32m 10[2mms[22m[39m
 [32m✓[39m src/agents/models-config.providers.volcengine-byteplus.test.ts [2m([22m[2m3 tests[22m[2m)[22m[32m 5[2mms[22m[39m
 [32m✓[39m src/test-utils/temp-home.test.ts [2m([22m[2m1 test[22m[2m)[22m[32m 7[2mms[22m[39m
 [32m✓[39m src/tui/gateway-chat.test.ts [2m([22m[2m8 tests[22m[2m)[22m[32m 5[2mms[22m[39m
 [32m✓[39m src/browser/profiles.test.ts [2m([22m[2m34 tests[22m[2m)[22m[32m 7[2mms[22m[39m
 [32m✓[39m src/agents/auth-profiles.readonly-sync.test.ts [2m([22m[2m1 test[22m[2m)[22m[32m 3[2mms[22m[39m
 [32m✓[39m src/cli/channel-auth.test.ts [2m([22m[2m7 tests[22m[2m)[22m[32m 5[2mms[22m[39m
 [32m✓[39m src/agents/auth-profiles.store.save.test.ts [2m([22m[2m1 test[22m[2m)[22m[32m 4[2mms[22m[39m
 [32m✓[39m src/agents/pi-embedded-runner/model.test.ts [2m([22m[2m17 tests[22m[2m)[22m[32m 7[2mms[22m[39m
 [32m✓[39m src/agents/bash-tools.process.poll-timeout.test.ts [2m([22m[2m4 tests[22m[2m)[22m[32m 6[2mms[22m[39m
[90mstdout[2m | extensions/discord/src/channel.test.ts
[22m[39m[MemoryStore] Initializing the Five-Tier Central Nervous System...
KnowledgeGraph connected to Neo4j successfully.

[90mstdout[2m | extensions/discord/src/channel.test.ts
[22m[39mKnowledgeGraph Schema Initialized.

 [31m❯[39m extensions/discord/src/channel.test.ts [2m([22m[2m0 test[22m[2m)[22m
 [32m✓[39m src/agents/pi-embedded-subscribe.subscribe-embedded-pi-session.keeps-indented-fenced-blocks-intact.test.ts [2m([22m[2m2 tests[22m[2m)[22m[32m 4[2mms[22m[39m
 [32m✓[39m extensions/msteams/src/errors.test.ts [2m([22m[2m6 tests[22m[2m)[22m[32m 3[2mms[22m[39m
 [32m✓[39m src/infra/provider-usage.fetch.codex.test.ts [2m([22m[2m3 tests[22m[2m)[22m[32m 4[2mms[22m[39m
 [32m✓[39m extensions/msteams/src/graph-users.test.ts [2m([22m[2m4 tests[22m[2m)[22m[32m 3[2mms[22m[39m
 [32m✓[39m src/infra/transport-ready.test.ts [2m([22m[2m3 tests[22m[2m)[22m[32m 5[2mms[22m[39m
 [32m✓[39m src/infra/provider-usage.fetch.zai.test.ts [2m([22m[2m3 tests[22m[2m)[22m[32m 4[2mms[22m[39m
[90mstdout[2m | src/agents/ernos-tools.subagents.steer-failure-clears-suppression.test.ts
[22m[39m[MemoryStore] Initializing the Five-Tier Central Nervous System...
KnowledgeGraph connected to Neo4j successfully.

[90mstdout[2m | src/agents/ernos-tools.subagents.steer-failure-clears-suppression.test.ts
[22m[39mKnowledgeGraph Schema Initialized.

 [31m❯[39m src/agents/ernos-tools.subagents.steer-failure-clears-suppression.test.ts [2m([22m[2m0 test[22m[2m)[22m
[90mstdout[2m | src/agents/ernos-tools.subagents.sessions-spawn-applies-thinking-default.test.ts
[22m[39m[MemoryStore] Initializing the Five-Tier Central Nervous System...
KnowledgeGraph connected to Neo4j successfully.

[90mstdout[2m | src/agents/ernos-tools.subagents.sessions-spawn-applies-thinking-default.test.ts
[22m[39mKnowledgeGraph Schema Initialized.

 [31m❯[39m src/agents/ernos-tools.subagents.sessions-spawn-applies-thinking-default.test.ts [2m([22m[2m0 test[22m[2m)[22m
 [32m✓[39m src/web/inbound/access-control.test.ts [2m([22m[2m6 tests[22m[2m)[22m[32m 6[2mms[22m[39m
 [32m✓[39m src/browser/profiles-service.test.ts [2m([22m[2m4 tests[22m[2m)[22m[32m 5[2mms[22m[39m
[90mstdout[2m | extensions/googlechat/src/monitor.webhook-routing.test.ts
[22m[39m[MemoryStore] Initializing the Five-Tier Central Nervous System...
KnowledgeGraph connected to Neo4j successfully.

 [31m❯[39m extensions/googlechat/src/monitor.webhook-routing.test.ts [2m([22m[2m0 test[22m[2m)[22m
 [32m✓[39m src/agents/pi-embedded-runner/system-prompt.test.ts [2m([22m[2m4 tests[22m[2m)[22m[32m 3[2mms[22m[39m
[90mstdout[2m | src/agents/pi-tools.create-ernos-coding-tools.adds-claude-style-aliases-schemas-without-dropping-b.test.ts
[22m[39m[MemoryStore] Initializing the Five-Tier Central Nervous System...
KnowledgeGraph connected to Neo4j successfully.

[90mstdout[2m | src/agents/pi-tools.create-ernos-coding-tools.adds-claude-style-aliases-schemas-without-dropping-b.test.ts
[22m[39mKnowledgeGraph Schema Initialized.

 [31m❯[39m src/agents/pi-tools.create-ernos-coding-tools.adds-claude-style-aliases-schemas-without-dropping-b.test.ts [2m([22m[2m0 test[22m[2m)[22m
[90mstdout[2m | src/security/dm-policy-channel-smoke.test.ts
[22m[39m[MemoryStore] Initializing the Five-Tier Central Nervous System...
KnowledgeGraph connected to Neo4j successfully.

[90mstdout[2m | src/security/dm-policy-channel-smoke.test.ts
[22m[39mKnowledgeGraph Schema Initialized.

 [31m❯[39m src/security/dm-policy-channel-smoke.test.ts [2m([22m[2m0 test[22m[2m)[22m
 [32m✓[39m src/hooks/bundled/boot-md/handler.test.ts [2m([22m[2m7 tests[22m[2m)[22m[32m 6[2mms[22m[39m
 [32m✓[39m src/agents/pi-embedded-runner.guard.waitforidle-before-flush.test.ts [2m([22m[2m3 tests[22m[2m)[22m[32m 8[2mms[22m[39m
 [32m✓[39m src/agents/tool-policy.test.ts [2m([22m[2m22 tests[22m[2m)[22m[32m 89[2mms[22m[39m
 [32m✓[39m src/agents/model-scan.test.ts [2m([22m[2m2 tests[22m[2m)[22m[32m 5[2mms[22m[39m
[90mstdout[2m | extensions/feishu/src/bot.checkBotMentioned.test.ts
[22m[39m[MemoryStore] Initializing the Five-Tier Central Nervous System...
KnowledgeGraph connected to Neo4j successfully.

 [31m❯[39m extensions/feishu/src/bot.checkBotMentioned.test.ts [2m([22m[2m0 test[22m[2m)[22m
 [32m✓[39m src/config/logging-max-file-bytes.test.ts [2m([22m[2m2 tests[22m[2m)[22m[32m 4[2mms[22m[39m
[90mstdout[2m | extensions/tlon/src/config-schema.test.ts
[22m[39m[MemoryStore] Initializing the Five-Tier Central Nervous System...
KnowledgeGraph connected to Neo4j successfully.

 [31m❯[39m extensions/tlon/src/config-schema.test.ts [2m([22m[2m0 test[22m[2m)[22m
 [32m✓[39m src/providers/google-shared.preserves-parameters-type-is-missing.test.ts [2m([22m[2m9 tests[22m[2m)[22m[32m 13[2mms[22m[39m
 [32m✓[39m src/config/zod-schema.cron-retention.test.ts [2m([22m[2m3 tests[22m[2m)[22m[32m 5[2mms[22m[39m
 [32m✓[39m extensions/feishu/src/docx.test.ts [2m([22m[2m1 test[22m[2m)[22m[32m 3[2mms[22m[39m
 [32m✓[39m src/agents/tools/whatsapp-actions.test.ts [2m([22m[2m7 tests[22m[2m)[22m[32m 5[2mms[22m[39m
 [32m✓[39m src/agents/pi-embedded-subscribe.subscribe-embedded-pi-session.does-not-duplicate-text-end-repeats-full.test.ts [2m([22m[2m2 tests[22m[2m)[22m[32m 6[2mms[22m[39m
 [32m✓[39m src/channels/plugins/outbound/discord.test.ts [2m([22m[2m12 tests[22m[2m)[22m[32m 7[2mms[22m[39m
 [32m✓[39m src/slack/actions.blocks.test.ts [2m([22m[2m7 tests[22m[2m)[22m[32m 42[2mms[22m[39m
 [32m✓[39m src/link-understanding/detect.test.ts [2m([22m[2m10 tests[22m[2m)[22m[32m 4[2mms[22m[39m
 [32m✓[39m src/cli/skills-cli.formatting.test.ts [2m([22m[2m2 tests[22m[2m)[22m[32m 4[2mms[22m[39m
 [32m✓[39m src/infra/outbound/session-binding-service.test.ts [2m([22m[2m6 tests[22m[2m)[22m[32m 5[2mms[22m[39m
 [32m✓[39m src/providers/qwen-portal-oauth.test.ts [2m([22m[2m8 tests[22m[2m)[22m[32m 5[2mms[22m[39m
 [32m✓[39m src/infra/provider-usage.fetch.copilot.test.ts [2m([22m[2m2 tests[22m[2m)[22m[32m 5[2mms[22m[39m
 [32m✓[39m src/slack/actions.read.test.ts [2m([22m[2m2 tests[22m[2m)[22m[32m 8[2mms[22m[39m
 [32m✓[39m src/infra/provider-usage.fetch.gemini.test.ts [2m([22m[2m2 tests[22m[2m)[22m[32m 28[2mms[22m[39m
[90mstdout[2m | src/cron/isolated-agent/delivery-target.test.ts
[22m[39m[MemoryStore] Initializing the Five-Tier Central Nervous System...
KnowledgeGraph connected to Neo4j successfully.

 [31m❯[39m src/cron/isolated-agent/delivery-target.test.ts [2m([22m[2m0 test[22m[2m)[22m
 [32m✓[39m src/cli/skills-cli.test.ts [2m([22m[2m11 tests[22m[2m)[22m[32m 5[2mms[22m[39m
 [32m✓[39m src/media/host.test.ts [2m([22m[2m3 tests[22m[2m)[22m[32m 5[2mms[22m[39m
 [32m✓[39m src/telegram/bot/helpers.test.ts [2m([22m[2m37 tests[22m[2m)[22m[32m 12[2mms[22m[39m
 [32m✓[39m src/acp/translator.prompt-prefix.test.ts [2m([22m[2m2 tests[22m[2m)[22m[32m 8[2mms[22m[39m
[90mstdout[2m | src/commands/health.test.ts
[22m[39m[MemoryStore] Initializing the Five-Tier Central Nervous System...
KnowledgeGraph connected to Neo4j successfully.

 [31m❯[39m src/commands/health.test.ts [2m([22m[2m0 test[22m[2m)[22m
 [32m✓[39m src/commands/openai-model-default.test.ts [2m([22m[2m16 tests[22m[2m)[22m[32m 5[2mms[22m[39m
 [32m✓[39m src/telegram/accounts.test.ts [2m([22m[2m8 tests[22m[2m)[22m[32m 5[2mms[22m[39m
 [32m✓[39m src/agents/pi-embedded-runner/tool-result-truncation.test.ts [2m([22m[2m21 tests[22m[2m)[22m[32m 6[2mms[22m[39m
 [32m✓[39m src/memory/mmr.test.ts [2m([22m[2m25 tests[22m[2m)[22m[32m 7[2mms[22m[39m
 [32m✓[39m src/cli/daemon-cli/register-service-commands.test.ts [2m([22m[2m2 tests[22m[2m)[22m[32m 5[2mms[22m[39m
 [32m✓[39m src/line/reply-chunks.test.ts [2m([22m[2m4 tests[22m[2m)[22m[32m 5[2mms[22m[39m
 [32m✓[39m src/agents/session-transcript-repair.test.ts [2m([22m[2m18 tests[22m[2m)[22m[32m 8[2mms[22m[39m
 [32m✓[39m src/agents/pi-embedded-runner.compaction-safety-timeout.test.ts [2m([22m[2m3 tests[22m[2m)[22m[32m 28[2mms[22m[39m
 [32m✓[39m src/cli/daemon-cli/status.gather.test.ts [2m([22m[2m3 tests[22m[2m)[22m[32m 11[2mms[22m[39m
 [32m✓[39m src/process/supervisor/adapters/child.test.ts [2m([22m[2m4 tests[22m[2m)[22m[32m 10[2mms[22m[39m
 [32m✓[39m src/config/config.skills-entries-config.test.ts [2m([22m[2m2 tests[22m[2m)[22m[32m 13[2mms[22m[39m
 [32m✓[39m src/infra/system-run-command.test.ts [2m([22m[2m23 tests[22m[2m)[22m[32m 6[2mms[22m[39m
 [32m✓[39m src/agents/pi-embedded-helpers.formatassistanterrortext.test.ts [2m([22m[2m21 tests[22m[2m)[22m[32m 7[2mms[22m[39m
[90mstdout[2m | extensions/voice-call/src/providers/plivo.test.ts
[22m[39m[MemoryStore] Initializing the Five-Tier Central Nervous System...
KnowledgeGraph connected to Neo4j successfully.

 [31m❯[39m extensions/voice-call/src/providers/plivo.test.ts [2m([22m[2m0 test[22m[2m)[22m
 [32m✓[39m src/agents/cache-trace.test.ts [2m([22m[2m4 tests[22m[2m)[22m[32m 3[2mms[22m[39m
[90mstdout[2m | src/commands/agents.test.ts
[22m[39m[MemoryStore] Initializing the Five-Tier Central Nervous System...
KnowledgeGraph connected to Neo4j successfully.

 [31m❯[39m src/commands/agents.test.ts [2m([22m[2m0 test[22m[2m)[22m
 [32m✓[39m src/agents/models-config.providers.kilocode.test.ts [2m([22m[2m5 tests[22m[2m)[22m[32m 10[2mms[22m[39m
 [32m✓[39m src/daemon/systemd.test.ts [2m([22m[2m15 tests[22m[2m)[22m[32m 11[2mms[22m[39m
 [32m✓[39m src/agents/pi-embedded-subscribe.subscribe-embedded-pi-session.does-not-append-text-end-content-is.test.ts [2m([22m[2m3 tests[22m[2m)[22m[32m 7[2mms[22m[39m
 [32m✓[39m src/telegram/model-buttons.test.ts [2m([22m[2m14 tests[22m[2m)[22m[32m 7[2mms[22m[39m
 [32m✓[39m extensions/synology-chat/src/channel.integration.test.ts [2m([22m[2m1 test[22m[2m)[22m[32m 5[2mms[22m[39m
 [32m✓[39m src/telegram/target-writeback.test.ts [2m([22m[2m4 tests[22m[2m)[22m[32m 5[2mms[22m[39m
 [32m✓[39m src/auto-reply/reply/reply-plumbing.test.ts [2m([22m[2m20 tests[22m[2m)[22m[32m 8[2mms[22m[39m
 [32m✓[39m src/logging/console-timestamp.test.ts [2m([22m[2m4 tests[22m[2m)[22m[32m 3[2mms[22m[39m
 [32m✓[39m src/shared/shared-misc.test.ts [2m([22m[2m16 tests[22m[2m)[22m[32m 5[2mms[22m[39m
 [32m✓[39m extensions/googlechat/src/resolve-target.test.ts [2m([22m[2m6 tests[22m[2m)[22m[32m 6[2mms[22m[39m
 [32m✓[39m src/commands/onboard-helpers.test.ts [2m([22m[2m13 tests[22m[2m)[22m[32m 4[2mms[22m[39m
 [32m✓[39m src/auto-reply/reply/get-reply-run.media-only.test.ts [2m([22m[2m7 tests[22m[2m)[22m[32m 4[2mms[22m[39m
 [32m✓[39m src/agents/memory-search.test.ts [2m([22m[2m12 tests[22m[2m)[22m[32m 6[2mms[22m[39m
 [32m✓[39m src/auto-reply/reply/acp-projector.test.ts [2m([22m[2m5 tests[22m[2m)[22m[32m 4[2mms[22m[39m
 [32m✓[39m src/commands/onboard-hooks.test.ts [2m([22m[2m6 tests[22m[2m)[22m[32m 6[2mms[22m[39m
[90mstdout[2m | extensions/feishu/src/channel.test.ts
[22m[39m[MemoryStore] Initializing the Five-Tier Central Nervous System...
KnowledgeGraph connected to Neo4j successfully.

 [31m❯[39m extensions/feishu/src/channel.test.ts [2m([22m[2m0 test[22m[2m)[22m
 [32m✓[39m src/plugins/wired-hooks-compaction.test.ts [2m([22m[2m5 tests[22m[2m)[22m[32m 8[2mms[22m[39m
 [32m✓[39m src/commands/doctor-gateway-services.test.ts [2m([22m[2m3 tests[22m[2m)[22m[32m 5[2mms[22m[39m
 [32m✓[39m src/tui/tui.test.ts [2m([22m[2m15 tests[22m[2m)[22m[32m 5[2mms[22m[39m
 [32m✓[39m src/infra/infra-parsing.test.ts [2m([22m[2m16 tests[22m[2m)[22m[32m 4[2mms[22m[39m
 [32m✓[39m src/agents/models-config.providers.google-antigravity.test.ts [2m([22m[2m9 tests[22m[2m)[22m[32m 5[2mms[22m[39m
 [32m✓[39m src/agents/pi-embedded-subscribe.tools.media.test.ts [2m([22m[2m25 tests[22m[2m)[22m[32m 4[2mms[22m[39m
 [32m✓[39m src/tui/tui.submit-handler.test.ts [2m([22m[2m11 tests[22m[2m)[22m[32m 6[2mms[22m[39m
 [32m✓[39m src/tui/osc8-hyperlinks.test.ts [2m([22m[2m19 tests[22m[2m)[22m[32m 6[2mms[22m[39m
[90mstdout[2m | extensions/zalo/src/monitor.group-policy.test.ts
[22m[39m[MemoryStore] Initializing the Five-Tier Central Nervous System...
KnowledgeGraph connected to Neo4j successfully.

 [31m❯[39m extensions/zalo/src/monitor.group-policy.test.ts [2m([22m[2m0 test[22m[2m)[22m
[90mstdout[2m | extensions/zalo/src/channel.directory.test.ts
[22m[39m[MemoryStore] Initializing the Five-Tier Central Nervous System...
KnowledgeGraph connected to Neo4j successfully.

 [31m❯[39m extensions/zalo/src/channel.directory.test.ts [2m([22m[2m0 test[22m[2m)[22m
 [32m✓[39m src/config/group-policy.test.ts [2m([22m[2m13 tests[22m[2m)[22m[32m 5[2mms[22m[39m
 [32m✓[39m src/config/zod-schema.session-maintenance-extensions.test.ts [2m([22m[2m5 tests[22m[2m)[22m[32m 5[2mms[22m[39m
 [32m✓[39m extensions/feishu/src/policy.test.ts [2m([22m[2m5 tests[22m[2m)[22m[32m 3[2mms[22m[39m
 [32m✓[39m src/commands/zai-endpoint-detect.test.ts [2m([22m[2m1 test[22m[2m)[22m[32m 2[2mms[22m[39m
 [32m✓[39m extensions/whatsapp/src/resolve-target.test.ts [2m([22m[2m9 tests[22m[2m)[22m[32m 3[2mms[22m[39m
 [32m✓[39m src/cron/cron-protocol-conformance.test.ts [2m([22m[2m2 tests[22m[2m)[22m[32m 5[2mms[22m[39m
 [32m✓[39m src/web/login-qr.test.ts [2m([22m[2m1 test[22m[2m)[22m[32m 4[2mms[22m[39m
 [32m✓[39m extensions/feishu/src/docx.account-selection.test.ts [2m([22m[2m2 tests[22m[2m)[22m[32m 3[2mms[22m[39m
 [32m✓[39m src/infra/runtime-guard.test.ts [2m([22m[2m5 tests[22m[2m)[22m[32m 6[2mms[22m[39m
 [32m✓[39m src/slack/monitor/events/messages.test.ts [2m([22m[2m6 tests[22m[2m)[22m[32m 5[2mms[22m[39m
 [32m✓[39m src/cli/deps.test.ts [2m([22m[2m2 tests[22m[2m)[22m[32m 4[2mms[22m[39m
 [32m✓[39m extensions/googlechat/src/targets.test.ts [2m([22m[2m4 tests[22m[2m)[22m[32m 3[2mms[22m[39m
 [32m✓[39m src/agents/compaction.test.ts [2m([22m[2m10 tests[22m[2m)[22m[32m 5[2mms[22m[39m
 [32m✓[39m src/channels/plugins/config-schema.test.ts [2m([22m[2m3 tests[22m[2m)[22m[32m 5[2mms[22m[39m
 [32m✓[39m src/infra/provider-usage.shared.test.ts [2m([22m[2m4 tests[22m[2m)[22m[32m 4[2mms[22m[39m
 [32m✓[39m src/commands/doctor-memory-search.test.ts [2m([22m[2m9 tests[22m[2m)[22m[32m 4[2mms[22m[39m
 [32m✓[39m src/infra/outbound/message.test.ts [2m([22m[2m2 tests[22m[2m)[22m[32m 5[2mms[22m[39m
 [32m✓[39m src/discord/targets.test.ts [2m([22m[2m10 tests[22m[2m)[22m[32m 5[2mms[22m[39m
 [32m✓[39m src/cli/argv.test.ts [2m([22m[2m33 tests[22m[2m)[22m[32m 4[2mms[22m[39m
 [32m✓[39m src/line/download.test.ts [2m([22m[2m2 tests[22m[2m)[22m[32m 4[2mms[22m[39m
 [32m✓[39m src/channels/plugins/outbound/signal.test.ts [2m([22m[2m2 tests[22m[2m)[22m[32m 4[2mms[22m[39m
 [32m✓[39m src/slack/draft-stream.test.ts [2m([22m[2m7 tests[22m[2m)[22m[32m 5[2mms[22m[39m
 [32m✓[39m src/browser/control-auth.auto-token.test.ts [2m([22m[2m6 tests[22m[2m)[22m[32m 4[2mms[22m[39m
 [32m✓[39m src/agents/subagent-depth.test.ts [2m([22m[2m7 tests[22m[2m)[22m[32m 3[2mms[22m[39m
 [32m✓[39m src/terminal/table.test.ts [2m([22m[2m12 tests[22m[2m)[22m[32m 6[2mms[22m[39m
[90mstdout[2m | src/plugins/runtime/index.test.ts
[22m[39m[MemoryStore] Initializing the Five-Tier Central Nervous System...
KnowledgeGraph connected to Neo4j successfully.

[90mstdout[2m | src/plugins/runtime/index.test.ts
[22m[39mKnowledgeGraph Schema Initialized.

 [31m❯[39m src/plugins/runtime/index.test.ts [2m([22m[2m0 test[22m[2m)[22m
 [32m✓[39m src/agents/auth-profiles.resolve-auth-profile-order.does-not-prioritize-lastgood-round-robin-ordering.test.ts [2m([22m[2m12 tests[22m[2m)[22m[32m 4[2mms[22m[39m
 [32m✓[39m src/channels/plugins/message-actions.security.test.ts [2m([22m[2m3 tests[22m[2m)[22m[32m 3[2mms[22m[39m
 [32m✓[39m src/commands/daemon-install-helpers.test.ts [2m([22m[2m9 tests[22m[2m)[22m[32m 5[2mms[22m[39m
 [32m✓[39m src/infra/exec-safe-bin-trust.test.ts [2m([22m[2m6 tests[22m[2m)[22m[32m 4[2mms[22m[39m
 [32m✓[39m src/agents/tools/discord-actions-moderation.authz.test.ts [2m([22m[2m5 tests[22m[2m)[22m[32m 5[2mms[22m[39m
 [32m✓[39m src/memory/batch-http.test.ts [2m([22m[2m2 tests[22m[2m)[22m[32m 4[2mms[22m[39m
[90mstdout[2m | src/auto-reply/dispatch.test.ts
[22m[39m[MemoryStore] Initializing the Five-Tier Central Nervous System...
KnowledgeGraph connected to Neo4j successfully.

[90mstdout[2m | src/auto-reply/dispatch.test.ts
[22m[39mKnowledgeGraph Schema Initialized.

 [31m❯[39m src/auto-reply/dispatch.test.ts [2m([22m[2m0 test[22m[2m)[22m
 [32m✓[39m src/agents/bash-tools.process.supervisor.test.ts [2m([22m[2m4 tests[22m[2m)[22m[32m 4[2mms[22m[39m
 [32m✓[39m src/line/rich-menu.test.ts [2m([22m[2m13 tests[22m[2m)[22m[32m 5[2mms[22m[39m
[90mstdout[2m | extensions/msteams/src/channel.directory.test.ts
[22m[39m[MemoryStore] Initializing the Five-Tier Central Nervous System...
KnowledgeGraph connected to Neo4j successfully.

 [31m❯[39m extensions/msteams/src/channel.directory.test.ts [2m([22m[2m0 test[22m[2m)[22m
[90mstdout[2m | src/agents/pi-embedded-runner/run/attempt.test.ts
[22m[39m[MemoryStore] Initializing the Five-Tier Central Nervous System...
KnowledgeGraph connected to Neo4j successfully.

[90mstdout[2m | src/agents/pi-embedded-runner/run/attempt.test.ts
[22m[39mKnowledgeGraph Schema Initialized.

 [31m❯[39m src/agents/pi-embedded-runner/run/attempt.test.ts [2m([22m[2m0 test[22m[2m)[22m
 [32m✓[39m extensions/irc/src/normalize.test.ts [2m([22m[2m3 tests[22m[2m)[22m[32m 3[2mms[22m[39m
 [32m✓[39m src/web/inbound.test.ts [2m([22m[2m14 tests[22m[2m)[22m[32m 5[2mms[22m[39m
[90mstdout[2m | src/commands/configure.gateway-auth.test.ts
[22m[39m[MemoryStore] Initializing the Five-Tier Central Nervous System...
KnowledgeGraph connected to Neo4j successfully.

[90mstdout[2m | src/commands/configure.gateway-auth.test.ts
[22m[39mKnowledgeGraph Schema Initialized.

 [31m❯[39m src/commands/configure.gateway-auth.test.ts [2m([22m[2m0 test[22m[2m)[22m
 [32m✓[39m src/agents/pi-embedded-subscribe.code-span-awareness.test.ts [2m([22m[2m3 tests[22m[2m)[22m[32m 8[2mms[22m[39m
 [32m✓[39m src/commands/onboard-remote.test.ts [2m([22m[2m2 tests[22m[2m)[22m[32m 6[2mms[22m[39m
[90mstdout[2m | src/agents/ernos-tools.subagents.sessions-spawn-default-timeout-absent.test.ts
[22m[39m[MemoryStore] Initializing the Five-Tier Central Nervous System...
KnowledgeGraph connected to Neo4j successfully.

[90mstdout[2m | src/agents/ernos-tools.subagents.sessions-spawn-default-timeout-absent.test.ts
[22m[39mKnowledgeGraph Schema Initialized.

 [31m❯[39m src/agents/ernos-tools.subagents.sessions-spawn-default-timeout-absent.test.ts [2m([22m[2m0 test[22m[2m)[22m
 [32m✓[39m src/whatsapp/resolve-outbound-target.test.ts [2m([22m[2m21 tests[22m[2m)[22m[32m 8[2mms[22m[39m
[90mstdout[2m | extensions/nostr/src/nostr-profile-import.test.ts
[22m[39m[MemoryStore] Initializing the Five-Tier Central Nervous System...
KnowledgeGraph connected to Neo4j successfully.

 [31m❯[39m extensions/nostr/src/nostr-profile-import.test.ts [2m([22m[2m0 test[22m[2m)[22m
 [32m✓[39m src/auto-reply/reply/post-compaction-audit.test.ts [2m([22m[2m15 tests[22m[2m)[22m[32m 4[2mms[22m[39m
 [32m✓[39m src/line/auto-reply-delivery.test.ts [2m([22m[2m4 tests[22m[2m)[22m[32m 8[2mms[22m[39m
 [32m✓[39m extensions/msteams/src/inbound.test.ts [2m([22m[2m8 tests[22m[2m)[22m[32m 3[2mms[22m[39m
 [32m✓[39m extensions/acpx/src/config.test.ts [2m([22m[2m4 tests[22m[2m)[22m[32m 3[2mms[22m[39m
 [32m✓[39m src/config/zod-schema.typing-mode.test.ts [2m([22m[2m2 tests[22m[2m)[22m[32m 7[2mms[22m[39m
 [32m✓[39m extensions/irc/src/policy.test.ts [2m([22m[2m6 tests[22m[2m)[22m[32m 4[2mms[22m[39m
[90mstdout[2m | extensions/feishu/src/bot.stripBotMention.test.ts
[22m[39m[MemoryStore] Initializing the Five-Tier Central Nervous System...
KnowledgeGraph connected to Neo4j successfully.

 [31m❯[39m extensions/feishu/src/bot.stripBotMention.test.ts [2m([22m[2m0 test[22m[2m)[22m
 [32m✓[39m src/commands/onboard.test.ts [2m([22m[2m5 tests[22m[2m)[22m[32m 5[2mms[22m[39m
 [32m✓[39m src/agents/failover-error.test.ts [2m([22m[2m13 tests[22m[2m)[22m[32m 10[2mms[22m[39m
 [32m✓[39m src/slack/monitor/events/members.test.ts [2m([22m[2m5 tests[22m[2m)[22m[32m 6[2mms[22m[39m
 [32m✓[39m src/auto-reply/heartbeat.test.ts [2m([22m[2m24 tests[22m[2m)[22m[32m 5[2mms[22m[39m
 [32m✓[39m src/agents/pi-embedded-helpers.buildbootstrapcontextfiles.test.ts [2m([22m[2m13 tests[22m[2m)[22m[32m 6[2mms[22m[39m
[90mstdout[2m | src/auto-reply/reply/commands-acp/context.test.ts
[22m[39m[MemoryStore] Initializing the Five-Tier Central Nervous System...
KnowledgeGraph connected to Neo4j successfully.

[90mstdout[2m | src/auto-reply/reply/commands-acp/context.test.ts
[22m[39mKnowledgeGraph Schema Initialized.

 [31m❯[39m src/auto-reply/reply/commands-acp/context.test.ts [2m([22m[2m0 test[22m[2m)[22m
 [32m✓[39m src/agents/pi-extensions/context-pruning.test.ts [2m([22m[2m11 tests[22m[2m)[22m[32m 5[2mms[22m[39m
 [32m✓[39m src/plugins/installs.test.ts [2m([22m[2m3 tests[22m[2m)[22m[32m 2[2mms[22m[39m
 [32m✓[39m src/auto-reply/reply/agent-runner-payloads.test.ts [2m([22m[2m7 tests[22m[2m)[22m[32m 8[2mms[22m[39m
 [32m✓[39m src/cli/daemon-cli/restart-health.test.ts [2m([22m[2m2 tests[22m[2m)[22m[32m 8[2mms[22m[39m
 [32m✓[39m src/channels/plugins/outbound/telegram.test.ts [2m([22m[2m3 tests[22m[2m)[22m[32m 4[2mms[22m[39m
 [32m✓[39m src/cli/program/routes.test.ts [2m([22m[2m13 tests[22m[2m)[22m[32m 10[2mms[22m[39m
 [32m✓[39m src/slack/monitor/events/reactions.test.ts [2m([22m[2m6 tests[22m[2m)[22m[32m 37[2mms[22m[39m
 [32m✓[39m src/channels/plugins/onboarding/channel-access.test.ts [2m([22m[2m7 tests[22m[2m)[22m[32m 6[2mms[22m[39m
 [32m✓[39m src/agents/tools/sessions-spawn-tool.test.ts [2m([22m[2m2 tests[22m[2m)[22m[32m 5[2mms[22m[39m
[90mstdout[2m | extensions/msteams/src/attachments/shared.test.ts
[22m[39m[MemoryStore] Initializing the Five-Tier Central Nervous System...
KnowledgeGraph connected to Neo4j successfully.

 [31m❯[39m extensions/msteams/src/attachments/shared.test.ts [2m([22m[2m0 test[22m[2m)[22m
 [32m✓[39m src/config/zod-schema.logging-levels.test.ts [2m([22m[2m2 tests[22m[2m)[22m[32m 4[2mms[22m[39m
 [32m✓[39m src/commands/channels/capabilities.test.ts [2m([22m[2m2 tests[22m[2m)[22m[32m 5[2mms[22m[39m
 [32m✓[39m src/slack/monitor/events/pins.test.ts [2m([22m[2m5 tests[22m[2m)[22m[32m 9[2mms[22m[39m
 [32m✓[39m src/logging/redact.test.ts [2m([22m[2m11 tests[22m[2m)[22m[32m 5[2mms[22m[39m
 [32m✓[39m src/discord/monitor.gateway.test.ts [2m([22m[2m4 tests[22m[2m)[22m[32m 10[2mms[22m[39m
 [32m✓[39m src/channels/typing-start-guard.test.ts [2m([22m[2m4 tests[22m[2m)[22m[32m 3[2mms[22m[39m
 [32m✓[39m src/agents/pi-embedded-helpers.sanitize-session-messages-images.removes-empty-assistant-text-blocks-but-preserves.test.ts [2m([22m[2m13 tests[22m[2m)[22m[32m 6[2mms[22m[39m
 [32m✓[39m src/agents/sandbox/fs-paths.test.ts [2m([22m[2m7 tests[22m[2m)[22m[32m 7[2mms[22m[39m
 [32m✓[39m src/discord/voice/command.test.ts [2m([22m[2m3 tests[22m[2m)[22m[32m 6[2mms[22m[39m
 [32m✓[39m src/agents/models-config.providers.kimi-coding.test.ts [2m([22m[2m3 tests[22m[2m)[22m[32m 3[2mms[22m[39m
 [32m✓[39m src/agents/prompts/ernos-hud.test.ts [2m([22m[2m28 tests[22m[2m)[22m[32m 8[2mms[22m[39m
 [32m✓[39m src/plugins/wired-hooks-subagent.test.ts [2m([22m[2m6 tests[22m[2m)[22m[32m 4[2mms[22m[39m
 [32m✓[39m src/memory/embeddings-remote-fetch.test.ts [2m([22m[2m2 tests[22m[2m)[22m[32m 4[2mms[22m[39m
 [32m✓[39m src/cron/isolated-agent/session.test.ts [2m([22m[2m7 tests[22m[2m)[22m[32m 4[2mms[22m[39m
 [32m✓[39m src/docs/slash-commands-doc.test.ts [2m([22m[2m1 test[22m[2m)[22m[32m 5[2mms[22m[39m
 [32m✓[39m src/auto-reply/reply/typing-persistence.test.ts [2m([22m[2m3 tests[22m[2m)[22m[32m 4[2mms[22m[39m
 [32m✓[39m src/agents/agent-scope.test.ts [2m([22m[2m15 tests[22m[2m)[22m[32m 4[2mms[22m[39m
 [32m✓[39m src/commands/openai-codex-oauth.test.ts [2m([22m[2m2 tests[22m[2m)[22m[32m 5[2mms[22m[39m
 [32m✓[39m src/tui/theme/theme.test.ts [2m([22m[2m6 tests[22m[2m)[22m[32m 5[2mms[22m[39m
 [32m✓[39m src/infra/outbound/outbound-send-service.test.ts [2m([22m[2m4 tests[22m[2m)[22m[32m 8[2mms[22m[39m
[90mstdout[2m | src/cron/isolated-agent.delivery-target-thread-session.test.ts
[22m[39m[MemoryStore] Initializing the Five-Tier Central Nervous System...
KnowledgeGraph connected to Neo4j successfully.

 [31m❯[39m src/cron/isolated-agent.delivery-target-thread-session.test.ts [2m([22m[2m0 test[22m[2m)[22m
 [32m✓[39m src/infra/npm-integrity.test.ts [2m([22m[2m4 tests[22m[2m)[22m[32m 4[2mms[22m[39m
 [32m✓[39m src/auto-reply/reply/reply-elevated.test.ts [2m([22m[2m4 tests[22m[2m)[22m[32m 5[2mms[22m[39m
 [32m✓[39m src/logging/subsystem.test.ts [2m([22m[2m5 tests[22m[2m)[22m[32m 4[2mms[22m[39m
 [32m✓[39m src/commands/auth-choice.apply.google-gemini-cli.test.ts [2m([22m[2m3 tests[22m[2m)[22m[32m 6[2mms[22m[39m
 [32m✓[39m src/imessage/monitor/monitor-provider.echo-cache.test.ts [2m([22m[2m3 tests[22m[2m)[22m[32m 5[2mms[22m[39m
 [32m✓[39m src/agents/pi-embedded-runner/usage-reporting.test.ts [2m([22m[2m1 test[22m[2m)[22m[32m 4[2mms[22m[39m
 [32m✓[39m src/infra/process-respawn.test.ts [2m([22m[2m7 tests[22m[2m)[22m[32m 5[2mms[22m[39m
 [32m✓[39m src/discord/chunk.test.ts [2m([22m[2m10 tests[22m[2m)[22m[32m 4[2mms[22m[39m
 [32m✓[39m src/node-host/invoke.sanitize-env.test.ts [2m([22m[2m7 tests[22m[2m)[22m[32m 6[2mms[22m[39m
 [32m✓[39m src/plugins/hooks.model-override-wiring.test.ts [2m([22m[2m6 tests[22m[2m)[22m[32m 8[2mms[22m[39m
 [32m✓[39m src/channels/plugins/outbound/imessage.test.ts [2m([22m[2m2 tests[22m[2m)[22m[32m 6[2mms[22m[39m
 [32m✓[39m src/agents/tools/cron-tool.flat-params.test.ts [2m([22m[2m1 test[22m[2m)[22m[32m 4[2mms[22m[39m
 [32m✓[39m src/agents/sanitize-for-prompt.test.ts [2m([22m[2m6 tests[22m[2m)[22m[32m 6[2mms[22m[39m
 [32m✓[39m src/auto-reply/reply/get-reply.reset-hooks-fallback.test.ts [2m([22m[2m2 tests[22m[2m)[22m[32m 3[2mms[22m[39m
 [32m✓[39m src/cli/program/action-reparse.test.ts [2m([22m[2m3 tests[22m[2m)[22m[32m 5[2mms[22m[39m
[90mstdout[2m | extensions/tlon/src/urbit/base-url.test.ts
[22m[39m[MemoryStore] Initializing the Five-Tier Central Nervous System...
KnowledgeGraph connected to Neo4j successfully.

 [31m❯[39m extensions/tlon/src/urbit/base-url.test.ts [2m([22m[2m0 test[22m[2m)[22m
 [32m✓[39m src/agents/model-compat.test.ts [2m([22m[2m18 tests[22m[2m)[22m[32m 4[2mms[22m[39m
 [32m✓[39m src/commands/configure.wizard.test.ts [2m([22m[2m2 tests[22m[2m)[22m[32m 4[2mms[22m[39m
 [32m✓[39m src/channels/plugins/group-mentions.test.ts [2m([22m[2m5 tests[22m[2m)[22m[32m 3[2mms[22m[39m
 [32m✓[39m extensions/matrix/src/resolve-targets.test.ts [2m([22m[2m3 tests[22m[2m)[22m[32m 2[2mms[22m[39m
 [32m✓[39m src/agents/pi-embedded-helpers.validate-turns.test.ts [2m([22m[2m15 tests[22m[2m)[22m[32m 5[2mms[22m[39m
 [32m✓[39m src/agents/subagent-registry-completion.test.ts [2m([22m[2m6 tests[22m[2m)[22m[32m 3[2mms[22m[39m
 [32m✓[39m src/memory/epistemic.test.ts [2m([22m[2m16 tests[22m[2m)[22m[32m 4[2mms[22m[39m
 [32m✓[39m src/config/env-substitution.test.ts [2m([22m[2m9 tests[22m[2m)[22m[32m 4[2mms[22m[39m
 [32m✓[39m src/agents/workspace-run.test.ts [2m([22m[2m8 tests[22m[2m)[22m[32m 5[2mms[22m[39m
 [32m✓[39m src/pairing/setup-code.test.ts [2m([22m[2m6 tests[22m[2m)[22m[32m 4[2mms[22m[39m
 [32m✓[39m src/agents/subagent-announce-dispatch.test.ts [2m([22m[2m9 tests[22m[2m)[22m[32m 7[2mms[22m[39m
 [32m✓[39m src/slack/modal-metadata.test.ts [2m([22m[2m4 tests[22m[2m)[22m[32m 4[2mms[22m[39m
 [32m✓[39m src/commands/session-store-targets.test.ts [2m([22m[2m5 tests[22m[2m)[22m[32m 14[2mms[22m[39m
 [32m✓[39m src/agents/pi-embedded-subscribe.handlers.lifecycle.test.ts [2m([22m[2m2 tests[22m[2m)[22m[32m 4[2mms[22m[39m
[90mstdout[2m | extensions/twitch/src/plugin.test.ts
[22m[39m[MemoryStore] Initializing the Five-Tier Central Nervous System...
KnowledgeGraph connected to Neo4j successfully.

 [31m❯[39m extensions/twitch/src/plugin.test.ts [2m([22m[2m0 test[22m[2m)[22m
[90mstdout[2m | extensions/matrix/src/matrix/monitor/rooms.test.ts
[22m[39m[MemoryStore] Initializing the Five-Tier Central Nervous System...
KnowledgeGraph connected to Neo4j successfully.

 [31m❯[39m extensions/matrix/src/matrix/monitor/rooms.test.ts [2m([22m[2m0 test[22m[2m)[22m
 [32m✓[39m src/agents/sandbox-explain.test.ts [2m([22m[2m4 tests[22m[2m)[22m[32m 6[2mms[22m[39m
 [32m✓[39m extensions/voice-call/src/http-headers.test.ts [2m([22m[2m3 tests[22m[2m)[22m[32m 2[2mms[22m[39m
 [32m✓[39m extensions/matrix/src/matrix/poll-types.test.ts [2m([22m[2m1 test[22m[2m)[22m[32m 2[2mms[22m[39m
 [32m✓[39m src/commands/sandbox-explain.test.ts [2m([22m[2m1 test[22m[2m)[22m[32m 6[2mms[22m[39m
 [32m✓[39m src/commands/agent/session.test.ts [2m([22m[2m8 tests[22m[2m)[22m[32m 35[2mms[22m[39m
 [32m✓[39m src/media/parse.test.ts [2m([22m[2m5 tests[22m[2m)[22m[32m 6[2mms[22m[39m
 [32m✓[39m src/commands/models/shared.test.ts [2m([22m[2m3 tests[22m[2m)[22m[32m 5[2mms[22m[39m
 [32m✓[39m src/agents/pi-embedded-block-chunker.test.ts [2m([22m[2m6 tests[22m[2m)[22m[32m 3[2mms[22m[39m
 [32m✓[39m src/agents/pi-tools.policy.test.ts [2m([22m[2m23 tests[22m[2m)[22m[32m 6[2mms[22m[39m
 [32m✓[39m extensions/matrix/src/matrix/accounts.test.ts [2m([22m[2m3 tests[22m[2m)[22m[32m 3[2mms[22m[39m
 [32m✓[39m src/agents/auth-profiles/oauth.test.ts [2m([22m[2m10 tests[22m[2m)[22m[32m 35[2mms[22m[39m
 [32m✓[39m src/agents/pi-embedded-runner/tool-result-context-guard.test.ts [2m([22m[2m8 tests[22m[2m)[22m[32m 4[2mms[22m[39m
 [32m✓[39m extensions/matrix/src/matrix/actions/limits.test.ts [2m([22m[2m2 tests[22m[2m)[22m[32m 2[2mms[22m[39m
 [32m✓[39m src/agents/bootstrap-hooks.test.ts [2m([22m[2m1 test[22m[2m)[22m[32m 5[2mms[22m[39m
 [32m✓[39m src/agents/pi-tools.read.workspace-root-guard.test.ts [2m([22m[2m5 tests[22m[2m)[22m[32m 6[2mms[22m[39m
 [32m✓[39m extensions/matrix/src/matrix/monitor/allowlist.test.ts [2m([22m[2m3 tests[22m[2m)[22m[32m 5[2mms[22m[39m
 [32m✓[39m src/discord/send.permissions.authz.test.ts [2m([22m[2m7 tests[22m[2m)[22m[32m 6[2mms[22m[39m
 [32m✓[39m src/agents/channel-tools.test.ts [2m([22m[2m1 test[22m[2m)[22m[32m 8[2mms[22m[39m
 [32m✓[39m extensions/mattermost/src/mattermost/client.test.ts [2m([22m[2m1 test[22m[2m)[22m[32m 4[2mms[22m[39m
[90mstdout[2m | extensions/irc/src/monitor.test.ts
[22m[39m[MemoryStore] Initializing the Five-Tier Central Nervous System...
KnowledgeGraph connected to Neo4j successfully.

 [31m❯[39m extensions/irc/src/monitor.test.ts [2m([22m[2m0 test[22m[2m)[22m
 [32m✓[39m src/auto-reply/reply/model-selection.test.ts [2m([22m[2m12 tests[22m[2m)[22m[32m 9[2mms[22m[39m
 [32m✓[39m src/infra/abort-pattern.test.ts [2m([22m[2m6 tests[22m[2m)[22m[32m 8[2mms[22m[39m
 [32m✓[39m extensions/msteams/src/token-response.test.ts [2m([22m[2m4 tests[22m[2m)[22m[32m 2[2mms[22m[39m
 [32m✓[39m src/agents/compaction.identifier-preservation.test.ts [2m([22m[2m6 tests[22m[2m)[22m[32m 8[2mms[22m[39m
 [32m✓[39m extensions/feishu/src/external-keys.test.ts [2m([22m[2m3 tests[22m[2m)[22m[32m 2[2mms[22m[39m
 [32m✓[39m src/agents/tool-call-id.test.ts [2m([22m[2m8 tests[22m[2m)[22m[32m 4[2mms[22m[39m
 [32m✓[39m src/agents/pi-embedded-runner/sanitize-session-history.tool-result-details.test.ts [2m([22m[2m1 test[22m[2m)[22m[32m 4[2mms[22m[39m
 [32m✓[39m extensions/msteams/src/sent-message-cache.test.ts [2m([22m[2m1 test[22m[2m)[22m[32m 2[2mms[22m[39m
 [32m✓[39m src/browser/pw-role-snapshot.test.ts [2m([22m[2m7 tests[22m[2m)[22m[32m 10[2mms[22m[39m
 [32m✓[39m src/telegram/targets.test.ts [2m([22m[2m19 tests[22m[2m)[22m[32m 4[2mms[22m[39m
 [32m✓[39m src/memory/knowledge-graph/neuroplasticity.test.ts [2m([22m[2m9 tests[22m[2m)[22m[32m 4[2mms[22m[39m
 [32m✓[39m src/commands/onboard-interactive.test.ts [2m([22m[2m3 tests[22m[2m)[22m[32m 9[2mms[22m[39m
 [32m✓[39m src/agents/auth-profiles.resolve-auth-profile-order.uses-stored-profiles-no-config-exists.test.ts [2m([22m[2m9 tests[22m[2m)[22m[32m 3[2mms[22m[39m
 [32m✓[39m src/infra/unhandled-rejections.test.ts [2m([22m[2m29 tests[22m[2m)[22m[32m 6[2mms[22m[39m
 [32m✓[39m src/auto-reply/model.test.ts [2m([22m[2m25 tests[22m[2m)[22m[32m 5[2mms[22m[39m
 [32m✓[39m src/plugins/services.test.ts [2m([22m[2m2 tests[22m[2m)[22m[32m 5[2mms[22m[39m
 [32m✓[39m src/auto-reply/thinking.test.ts [2m([22m[2m14 tests[22m[2m)[22m[32m 5[2mms[22m[39m
 [32m✓[39m src/cli/profile.test.ts [2m([22m[2m19 tests[22m[2m)[22m[32m 6[2mms[22m[39m
 [32m✓[39m src/agents/identity.per-channel-prefix.test.ts [2m([22m[2m23 tests[22m[2m)[22m[32m 51[2mms[22m[39m
 [32m✓[39m src/channels/channel-config.test.ts [2m([22m[2m17 tests[22m[2m)[22m[32m 62[2mms[22m[39m
 [32m✓[39m src/infra/ssh-config.test.ts [2m([22m[2m3 tests[22m[2m)[22m[32m 4[2mms[22m[39m
 [32m✓[39m src/agents/pi-settings.test.ts [2m([22m[2m8 tests[22m[2m)[22m[32m 10[2mms[22m[39m
[90mstdout[2m | src/commands/health.command.coverage.test.ts
[22m[39m[MemoryStore] Initializing the Five-Tier Central Nervous System...
KnowledgeGraph connected to Neo4j successfully.

 [31m❯[39m src/commands/health.command.coverage.test.ts [2m([22m[2m0 test[22m[2m)[22m
 [32m✓[39m src/hooks/bundled/boot-md/handler.gateway-startup.integration.test.ts [2m([22m[2m1 test[22m[2m)[22m[32m 3[2mms[22m[39m
 [32m✓[39m src/agents/tools/memory-tool.test.ts [2m([22m[2m2 tests[22m[2m)[22m[32m 3[2mms[22m[39m
 [32m✓[39m src/channels/plugins/outbound/slack.test.ts [2m([22m[2m7 tests[22m[2m)[22m[32m 4[2mms[22m[39m
 [32m✓[39m src/auto-reply/reply/agent-runner-utils.test.ts [2m([22m[2m5 tests[22m[2m)[22m[32m 6[2mms[22m[39m
 [32m✓[39m src/plugins/wired-hooks-llm.test.ts [2m([22m[2m3 tests[22m[2m)[22m[32m 7[2mms[22m[39m
 [32m✓[39m src/plugin-sdk/webhook-targets.test.ts [2m([22m[2m10 tests[22m[2m)[22m[32m 5[2mms[22m[39m
 [32m✓[39m src/agents/pi-embedded-runner/model.forward-compat.test.ts [2m([22m[2m6 tests[22m[2m)[22m[32m 4[2mms[22m[39m
[90mstdout[2m | src/agents/pi-embedded-runner.get-dm-history-limit-from-session-key.returns-undefined-sessionkey-is-undefined.test.ts
[22m[39m[MemoryStore] Initializing the Five-Tier Central Nervous System...
KnowledgeGraph connected to Neo4j successfully.

[90mstdout[2m | src/agents/pi-embedded-runner.get-dm-history-limit-from-session-key.returns-undefined-sessionkey-is-undefined.test.ts
[22m[39mKnowledgeGraph Schema Initialized.

 [31m❯[39m src/agents/pi-embedded-runner.get-dm-history-limit-from-session-key.returns-undefined-sessionkey-is-undefined.test.ts [2m([22m[2m0 test[22m[2m)[22m
 [32m✓[39m src/shared/text/reasoning-tags.test.ts [2m([22m[2m12 tests[22m[2m)[22m[32m 7[2mms[22m[39m
 [32m✓[39m src/agents/opencode-zen-models.test.ts [2m([22m[2m11 tests[22m[2m)[22m[32m 5[2mms[22m[39m
 [32m✓[39m src/daemon/launchd.integration.test.ts [2m([22m[2m1 test[22m[2m)[22m[33m 45024[2mms[22m[39m
     [33m[2m✓[22m[39m restarts launchd service and keeps it running with a new pid [33m 45002[2mms[22m[39m
 [32m✓[39m src/agents/observer-hook.test.ts [2m([22m[2m5 tests[22m[2m)[22m[32m 3[2mms[22m[39m
 [32m✓[39m src/commands/cleanup-utils.test.ts [2m([22m[2m5 tests[22m[2m)[22m[32m 4[2mms[22m[39m
 [32m✓[39m src/web/reconnect.test.ts [2m([22m[2m4 tests[22m[2m)[22m[32m 4[2mms[22m[39m
 [32m✓[39m src/daemon/runtime-paths.test.ts [2m([22m[2m9 tests[22m[2m)[22m[32m 4[2mms[22m[39m
 [32m✓[39m src/discord/components.test.ts [2m([22m[2m4 tests[22m[2m)[22m[32m 5[2mms[22m[39m
 [32m✓[39m src/memory/backend-config.test.ts [2m([22m[2m7 tests[22m[2m)[22m[32m 3[2mms[22m[39m
[90mstdout[2m | src/commands/agents.add.test.ts
[22m[39m[MemoryStore] Initializing the Five-Tier Central Nervous System...
KnowledgeGraph connected to Neo4j successfully.

[90mstdout[2m | src/commands/agents.add.test.ts
[22m[39mKnowledgeGraph Schema Initialized.

 [31m❯[39m src/commands/agents.add.test.ts [2m([22m[2m0 test[22m[2m)[22m
 [32m✓[39m src/security/prompt-guardrails.test.ts [2m([22m[2m18 tests[22m[2m)[22m[32m 4[2mms[22m[39m
 [32m✓[39m src/infra/watch-node.test.ts [2m([22m[2m3 tests[22m[2m)[22m[32m 4[2mms[22m[39m
 [32m✓[39m src/discord/send.components.test.ts [2m([22m[2m1 test[22m[2m)[22m[32m 3[2mms[22m[39m
 [32m✓[39m src/commands/auth-choice-options.test.ts [2m([22m[2m4 tests[22m[2m)[22m[32m 5[2mms[22m[39m
 [32m✓[39m src/channels/plugins/onboarding/channel-access-configure.test.ts [2m([22m[2m3 tests[22m[2m)[22m[32m 5[2mms[22m[39m
 [32m✓[39m src/telegram/status-reaction-variants.test.ts [2m([22m[2m16 tests[22m[2m)[22m[32m 4[2mms[22m[39m
 [32m✓[39m src/agents/bash-process-registry.test.ts [2m([22m[2m5 tests[22m[2m)[22m[32m 3[2mms[22m[39m
 [32m✓[39m src/cli/command-options.test.ts [2m([22m[2m7 tests[22m[2m)[22m[32m 5[2mms[22m[39m
 [32m✓[39m src/agents/sandbox/sanitize-env-vars.test.ts [2m([22m[2m4 tests[22m[2m)[22m[32m 4[2mms[22m[39m
 [32m✓[39m src/utils/utils-misc.test.ts [2m([22m[2m21 tests[22m[2m)[22m[32m 4[2mms[22m[39m
 [32m✓[39m src/agents/tools/sessions-access.test.ts [2m([22m[2m11 tests[22m[2m)[22m[32m 5[2mms[22m[39m
 [32m✓[39m src/channels/draft-stream-controls.test.ts [2m([22m[2m6 tests[22m[2m)[22m[32m 4[2mms[22m[39m
 [32m✓[39m src/media-understanding/runner.vision-skip.test.ts [2m([22m[2m1 test[22m[2m)[22m[32m 5[2mms[22m[39m
[90mstdout[2m | extensions/tlon/src/monitor/processed-messages.test.ts
[22m[39m[MemoryStore] Initializing the Five-Tier Central Nervous System...
KnowledgeGraph connected to Neo4j successfully.

 [31m❯[39m extensions/tlon/src/monitor/processed-messages.test.ts [2m([22m[2m0 test[22m[2m)[22m
 [32m✓[39m src/browser/server-context.hot-reload-profiles.test.ts [2m([22m[2m4 tests[22m[2m)[22m[32m 5[2mms[22m[39m
 [32m✓[39m src/test-utils/env.test.ts [2m([22m[2m8 tests[22m[2m)[22m[32m 4[2mms[22m[39m
 [32m✓[39m src/infra/update-check.test.ts [2m([22m[2m5 tests[22m[2m)[22m[32m 4[2mms[22m[39m
 [32m✓[39m src/plugins/wired-hooks-message.test.ts [2m([22m[2m4 tests[22m[2m)[22m[32m 4[2mms[22m[39m
 [32m✓[39m src/config/merge-patch.test.ts [2m([22m[2m6 tests[22m[2m)[22m[32m 4[2mms[22m[39m
 [32m✓[39m src/plugins/wired-hooks-gateway.test.ts [2m([22m[2m3 tests[22m[2m)[22m[32m 3[2mms[22m[39m
 [32m✓[39m src/auto-reply/reply/subagents-utils.test.ts [2m([22m[2m7 tests[22m[2m)[22m[32m 5[2mms[22m[39m
 [32m✓[39m src/slack/targets.test.ts [2m([22m[2m6 tests[22m[2m)[22m[32m 5[2mms[22m[39m
 [32m✓[39m src/agents/subagent-announce.timeout.test.ts [2m([22m[2m3 tests[22m[2m)[22m[32m 4[2mms[22m[39m
 [32m✓[39m src/line/flex-templates.test.ts [2m([22m[2m7 tests[22m[2m)[22m[32m 3[2mms[22m[39m
 [32m✓[39m src/routing/session-key.test.ts [2m([22m[2m16 tests[22m[2m)[22m[32m 4[2mms[22m[39m
 [32m✓[39m src/agents/pi-embedded-runner/run/payloads.test.ts [2m([22m[2m7 tests[22m[2m)[22m[32m 4[2mms[22m[39m
 [32m✓[39m src/signal/send-reactions.test.ts [2m([22m[2m3 tests[22m[2m)[22m[32m 4[2mms[22m[39m
 [32m✓[39m src/daemon/cmd-argv.test.ts [2m([22m[2m12 tests[22m[2m)[22m[32m 4[2mms[22m[39m
[90mstdout[2m | extensions/zalouser/src/channel.test.ts
[22m[39m[MemoryStore] Initializing the Five-Tier Central Nervous System...
KnowledgeGraph connected to Neo4j successfully.

 [31m❯[39m extensions/zalouser/src/channel.test.ts [2m([22m[2m0 test[22m[2m)[22m

[2m Test Files [22m [1m[31m82 failed[39m[22m[2m | [22m[1m[32m80 passed[39m[22m[90m (162)[39m
[2m      Tests [22m [1m[32m666 passed[39m[22m[2m | [22m[33m1 skipped[39m[90m (667)[39m
[2m   Start at [22m 11:20:16
[2m   Duration [22m 46.25s[2m (transform 27.38s, setup 5.35s, import 3.06s, tests 2.02s, environment 235ms)[22m

 [32m✓[39m src/agents/auth-profiles.cooldown-auto-expiry.test.ts [2m([22m[2m6 tests[22m[2m)[22m[32m 3[2mms[22m[39m
 [32m✓[39m src/agents/command-poll-backoff.test.ts [2m([22m[2m14 tests[22m[2m)[22m[32m 4[2mms[22m[39m
 [32m✓[39m src/slack/http/registry.test.ts [2m([22m[2m5 tests[22m[2m)[22m[32m 9[2mms[22m[39m
 [32m✓[39m src/cli/browser-cli.test.ts [2m([22m[2m3 tests[22m[2m)[22m[32m 5[2mms[22m[39m
 [32m✓[39m src/tui/commands.test.ts [2m([22m[2m4 tests[22m[2m)[22m[32m 3[2mms[22m[39m
 [32m✓[39m src/plugins/http-registry.test.ts [2m([22m[2m3 tests[22m[2m)[22m[32m 5[2mms[22m[39m
 [32m✓[39m src/config/io.eacces.test.ts [2m([22m[2m2 tests[22m[2m)[22m[32m 3[2mms[22m[39m
 [32m✓[39m src/telegram/network-config.test.ts [2m([22m[2m16 tests[22m[2m)[22m[32m 4[2mms[22m[39m
 [32m✓[39m src/agents/models-config.providers.qianfan.test.ts [2m([22m[2m1 test[22m[2m)[22m[32m 4[2mms[22m[39m
 [32m✓[39m src/process/spawn-utils.test.ts [2m([22m[2m3 tests[22m[2m)[22m[32m 4[2mms[22m[39m
 [32m✓[39m src/browser/pw-session.create-page.navigation-guard.test.ts [2m([22m[2m2 tests[22m[2m)[22m[32m 4[2mms[22m[39m
 [32m✓[39m src/daemon/constants.test.ts [2m([22m[2m19 tests[22m[2m)[22m[32m 6[2mms[22m[39m
 [32m✓[39m src/utils/run-with-concurrency.test.ts [2m([22m[2m3 tests[22m[2m)[22m[32m 3[2mms[22m[39m
 [32m✓[39m src/agents/tools/common.params.test.ts [2m([22m[2m12 tests[22m[2m)[22m[32m 3[2mms[22m[39m
 [32m✓[39m src/providers/github-copilot-models.test.ts [2m([22m[2m6 tests[22m[2m)[22m[32m 3[2mms[22m[39m
 [32m✓[39m src/tui/tui-stream-assembler.test.ts [2m([22m[2m11 tests[22m[2m)[22m[32m 3[2mms[22m[39m
 [32m✓[39m src/config/env-preserve.test.ts [2m([22m[2m16 tests[22m[2m)[22m[32m 4[2mms[22m[39m
 [32m✓[39m src/config/sessions/artifacts.test.ts [2m([22m[2m3 tests[22m[2m)[22m[32m 2[2mms[22m[39m
 [32m✓[39m src/acp/control-plane/runtime-cache.test.ts [2m([22m[2m2 tests[22m[2m)[22m[32m 5[2mms[22m[39m
 [32m✓[39m src/commands/configure.gateway.test.ts [2m([22m[2m5 tests[22m[2m)[22m[32m 7[2mms[22m[39m
 [32m✓[39m src/agents/tools/sessions-resolution.test.ts [2m([22m[2m9 tests[22m[2m)[22m[32m 4[2mms[22m[39m
 [32m✓[39m src/memory/hybrid.test.ts [2m([22m[2m4 tests[22m[2m)[22m[32m 4[2mms[22m[39m
[90mstdout[2m | src/auto-reply/reply/agent-runner-helpers.test.ts
[22m[39m[MemoryStore] Initializing the Five-Tier Central Nervous System...
KnowledgeGraph connected to Neo4j successfully.

[90mstdout[2m | src/auto-reply/reply/agent-runner-helpers.test.ts
[22m[39mKnowledgeGraph Schema Initialized.

 [31m❯[39m src/auto-reply/reply/agent-runner-helpers.test.ts [2m([22m[2m0 test[22m[2m)[22m
 [32m✓[39m src/channels/plugins/whatsapp-heartbeat.test.ts [2m([22m[2m8 tests[22m[2m)[22m[32m 35[2mms[22m[39m
 [32m✓[39m src/infra/session-maintenance-warning.test.ts [2m([22m[2m1 test[22m[2m)[22m[32m 7[2mms[22m[39m
 [32m✓[39m src/media-understanding/resolve.test.ts [2m([22m[2m6 tests[22m[2m)[22m[32m 5[2mms[22m[39m
 [32m✓[39m src/tui/tui-input-history.test.ts [2m([22m[2m7 tests[22m[2m)[22m[32m 4[2mms[22m[39m
 [32m✓[39m src/agents/compaction.identifier-policy.test.ts [2m([22m[2m5 tests[22m[2m)[22m[32m 3[2mms[22m[39m
 [32m✓[39m src/agents/chutes-oauth.test.ts [2m([22m[2m6 tests[22m[2m)[22m[32m 3[2mms[22m[39m
 [32m✓[39m src/logging/logger-env.test.ts [2m([22m[2m2 tests[22m[2m)[22m[32m 7[2mms[22m[39m
 [32m✓[39m src/infra/abort-signal.test.ts [2m([22m[2m3 tests[22m[2m)[22m[32m 7[2mms[22m[39m
 [32m✓[39m src/commands/sandbox-formatters.test.ts [2m([22m[2m31 tests[22m[2m)[22m[32m 7[2mms[22m[39m
 [32m✓[39m src/browser/server-lifecycle.test.ts [2m([22m[2m4 tests[22m[2m)[22m[32m 25[2mms[22m[39m
 [32m✓[39m src/slack/stream-mode.test.ts [2m([22m[2m11 tests[22m[2m)[22m[32m 6[2mms[22m[39m
 [32m✓[39m src/commands/dashboard.links.test.ts [2m([22m[2m3 tests[22m[2m)[22m[32m 3[2mms[22m[39m
 [32m✓[39m src/commands/doctor-config-flow.missing-default-account-bindings.test.ts [2m([22m[2m5 tests[22m[2m)[22m[32m 7[2mms[22m[39m
 [32m✓[39m src/agents/tools/agent-step.test.ts [2m([22m[2m2 tests[22m[2m)[22m[32m 3[2mms[22m[39m
 [32m✓[39m src/cli/browser-cli-actions-input/shared.test.ts [2m([22m[2m4 tests[22m[2m)[22m[32m 3[2mms[22m[39m
 [32m✓[39m src/telegram/voice.test.ts [2m([22m[2m5 tests[22m[2m)[22m[32m 4[2mms[22m[39m
 [32m✓[39m src/media/audio.test.ts [2m([22m[2m23 tests[22m[2m)[22m[32m 8[2mms[22m[39m
 [32m✓[39m src/discord/directory-live.test.ts [2m([22m[2m4 tests[22m[2m)[22m[32m 5[2mms[22m[39m
 [32m✓[39m src/discord/monitor/gateway-error-guard.test.ts [2m([22m[2m2 tests[22m[2m)[22m[32m 3[2mms[22m[39m
 [32m✓[39m src/discord/monitor/threading.parent-info.test.ts [2m([22m[2m3 tests[22m[2m)[22m[32m 5[2mms[22m[39m
 [32m✓[39m src/pairing/pairing-messages.test.ts [2m([22m[2m6 tests[22m[2m)[22m[32m 7[2mms[22m[39m
 [32m✓[39m src/node-host/exec-policy.test.ts [2m([22m[2m12 tests[22m[2m)[22m[32m 5[2mms[22m[39m
 [32m✓[39m src/plugins/wired-hooks-session.test.ts [2m([22m[2m3 tests[22m[2m)[22m[32m 8[2mms[22m[39m
 [32m✓[39m src/commands/status-all/channels.mattermost-token-summary.test.ts [2m([22m[2m3 tests[22m[2m)[22m[32m 6[2mms[22m[39m
 [32m✓[39m src/config/model-alias-defaults.test.ts [2m([22m[2m7 tests[22m[2m)[22m[32m 3[2mms[22m[39m
 [32m✓[39m src/agents/pi-embedded-runner.guard.test.ts [2m([22m[2m1 test[22m[2m)[22m[32m 5[2mms[22m[39m
 [32m✓[39m src/infra/system-run-command.contract.test.ts [2m([22m[2m8 tests[22m[2m)[22m[32m 10[2mms[22m[39m
 [32m✓[39m src/hooks/gmail.test.ts [2m([22m[2m8 tests[22m[2m)[22m[32m 4[2mms[22m[39m
[90mstdout[2m | src/infra/outbound/agent-delivery.test.ts
[22m[39m[MemoryStore] Initializing the Five-Tier Central Nervous System...
KnowledgeGraph connected to Neo4j successfully.

 [31m❯[39m src/infra/outbound/agent-delivery.test.ts [2m([22m[2m0 test[22m[2m)[22m
 [32m✓[39m src/imessage/monitor/deliver.test.ts [2m([22m[2m3 tests[22m[2m)[22m[32m 31[2mms[22m[39m
 [32m✓[39m src/agents/usage.test.ts [2m([22m[2m17 tests[22m[2m)[22m[32m 6[2mms[22m[39m
 [32m✓[39m src/wizard/onboarding.completion.test.ts [2m([22m[2m2 tests[22m[2m)[22m[32m 6[2mms[22m[39m
 [32m✓[39m src/telegram/reasoning-lane-coordinator.test.ts [2m([22m[2m4 tests[22m[2m)[22m[32m 8[2mms[22m[39m
 [32m✓[39m src/hooks/gmail-watcher-lifecycle.test.ts [2m([22m[2m5 tests[22m[2m)[22m[32m 4[2mms[22m[39m
 [32m✓[39m src/acp/session.test.ts [2m([22m[2m5 tests[22m[2m)[22m[32m 8[2mms[22m[39m
 [32m✓[39m src/memory/embedding-chunk-limits.test.ts [2m([22m[2m4 tests[22m[2m)[22m[32m 5[2mms[22m[39m
 [32m✓[39m src/commands/dashboard.test.ts [2m([22m[2m4 tests[22m[2m)[22m[32m 7[2mms[22m[39m
 [32m✓[39m src/daemon/program-args.test.ts [2m([22m[2m3 tests[22m[2m)[22m[32m 24[2mms[22m[39m
 [32m✓[39m src/cli/daemon-cli-compat.test.ts [2m([22m[2m3 tests[22m[2m)[22m[32m 5[2mms[22m[39m
 [32m✓[39m src/wizard/session.test.ts [2m([22m[2m3 tests[22m[2m)[22m[32m 3[2mms[22m[39m
 [32m✓[39m src/telegram/reaction-level.test.ts [2m([22m[2m7 tests[22m[2m)[22m[32m 5[2mms[22m[39m
 [32m✓[39m src/commands/status.update.test.ts [2m([22m[2m6 tests[22m[2m)[22m[32m 9[2mms[22m[39m
 [32m✓[39m src/cli/cron-cli/shared.test.ts [2m([22m[2m4 tests[22m[2m)[22m[32m 8[2mms[22m[39m
 [32m✓[39m ui/src/ui/controllers/agents.test.ts [2m([22m[2m2 tests[22m[2m)[22m[32m 3[2mms[22m[39m
 [32m✓[39m src/agents/pi-embedded-runner/run/history-image-prune.test.ts [2m([22m[2m3 tests[22m[2m)[22m[32m 6[2mms[22m[39m
 [32m✓[39m src/integrations/embodiment/adapters/minecraft-adapter.test.ts [2m([22m[2m7 tests[22m[2m)[22m[32m 4[2mms[22m[39m
[90mstdout[2m | src/cli/hooks-cli.test.ts
[22m[39m[MemoryStore] Initializing the Five-Tier Central Nervous System...
KnowledgeGraph connected to Neo4j successfully.

 [31m❯[39m src/cli/hooks-cli.test.ts [2m([22m[2m0 test[22m[2m)[22m
 [32m✓[39m src/acp/runtime/registry.test.ts [2m([22m[2m6 tests[22m[2m)[22m[32m 4[2mms[22m[39m
 [32m✓[39m src/slack/client.test.ts [2m([22m[2m3 tests[22m[2m)[22m[32m 7[2mms[22m[39m
 [32m✓[39m src/plugins/slots.test.ts [2m([22m[2m5 tests[22m[2m)[22m[32m 4[2mms[22m[39m
 [32m✓[39m src/channels/telegram/api.test.ts [2m([22m[2m4 tests[22m[2m)[22m[32m 6[2mms[22m[39m
 [32m✓[39m src/channels/dock.test.ts [2m([22m[2m5 tests[22m[2m)[22m[32m 7[2mms[22m[39m
[90mstdout[2m | src/cli/run-main.test.ts
[22m[39m[MemoryStore] Initializing the Five-Tier Central Nervous System...
KnowledgeGraph connected to Neo4j successfully.

 [31m❯[39m src/cli/run-main.test.ts [2m([22m[2m0 test[22m[2m)[22m
 [32m✓[39m src/providers/google-shared.ensures-function-call-comes-after-user-turn.test.ts [2m([22m[2m2 tests[22m[2m)[22m[32m 6[2mms[22m[39m
 [32m✓[39m src/auto-reply/reply/block-streaming.test.ts [2m([22m[2m3 tests[22m[2m)[22m[32m 4[2mms[22m[39m
 [32m✓[39m src/agents/auth-profiles.resolve-auth-profile-order.normalizes-z-ai-aliases-auth-order.test.ts [2m([22m[2m4 tests[22m[2m)[22m[32m 3[2mms[22m[39m
 [32m✓[39m src/commands/channel-account-context.test.ts [2m([22m[2m2 tests[22m[2m)[22m[32m 3[2mms[22m[39m
 [32m✓[39m src/cli/update-cli/shared.command-runner.test.ts [2m([22m[2m1 test[22m[2m)[22m[32m 4[2mms[22m[39m
 [32m✓[39m src/auto-reply/reply/strip-inbound-meta.test.ts [2m([22m[2m12 tests[22m[2m)[22m[32m 3[2mms[22m[39m
 [32m✓[39m src/agents/model-auth.test.ts [2m([22m[2m10 tests[22m[2m)[22m[32m 5[2mms[22m[39m
 [32m✓[39m src/commands/status-all/report-lines.test.ts [2m([22m[2m1 test[22m[2m)[22m[32m 5[2mms[22m[39m
 [32m✓[39m src/infra/warning-filter.test.ts [2m([22m[2m3 tests[22m[2m)[22m[32m 5[2mms[22m[39m
 [32m✓[39m src/config/channel-capabilities.test.ts [2m([22m[2m6 tests[22m[2m)[22m[32m 5[2mms[22m[39m
 [32m✓[39m src/discord/accounts.test.ts [2m([22m[2m3 tests[22m[2m)[22m[32m 3[2mms[22m[39m
 [32m✓[39m src/utils/delivery-context.test.ts [2m([22m[2m5 tests[22m[2m)[22m[32m 5[2mms[22m[39m
 [32m✓[39m src/browser/pw-session.get-page-for-targetid.extension-fallback.test.ts [2m([22m[2m1 test[22m[2m)[22m[32m 3[2mms[22m[39m
 [32m✓[39m src/cli/program/helpers.test.ts [2m([22m[2m16 tests[22m[2m)[22m[32m 4[2mms[22m[39m
 [32m✓[39m src/plugins/hooks.before-agent-start.test.ts [2m([22m[2m10 tests[22m[2m)[22m[32m 4[2mms[22m[39m
 [32m✓[39m src/telegram/group-migration.test.ts [2m([22m[2m5 tests[22m[2m)[22m[32m 3[2mms[22m[39m
[90mstdout[2m | src/channels/channels-misc.test.ts
[22m[39m[MemoryStore] Initializing the Five-Tier Central Nervous System...
KnowledgeGraph connected to Neo4j successfully.

[90mstdout[2m | src/channels/channels-misc.test.ts
[22m[39mKnowledgeGraph Schema Initialized.

 [31m❯[39m src/channels/channels-misc.test.ts [2m([22m[2m0 test[22m[2m)[22m
 [32m✓[39m src/agents/pi-embedded-runner.openai-tool-id-preservation.test.ts [2m([22m[2m1 test[22m[2m)[22m[32m 4[2mms[22m[39m
 [32m✓[39m src/agents/context.test.ts [2m([22m[2m7 tests[22m[2m)[22m[33m 1105[2mms[22m[39m
     [33m[2m✓[22m[39m keeps the smallest context window when duplicate model ids are discovered [33m 863[2mms[22m[39m
 [32m✓[39m src/agents/huggingface-models.test.ts [2m([22m[2m5 tests[22m[2m)[22m[32m 3[2mms[22m[39m
 [32m✓[39m src/process/supervisor/registry.test.ts [2m([22m[2m3 tests[22m[2m)[22m[32m 3[2mms[22m[39m
 [32m✓[39m src/wizard/onboarding.gateway-config.test.ts [2m([22m[2m3 tests[22m[2m)[22m[32m 6[2mms[22m[39m
 [32m✓[39m src/cli/program/build-program.test.ts [2m([22m[2m1 test[22m[2m)[22m[32m 4[2mms[22m[39m
 [32m✓[39m src/plugins/config-state.test.ts [2m([22m[2m8 tests[22m[2m)[22m[32m 3[2mms[22m[39m
 [32m✓[39m src/infra/plain-object.test.ts [2m([22m[2m2 tests[22m[2m)[22m[32m 3[2mms[22m[39m
 [32m✓[39m src/acp/session-mapper.test.ts [2m([22m[2m2 tests[22m[2m)[22m[32m 3[2mms[22m[39m
 [32m✓[39m src/whatsapp/normalize.test.ts [2m([22m[2m8 tests[22m[2m)[22m[32m 3[2mms[22m[39m
 [32m✓[39m src/infra/heartbeat-visibility.test.ts [2m([22m[2m13 tests[22m[2m)[22m[32m 3[2mms[22m[39m
 [32m✓[39m test/scripts/ui.test.ts [2m([22m[2m5 tests[22m[2m)[22m[32m 3[2mms[22m[39m
 [32m✓[39m src/shared/pid-alive.test.ts [2m([22m[2m4 tests[22m[2m)[22m[32m 3[2mms[22m[39m
 [32m✓[39m src/plugin-sdk/ssrf-policy.test.ts [2m([22m[2m9 tests[22m[2m)[22m[32m 4[2mms[22m[39m
 [32m✓[39m src/auto-reply/reply/commands-setunset.test.ts [2m([22m[2m9 tests[22m[2m)[22m[32m 3[2mms[22m[39m
 [32m✓[39m src/infra/install-safe-path.test.ts [2m([22m[2m3 tests[22m[2m)[22m[32m 2[2mms[22m[39m
 [32m✓[39m src/slack/accounts.test.ts [2m([22m[2m4 tests[22m[2m)[22m[32m 2[2mms[22m[39m
 [32m✓[39m src/config/runtime-group-policy.test.ts [2m([22m[2m7 tests[22m[2m)[22m[32m 4[2mms[22m[39m
 [32m✓[39m src/commands/models/list.list-command.forward-compat.test.ts [2m([22m[2m1 test[22m[2m)[22m[32m 3[2mms[22m[39m
 [32m✓[39m src/auto-reply/media-note.test.ts [2m([22m[2m11 tests[22m[2m)[22m[32m 3[2mms[22m[39m
 [32m✓[39m src/infra/outbound/bound-delivery-router.test.ts [2m([22m[2m5 tests[22m[2m)[22m[32m 3[2mms[22m[39m
 [32m✓[39m ui/src/ui/views/usage-render-details.test.ts [2m([22m[2m8 tests[22m[2m)[22m[32m 3[2mms[22m[39m
 [32m✓[39m src/telegram/proxy.test.ts [2m([22m[2m1 test[22m[2m)[22m[32m 3[2mms[22m[39m
[90mstdout[2m | src/agents/pi-embedded-runner.applygoogleturnorderingfix.test.ts
[22m[39m[MemoryStore] Initializing the Five-Tier Central Nervous System...
KnowledgeGraph connected to Neo4j successfully.

[90mstdout[2m | src/agents/pi-embedded-runner.applygoogleturnorderingfix.test.ts
[22m[39mKnowledgeGraph Schema Initialized.

 [31m❯[39m src/agents/pi-embedded-runner.applygoogleturnorderingfix.test.ts [2m([22m[2m0 test[22m[2m)[22m
 [32m✓[39m src/signal/identity.test.ts [2m([22m[2m7 tests[22m[2m)[22m[32m 3[2mms[22m[39m
 [32m✓[39m src/agents/bash-tools.build-docker-exec-args.test.ts [2m([22m[2m6 tests[22m[2m)[22m[32m 3[2mms[22m[39m
 [32m✓[39m src/channels/ack-reactions.test.ts [2m([22m[2m8 tests[22m[2m)[22m[32m 3[2mms[22m[39m
 [32m✓[39m src/commands/doctor-platform-notes.launchctl-env-overrides.test.ts [2m([22m[2m3 tests[22m[2m)[22m[32m 3[2mms[22m[39m
 [32m✓[39m src/line/monitor.read-body.test.ts [2m([22m[2m2 tests[22m[2m)[22m[32m 2[2mms[22m[39m
 [32m✓[39m src/slack/blocks-input.test.ts [2m([22m[2m4 tests[22m[2m)[22m[32m 3[2mms[22m[39m
 [32m✓[39m src/agents/tool-policy-pipeline.test.ts [2m([22m[2m3 tests[22m[2m)[22m[32m 2[2mms[22m[39m
 [32m✓[39m src/agents/sandbox/host-paths.test.ts [2m([22m[2m3 tests[22m[2m)[22m[32m 2[2mms[22m[39m
[90mstdout[2m | src/slack/monitor.test.ts
[22m[39m[MemoryStore] Initializing the Five-Tier Central Nervous System...
KnowledgeGraph connected to Neo4j successfully.

[90mstdout[2m | src/slack/monitor.test.ts
[22m[39mKnowledgeGraph Schema Initialized.

 [31m❯[39m src/slack/monitor.test.ts [2m([22m[2m0 test[22m[2m)[22m
 [32m✓[39m src/cli/run-main.exit.test.ts [2m([22m[2m1 test[22m[2m)[22m[32m 3[2mms[22m[39m
 [32m✓[39m src/commands/daemon-install-runtime-warning.test.ts [2m([22m[2m3 tests[22m[2m)[22m[32m 3[2mms[22m[39m
 [32m✓[39m src/channels/allowlists/resolve-utils.test.ts [2m([22m[2m7 tests[22m[2m)[22m[32m 3[2mms[22m[39m
 [32m✓[39m src/agents/sandbox-merge.test.ts [2m([22m[2m4 tests[22m[2m)[22m[32m 3[2mms[22m[39m
 [32m✓[39m src/channels/plugins/onboarding/signal.test.ts [2m([22m[2m5 tests[22m[2m)[22m[32m 3[2mms[22m[39m
 [32m✓[39m src/slack/channel-migration.test.ts [2m([22m[2m5 tests[22m[2m)[22m[32m 3[2mms[22m[39m
 [32m✓[39m src/cli/program/command-tree.test.ts [2m([22m[2m4 tests[22m[2m)[22m[32m 3[2mms[22m[39m
 [32m✓[39m src/utils/queue-helpers.test.ts [2m([22m[2m8 tests[22m[2m)[22m[32m 3[2mms[22m[39m
 [32m✓[39m src/tui/tui-overlays.test.ts [2m([22m[2m2 tests[22m[2m)[22m[32m 3[2mms[22m[39m
 [32m✓[39m src/channels/allow-from.test.ts [2m([22m[2m8 tests[22m[2m)[22m[32m 3[2mms[22m[39m
 [32m✓[39m src/agents/sandbox.resolveSandboxContext.test.ts [2m([22m[2m3 tests[22m[2m)[22m[32m 3[2mms[22m[39m
 [32m✓[39m src/tui/tui-local-shell.test.ts [2m([22m[2m1 test[22m[2m)[22m[32m 3[2mms[22m[39m
 [32m✓[39m src/tui/tui-session-actions.test.ts [2m([22m[2m1 test[22m[2m)[22m[32m 3[2mms[22m[39m
 [32m✓[39m src/terminal/prompt-select-styled.test.ts [2m([22m[2m1 test[22m[2m)[22m[32m 3[2mms[22m[39m
 [32m✓[39m src/web/inbound/media.node.test.ts [2m([22m[2m9 tests[22m[2m)[22m[32m 3[2mms[22m[39m
 [32m✓[39m src/line/accounts.test.ts [2m([22m[2m6 tests[22m[2m)[22m[32m 3[2mms[22m[39m
 [32m✓[39m src/plugins/source-display.test.ts [2m([22m[2m3 tests[22m[2m)[22m[32m 2[2mms[22m[39m
 [32m✓[39m src/auto-reply/reply/reply-payloads.test.ts [2m([22m[2m8 tests[22m[2m)[22m[32m 3[2mms[22m[39m
 [32m✓[39m src/config/commands.test.ts [2m([22m[2m8 tests[22m[2m)[22m[32m 4[2mms[22m[39m
 [32m✓[39m src/config/runtime-overrides.test.ts [2m([22m[2m7 tests[22m[2m)[22m[32m 3[2mms[22m[39m
 [32m✓[39m src/terminal/restore.test.ts [2m([22m[2m3 tests[22m[2m)[22m[32m 4[2mms[22m[39m
 [32m✓[39m src/channels/plugins/status-issues/bluebubbles.test.ts [2m([22m[2m3 tests[22m[2m)[22m[32m 3[2mms[22m[39m
 [32m✓[39m src/infra/outbound/target-resolver.test.ts [2m([22m[2m2 tests[22m[2m)[22m[32m 3[2mms[22m[39m
 [32m✓[39m src/agents/session-slug.test.ts [2m([22m[2m3 tests[22m[2m)[22m[32m 3[2mms[22m[39m
 [32m✓[39m src/shared/node-list-parse.test.ts [2m([22m[2m2 tests[22m[2m)[22m[32m 2[2mms[22m[39m
 [32m✓[39m src/agents/pi-embedded-runner.resolvesessionagentids.test.ts [2m([22m[2m7 tests[22m[2m)[22m[32m 2[2mms[22m[39m
 [32m✓[39m src/acp/runtime/session-identifiers.test.ts [2m([22m[2m4 tests[22m[2m)[22m[32m 3[2mms[22m[39m
 [32m✓[39m src/discord/monitor/threading.auto-thread.test.ts [2m([22m[2m5 tests[22m[2m)[22m[32m 3[2mms[22m[39m
 [32m✓[39m src/commands/onboard-skills.test.ts [2m([22m[2m2 tests[22m[2m)[22m[32m 4[2mms[22m[39m
 [32m✓[39m src/utils/directive-tags.test.ts [2m([22m[2m6 tests[22m[2m)[22m[32m 3[2mms[22m[39m
 [32m✓[39m src/channels/plugins/normalize/targets.test.ts [2m([22m[2m4 tests[22m[2m)[22m[32m 7[2mms[22m[39m
 [32m✓[39m src/infra/skills-remote.test.ts [2m([22m[2m2 tests[22m[2m)[22m[32m 2[2mms[22m[39m
 [32m✓[39m src/media/inbound-path-policy.test.ts [2m([22m[2m5 tests[22m[2m)[22m[32m 3[2mms[22m[39m
 [32m✓[39m src/line/template-messages.test.ts [2m([22m[2m11 tests[22m[2m)[22m[32m 7[2mms[22m[39m
 [32m✓[39m src/acp/policy.test.ts [2m([22m[2m4 tests[22m[2m)[22m[32m 2[2mms[22m[39m
 [32m✓[39m src/daemon/inspect.test.ts [2m([22m[2m3 tests[22m[2m)[22m[32m 4[2mms[22m[39m
 [32m✓[39m src/plugin-sdk/status-helpers.test.ts [2m([22m[2m8 tests[22m[2m)[22m[32m 5[2mms[22m[39m
[90mstdout[2m | src/commands/channels.surfaces-signal-runtime-errors-channels-status-output.test.ts
[22m[39m[MemoryStore] Initializing the Five-Tier Central Nervous System...
KnowledgeGraph connected to Neo4j successfully.

 [31m❯[39m src/commands/channels.surfaces-signal-runtime-errors-channels-status-output.test.ts [2m([22m[2m0 test[22m[2m)[22m
 [32m✓[39m src/providers/github-copilot-token.test.ts [2m([22m[2m3 tests[22m[2m)[22m[32m 6[2mms[22m[39m
 [32m✓[39m src/routing/account-id.test.ts [2m([22m[2m5 tests[22m[2m)[22m[32m 2[2mms[22m[39m
 [32m✓[39m src/commands/configure.gateway-auth.prompt-auth-config.test.ts [2m([22m[2m2 tests[22m[2m)[22m[32m 3[2mms[22m[39m
 [32m✓[39m src/web/accounts.test.ts [2m([22m[2m4 tests[22m[2m)[22m[32m 3[2mms[22m[39m
 [32m✓[39m src/channels/plugins/normalize/telegram.test.ts [2m([22m[2m6 tests[22m[2m)[22m[32m 5[2mms[22m[39m
 [32m✓[39m src/cli/npm-resolution.test.ts [2m([22m[2m8 tests[22m[2m)[22m[32m 6[2mms[22m[39m
 [32m✓[39m src/agents/usage.normalization.test.ts [2m([22m[2m7 tests[22m[2m)[22m[32m 3[2mms[22m[39m
 [32m✓[39m src/agents/pi-embedded-runner/run/compaction-timeout.test.ts [2m([22m[2m4 tests[22m[2m)[22m[32m 6[2mms[22m[39m
 [32m✓[39m src/discord/monitor/provider.allowlist.test.ts [2m([22m[2m1 test[22m[2m)[22m[32m 3[2mms[22m[39m
 [32m✓[39m src/routing/session-key.continuity.test.ts [2m([22m[2m3 tests[22m[2m)[22m[32m 5[2mms[22m[39m
 [32m✓[39m src/discord/gateway-logging.test.ts [2m([22m[2m3 tests[22m[2m)[22m[32m 3[2mms[22m[39m
 [32m✓[39m src/agents/context-window-guard.test.ts [2m([22m[2m9 tests[22m[2m)[22m[32m 6[2mms[22m[39m
 [32m✓[39m src/shared/string-normalization.test.ts [2m([22m[2m4 tests[22m[2m)[22m[32m 5[2mms[22m[39m
 [32m✓[39m src/telegram/draft-chunking.test.ts [2m([22m[2m3 tests[22m[2m)[22m[32m 36[2mms[22m[39m
 [32m✓[39m src/commands/doctor-legacy-config.test.ts [2m([22m[2m2 tests[22m[2m)[22m[32m 5[2mms[22m[39m
 [32m✓[39m src/agents/compaction.tool-result-details.test.ts [2m([22m[2m2 tests[22m[2m)[22m[32m 13[2mms[22m[39m
 [32m✓[39m src/shared/avatar-policy.test.ts [2m([22m[2m5 tests[22m[2m)[22m[32m 2[2mms[22m[39m
 [32m✓[39m src/channels/plugins/onboarding/imessage.test.ts [2m([22m[2m3 tests[22m[2m)[22m[32m 2[2mms[22m[39m
 [32m✓[39m src/agents/transcript-policy.test.ts [2m([22m[2m7 tests[22m[2m)[22m[32m 6[2mms[22m[39m
 [32m✓[39m src/agents/pi-project-settings.test.ts [2m([22m[2m5 tests[22m[2m)[22m[32m 5[2mms[22m[39m
 [32m✓[39m src/polls.test.ts [2m([22m[2m6 tests[22m[2m)[22m[32m 6[2mms[22m[39m
 [32m✓[39m src/utils/transcript-tools.test.ts [2m([22m[2m7 tests[22m[2m)[22m[32m 6[2mms[22m[39m
 [32m✓[39m src/agents/tool-mutation.test.ts [2m([22m[2m5 tests[22m[2m)[22m[32m 26[2mms[22m[39m
 [32m✓[39m test/integration/observer-pipeline.test.ts [2m([22m[2m8 tests[22m[2m)[22m[32m 3[2mms[22m[39m
 [32m✓[39m src/channels/targets.test.ts [2m([22m[2m4 tests[22m[2m)[22m[32m 5[2mms[22m[39m
 [32m✓[39m src/plugins/enable.test.ts [2m([22m[2m6 tests[22m[2m)[22m[32m 3[2mms[22m[39m
 [32m✓[39m src/shared/requirements.test.ts [2m([22m[2m6 tests[22m[2m)[22m[32m 3[2mms[22m[39m
 [32m✓[39m src/infra/outbound/targets.channel-resolution.test.ts [2m([22m[2m2 tests[22m[2m)[22m[32m 5[2mms[22m[39m
 [32m✓[39m src/agents/auth-profiles.resolve-auth-profile-order.orders-by-lastused-no-explicit-order-exists.test.ts [2m([22m[2m2 tests[22m[2m)[22m[32m 7[2mms[22m[39m
 [32m✓[39m src/plugins/bundled-sources.test.ts [2m([22m[2m2 tests[22m[2m)[22m[32m 3[2mms[22m[39m
 [32m✓[39m src/slack/resolve-channels.test.ts [2m([22m[2m2 tests[22m[2m)[22m[32m 5[2mms[22m[39m
 [32m✓[39m src/agents/identity.test.ts [2m([22m[2m6 tests[22m[2m)[22m[32m 4[2mms[22m[39m
[90mstdout[2m | src/agents/pi-embedded-runner/extra-params.cache-retention-default.test.ts
[22m[39m[MemoryStore] Initializing the Five-Tier Central Nervous System...
KnowledgeGraph connected to Neo4j successfully.

[90mstdout[2m | src/agents/pi-embedded-runner/extra-params.cache-retention-default.test.ts
[22m[39mKnowledgeGraph Schema Initialized.

 [31m❯[39m src/agents/pi-embedded-runner/extra-params.cache-retention-default.test.ts [2m([22m[2m0 test[22m[2m)[22m
 [32m✓[39m src/agents/observer/mediator.test.ts [2m([22m[2m3 tests[22m[2m)[22m[32m 5[2mms[22m[39m
 [32m✓[39m src/config/config.talk-api-key-fallback.test.ts [2m([22m[2m2 tests[22m[2m)[22m[32m 3[2mms[22m[39m
 [32m✓[39m src/infra/host-env-security.policy-parity.test.ts [2m([22m[2m1 test[22m[2m)[22m[32m 5[2mms[22m[39m
 [32m✓[39m src/config/agent-dirs.test.ts [2m([22m[2m2 tests[22m[2m)[22m[32m 4[2mms[22m[39m
 [32m✓[39m src/plugins/logger.test.ts [2m([22m[2m1 test[22m[2m)[22m[32m 6[2mms[22m[39m
 [32m✓[39m src/test-utils/channel-plugins.test.ts [2m([22m[2m3 tests[22m[2m)[22m[32m 4[2mms[22m[39m
 [32m✓[39m src/infra/provider-usage.fetch.shared.test.ts [2m([22m[2m3 tests[22m[2m)[22m[32m 12[2mms[22m[39m
 [32m✓[39m src/agents/tool-policy.plugin-only-allowlist.test.ts [2m([22m[2m6 tests[22m[2m)[22m[32m 3[2mms[22m[39m
 [32m✓[39m src/cron/stagger.test.ts [2m([22m[2m4 tests[22m[2m)[22m[32m 2[2mms[22m[39m
 [32m✓[39m src/acp/runtime/errors.test.ts [2m([22m[2m2 tests[22m[2m)[22m[32m 2[2mms[22m[39m
 [32m✓[39m src/agents/sandbox/browser.novnc-url.test.ts [2m([22m[2m4 tests[22m[2m)[22m[32m 2[2mms[22m[39m
 [32m✓[39m src/plugin-sdk/command-auth.test.ts [2m([22m[2m2 tests[22m[2m)[22m[32m 3[2mms[22m[39m
 [32m✓[39m src/browser/routes/agent.storage.test.ts [2m([22m[2m6 tests[22m[2m)[22m[32m 3[2mms[22m[39m
 [32m✓[39m src/slack/monitor/allow-list.test.ts [2m([22m[2m3 tests[22m[2m)[22m[32m 3[2mms[22m[39m
 [32m✓[39m src/infra/archive-path.test.ts [2m([22m[2m3 tests[22m[2m)[22m[32m 3[2mms[22m[39m
 [32m✓[39m src/cli/progress.test.ts [2m([22m[2m2 tests[22m[2m)[22m[32m 2[2mms[22m[39m
[90mstdout[2m | src/discord/monitor/provider.skill-dedupe.test.ts
[22m[39m[MemoryStore] Initializing the Five-Tier Central Nervous System...
KnowledgeGraph connected to Neo4j successfully.

[90mstdout[2m | src/discord/monitor/provider.skill-dedupe.test.ts
[22m[39mKnowledgeGraph Schema Initialized.

 [31m❯[39m src/discord/monitor/provider.skill-dedupe.test.ts [2m([22m[2m0 test[22m[2m)[22m
 [32m✓[39m src/discord/probe.intents.test.ts [2m([22m[2m4 tests[22m[2m)[22m[32m 2[2mms[22m[39m
 [32m✓[39m src/agents/pi-embedded-runner/thinking.test.ts [2m([22m[2m4 tests[22m[2m)[22m[32m 3[2mms[22m[39m
 [32m✓[39m src/auto-reply/fallback-state.test.ts [2m([22m[2m6 tests[22m[2m)[22m[32m 3[2mms[22m[39m
 [32m✓[39m src/discord/monitor/threading.starter.test.ts [2m([22m[2m2 tests[22m[2m)[22m[32m 3[2mms[22m[39m
 [32m✓[39m src/auto-reply/commands-args.test.ts [2m([22m[2m3 tests[22m[2m)[22m[32m 3[2mms[22m[39m
 [32m✓[39m src/security/audit-extra.sync.test.ts [2m([22m[2m7 tests[22m[2m)[22m[32m 3[2mms[22m[39m
 [32m✓[39m src/channels/plugins/status-issues/whatsapp.test.ts [2m([22m[2m3 tests[22m[2m)[22m[32m 3[2mms[22m[39m
 [32m✓[39m src/agents/identity-file.test.ts [2m([22m[2m2 tests[22m[2m)[22m[32m 2[2mms[22m[39m
 [32m✓[39m src/commands/onboard-auth.config-shared.test.ts [2m([22m[2m3 tests[22m[2m)[22m[32m 3[2mms[22m[39m
 [32m✓[39m src/infra/heartbeat-reason.test.ts [2m([22m[2m5 tests[22m[2m)[22m[32m 3[2mms[22m[39m
 [32m✓[39m src/browser/control-auth.test.ts [2m([22m[2m5 tests[22m[2m)[22m[32m 3[2mms[22m[39m
 [32m✓[39m src/slack/threading-tool-context.test.ts [2m([22m[2m7 tests[22m[2m)[22m[32m 2[2mms[22m[39m
[90mstdout[2m | src/agents/pi-embedded-runner.limithistoryturns.test.ts
[22m[39m[MemoryStore] Initializing the Five-Tier Central Nervous System...
KnowledgeGraph connected to Neo4j successfully.

[90mstdout[2m | src/agents/pi-embedded-runner.limithistoryturns.test.ts
[22m[39mKnowledgeGraph Schema Initialized.

 [31m❯[39m src/agents/pi-embedded-runner.limithistoryturns.test.ts [2m([22m[2m0 test[22m[2m)[22m
 [32m✓[39m src/utils/reaction-level.test.ts [2m([22m[2m5 tests[22m[2m)[22m[32m 3[2mms[22m[39m
 [32m✓[39m src/terminal/stream-writer.test.ts [2m([22m[2m2 tests[22m[2m)[22m[32m 4[2mms[22m[39m
 [32m✓[39m src/browser/routes/agent.shared.test.ts [2m([22m[2m4 tests[22m[2m)[22m[32m 2[2mms[22m[39m
 [32m✓[39m src/plugin-sdk/group-access.test.ts [2m([22m[2m4 tests[22m[2m)[22m[32m 2[2mms[22m[39m
 [32m✓[39m src/agents/sandbox/bind-spec.test.ts [2m([22m[2m3 tests[22m[2m)[22m[32m 2[2mms[22m[39m
[90mstdout[2m | src/agents/pi-embedded-subscribe.tools.extract.test.ts
[22m[39m[MemoryStore] Initializing the Five-Tier Central Nervous System...
KnowledgeGraph connected to Neo4j successfully.

 [31m❯[39m src/agents/pi-embedded-subscribe.tools.extract.test.ts [2m([22m[2m0 test[22m[2m)[22m
[90mstdout[2m | src/plugin-sdk/index.test.ts
[22m[39m[MemoryStore] Initializing the Five-Tier Central Nervous System...
KnowledgeGraph connected to Neo4j successfully.

 [31m❯[39m src/plugin-sdk/index.test.ts [2m([22m[2m0 test[22m[2m)[22m
 [32m✓[39m src/telegram/inline-buttons.test.ts [2m([22m[2m6 tests[22m[2m)[22m[32m 3[2mms[22m[39m
 [32m✓[39m src/signal/probe.test.ts [2m([22m[2m6 tests[22m[2m)[22m[32m 4[2mms[22m[39m
[90mstdout[2m | src/telegram/bot-message-dispatch.sticker-media.test.ts
[22m[39m[MemoryStore] Initializing the Five-Tier Central Nervous System...
KnowledgeGraph connected to Neo4j successfully.

[90mstdout[2m | src/telegram/bot-message-dispatch.sticker-media.test.ts
[22m[39mKnowledgeGraph Schema Initialized.

 [31m❯[39m src/telegram/bot-message-dispatch.sticker-media.test.ts [2m([22m[2m0 test[22m[2m)[22m
 [32m✓[39m src/infra/env.test.ts [2m([22m[2m6 tests[22m[2m)[22m[32m 2[2mms[22m[39m
 [32m✓[39m src/config/sessions/delivery-info.test.ts [2m([22m[2m4 tests[22m[2m)[22m[32m 2[2mms[22m[39m
 [32m✓[39m src/infra/secure-random.test.ts [2m([22m[2m2 tests[22m[2m)[22m[32m 3[2mms[22m[39m
 [32m✓[39m src/infra/fixed-window-rate-limit.test.ts [2m([22m[2m2 tests[22m[2m)[22m[32m 2[2mms[22m[39m
 [32m✓[39m src/agents/skills.resolveskillspromptforrun.test.ts [2m([22m[2m2 tests[22m[2m)[22m[32m 2[2mms[22m[39m
 [32m✓[39m src/commands/models/list.auth-overview.test.ts [2m([22m[2m1 test[22m[2m)[22m[32m 2[2mms[22m[39m
 [32m✓[39m src/agents/system-prompt-report.test.ts [2m([22m[2m6 tests[22m[2m)[22m[32m 3[2mms[22m[39m
 [32m✓[39m src/channels/model-overrides.test.ts [2m([22m[2m3 tests[22m[2m)[22m[32m 4[2mms[22m[39m
 [32m✓[39m src/security/safe-regex.test.ts [2m([22m[2m4 tests[22m[2m)[22m[32m 2[2mms[22m[39m
 [32m✓[39m src/signal/monitor.test.ts [2m([22m[2m6 tests[22m[2m)[22m[32m 3[2mms[22m[39m
 [32m✓[39m src/cli/completion-fish.test.ts [2m([22m[2m4 tests[22m[2m)[22m[32m 2[2mms[22m[39m
 [32m✓[39m src/agents/owner-display.test.ts [2m([22m[2m5 tests[22m[2m)[22m[32m 5[2mms[22m[39m
 [32m✓[39m src/memory/qmd-scope.test.ts [2m([22m[2m6 tests[22m[2m)[22m[32m 2[2mms[22m[39m
 [32m✓[39m src/daemon/runtime-binary.test.ts [2m([22m[2m6 tests[22m[2m)[22m[32m 7[2mms[22m[39m
 [32m✓[39m src/infra/agent-events.test.ts [2m([22m[2m3 tests[22m[2m)[22m[32m 5[2mms[22m[39m
 [32m✓[39m src/channels/conversation-label.test.ts [2m([22m[2m8 tests[22m[2m)[22m[32m 3[2mms[22m[39m
 [32m✓[39m src/agents/bootstrap-cache.test.ts [2m([22m[2m5 tests[22m[2m)[22m[32m 5[2mms[22m[39m
 [32m✓[39m src/auto-reply/tokens.test.ts [2m([22m[2m10 tests[22m[2m)[22m[32m 3[2mms[22m[39m
 [32m✓[39m src/discord/monitor/thread-bindings.discord-api.test.ts [2m([22m[2m4 tests[22m[2m)[22m[32m 23[2mms[22m[39m
 [32m✓[39m src/daemon/systemd-unit.test.ts [2m([22m[2m2 tests[22m[2m)[22m[32m 4[2mms[22m[39m
 [32m✓[39m src/browser/chrome-extension-options-validation.test.ts [2m([22m[2m6 tests[22m[2m)[22m[32m 26[2mms[22m[39m
 [32m✓[39m src/infra/system-run-approval-mismatch.contract.test.ts [2m([22m[2m3 tests[22m[2m)[22m[32m 4[2mms[22m[39m
 [32m✓[39m src/infra/home-dir.test.ts [2m([22m[2m8 tests[22m[2m)[22m[32m 3[2mms[22m[39m
 [32m✓[39m src/agents/identity.human-delay.test.ts [2m([22m[2m2 tests[22m[2m)[22m[32m 5[2mms[22m[39m
 [32m✓[39m src/memory/batch-output.test.ts [2m([22m[2m3 tests[22m[2m)[22m[32m 3[2mms[22m[39m
 [32m✓[39m src/agents/model-ref-profile.test.ts [2m([22m[2m7 tests[22m[2m)[22m[32m 2[2mms[22m[39m
 [32m✓[39m src/infra/install-mode-options.test.ts [2m([22m[2m4 tests[22m[2m)[22m[32m 2[2mms[22m[39m
[90mstdout[2m | src/line/monitor.fail-closed.test.ts
[22m[39m[MemoryStore] Initializing the Five-Tier Central Nervous System...
KnowledgeGraph connected to Neo4j successfully.

 [31m❯[39m src/line/monitor.fail-closed.test.ts [2m([22m[2m0 test[22m[2m)[22m
[90mstdout[2m | src/agents/pi-embedded-runner.get-dm-history-limit-from-session-key.falls-back-provider-default-per-dm-not.test.ts
[22m[39m[MemoryStore] Initializing the Five-Tier Central Nervous System...
KnowledgeGraph connected to Neo4j successfully.

[90mstdout[2m | src/agents/pi-embedded-runner.get-dm-history-limit-from-session-key.falls-back-provider-default-per-dm-not.test.ts
[22m[39mKnowledgeGraph Schema Initialized.

 [31m❯[39m src/agents/pi-embedded-runner.get-dm-history-limit-from-session-key.falls-back-provider-default-per-dm-not.test.ts [2m([22m[2m0 test[22m[2m)[22m
 [32m✓[39m src/slack/threading.test.ts [2m([22m[2m7 tests[22m[2m)[22m[32m 6[2mms[22m[39m
 [32m✓[39m src/dockerfile.test.ts [2m([22m[2m1 test[22m[2m)[22m[32m 68[2mms[22m[39m
 [32m✓[39m src/agents/tools/common.test.ts [2m([22m[2m3 tests[22m[2m)[22m[32m 2[2mms[22m[39m
 [32m✓[39m src/cli/nodes-media-utils.test.ts [2m([22m[2m2 tests[22m[2m)[22m[32m 26[2mms[22m[39m
 [32m✓[39m src/agents/skills/filter.test.ts [2m([22m[2m4 tests[22m[2m)[22m[32m 5[2mms[22m[39m
 [32m✓[39m src/browser/chrome-extension-manifest.test.ts [2m([22m[2m2 tests[22m[2m)[22m[32m 25[2mms[22m[39m
 [32m✓[39m src/config/sessions/cache-fields.test.ts [2m([22m[2m4 tests[22m[2m)[22m[32m 4[2mms[22m[39m
 [32m✓[39m src/media-understanding/format.test.ts [2m([22m[2m5 tests[22m[2m)[22m[32m 3[2mms[22m[39m
 [32m✓[39m src/auto-reply/reply/typing-policy.test.ts [2m([22m[2m5 tests[22m[2m)[22m[32m 2[2mms[22m[39m
 [32m✓[39m src/tts/prepare-text.test.ts [2m([22m[2m5 tests[22m[2m)[22m[32m 5[2mms[22m[39m
 [32m✓[39m src/agents/pty-keys.test.ts [2m([22m[2m5 tests[22m[2m)[22m[32m 3[2mms[22m[39m
 [32m✓[39m src/agents/model-auth-label.test.ts [2m([22m[2m2 tests[22m[2m)[22m[32m 2[2mms[22m[39m
 [32m✓[39m src/channels/location.test.ts [2m([22m[2m4 tests[22m[2m)[22m[32m 2[2mms[22m[39m
 [32m✓[39m src/discord/token.test.ts [2m([22m[2m3 tests[22m[2m)[22m[32m 3[2mms[22m[39m
 [32m✓[39m src/utils/usage-format.test.ts [2m([22m[2m3 tests[22m[2m)[22m[32m 6[2mms[22m[39m
 [32m✓[39m src/channels/command-gating.test.ts [2m([22m[2m8 tests[22m[2m)[22m[32m 2[2mms[22m[39m
 [32m✓[39m src/config/merge-patch.proto-pollution.test.ts [2m([22m[2m4 tests[22m[2m)[22m[32m 5[2mms[22m[39m
 [32m✓[39m src/infra/net/ssrf.dispatcher.test.ts [2m([22m[2m1 test[22m[2m)[22m[32m 6[2mms[22m[39m
 [32m✓[39m src/plugin-sdk/allow-from.test.ts [2m([22m[2m7 tests[22m[2m)[22m[32m 3[2mms[22m[39m
 [32m✓[39m src/infra/widearea-dns.test.ts [2m([22m[2m2 tests[22m[2m)[22m[32m 2[2mms[22m[39m
 [32m✓[39m src/markdown/whatsapp.test.ts [2m([22m[2m3 tests[22m[2m)[22m[32m 9[2mms[22m[39m
 [32m✓[39m ui/src/ui/views/agents-utils.test.ts [2m([22m[2m3 tests[22m[2m)[22m[32m 3[2mms[22m[39m
 [32m✓[39m src/cli/plugins-config.test.ts [2m([22m[2m3 tests[22m[2m)[22m[32m 4[2mms[22m[39m
 [32m✓[39m src/web/auto-reply/monitor/group-members.test.ts [2m([22m[2m5 tests[22m[2m)[22m[32m 2[2mms[22m[39m
 [32m✓[39m src/media-understanding/defaults.test.ts [2m([22m[2m3 tests[22m[2m)[22m[32m 2[2mms[22m[39m
 [32m✓[39m src/plugin-sdk/text-chunking.test.ts [2m([22m[2m3 tests[22m[2m)[22m[32m 2[2mms[22m[39m
 [32m✓[39m src/agents/content-blocks.test.ts [2m([22m[2m2 tests[22m[2m)[22m[32m 2[2mms[22m[39m
 [32m✓[39m src/cli/log-level-option.test.ts [2m([22m[2m2 tests[22m[2m)[22m[32m 5[2mms[22m[39m
 [32m✓[39m src/agents/skills/frontmatter.test.ts [2m([22m[2m2 tests[22m[2m)[22m[32m 2[2mms[22m[39m
 [32m✓[39m src/logging/parse-log-line.test.ts [2m([22m[2m3 tests[22m[2m)[22m[32m 3[2mms[22m[39m
 [32m✓[39m src/shared/operator-scope-compat.test.ts [2m([22m[2m5 tests[22m[2m)[22m[32m 5[2mms[22m[39m
 [32m✓[39m src/channels/registry.helpers.test.ts [2m([22m[2m4 tests[22m[2m)[22m[32m 3[2mms[22m[39m
 [32m✓[39m src/agents/sandbox/context.user-fallback.test.ts [2m([22m[2m3 tests[22m[2m)[22m[32m 2[2mms[22m[39m
 [32m✓[39m src/agents/tool-fs-policy.test.ts [2m([22m[2m4 tests[22m[2m)[22m[32m 3[2mms[22m[39m
 [32m✓[39m src/cron/isolated-agent/run.session-key.test.ts [2m([22m[2m4 tests[22m[2m)[22m[32m 4[2mms[22m[39m
[90mstdout[2m | src/slack/monitor/message-handler/dispatch.streaming.test.ts
[22m[39m[MemoryStore] Initializing the Five-Tier Central Nervous System...
KnowledgeGraph connected to Neo4j successfully.

[90mstdout[2m | src/slack/monitor/message-handler/dispatch.streaming.test.ts
[22m[39mKnowledgeGraph Schema Initialized.

 [31m❯[39m src/slack/monitor/message-handler/dispatch.streaming.test.ts [2m([22m[2m0 test[22m[2m)[22m
 [32m✓[39m src/agents/pi-embedded-runner/google.test.ts [2m([22m[2m2 tests[22m[2m)[22m[32m 3[2mms[22m[39m
 [32m✓[39m src/agents/test-helpers/pi-tools-sandbox-context.test.ts [2m([22m[2m2 tests[22m[2m)[22m[32m 4[2mms[22m[39m
 [32m✓[39m src/browser/chrome.default-browser.test.ts [2m([22m[2m2 tests[22m[2m)[22m[32m 4[2mms[22m[39m
 [32m✓[39m src/infra/heartbeat-events-filter.test.ts [2m([22m[2m3 tests[22m[2m)[22m[32m 2[2mms[22m[39m
 [32m✓[39m src/media-understanding/providers/index.test.ts [2m([22m[2m3 tests[22m[2m)[22m[32m 19[2mms[22m[39m
 [32m✓[39m src/sessions/send-policy.test.ts [2m([22m[2m5 tests[22m[2m)[22m[32m 2[2mms[22m[39m
 [32m✓[39m src/infra/outbound/conversation-id.test.ts [2m([22m[2m5 tests[22m[2m)[22m[32m 3[2mms[22m[39m
 [32m✓[39m src/channels/plugins/message-actions.test.ts [2m([22m[2m2 tests[22m[2m)[22m[32m 4[2mms[22m[39m
 [32m✓[39m src/channels/plugins/onboarding/telegram.test.ts [2m([22m[2m3 tests[22m[2m)[22m[32m 2[2mms[22m[39m
 [32m✓[39m src/channels/sender-label.test.ts [2m([22m[2m4 tests[22m[2m)[22m[32m 3[2mms[22m[39m
 [32m✓[39m src/agents/pi-embedded-runner/cache-ttl.test.ts [2m([22m[2m5 tests[22m[2m)[22m[32m 2[2mms[22m[39m
 [32m✓[39m src/media/image-ops.helpers.test.ts [2m([22m[2m3 tests[22m[2m)[22m[32m 3[2mms[22m[39m
 [32m✓[39m src/infra/update-channels.test.ts [2m([22m[2m3 tests[22m[2m)[22m[32m 2[2mms[22m[39m
 [32m✓[39m src/channels/mention-gating.test.ts [2m([22m[2m5 tests[22m[2m)[22m[32m 5[2mms[22m[39m
 [32m✓[39m src/cli/prompt.test.ts [2m([22m[2m2 tests[22m[2m)[22m[32m 2[2mms[22m[39m
 [32m✓[39m src/cron/delivery.test.ts [2m([22m[2m4 tests[22m[2m)[22m[32m 2[2mms[22m[39m
 [32m✓[39m src/agents/acp-binding-architecture.guardrail.test.ts [2m([22m[2m1 test[22m[2m)[22m[32m 3[2mms[22m[39m
 [32m✓[39m src/telegram/group-access.base-access.test.ts [2m([22m[2m3 tests[22m[2m)[22m[32m 2[2mms[22m[39m
[90mstdout[2m | src/commands/models.auth.provider-resolution.test.ts
[22m[39m[MemoryStore] Initializing the Five-Tier Central Nervous System...
KnowledgeGraph connected to Neo4j successfully.

[90mstdout[2m | src/commands/models.auth.provider-resolution.test.ts
[22m[39mKnowledgeGraph Schema Initialized.

 [31m❯[39m src/commands/models.auth.provider-resolution.test.ts [2m([22m[2m0 test[22m[2m)[22m
 [32m✓[39m src/telegram/bot-message.test.ts [2m([22m[2m2 tests[22m[2m)[22m[32m 3[2mms[22m[39m
 [32m✓[39m src/agents/pi-embedded-subscribe.tools.test.ts [2m([22m[2m2 tests[22m[2m)[22m[32m 2[2mms[22m[39m
 [32m✓[39m src/cli/update-cli/progress.test.ts [2m([22m[2m3 tests[22m[2m)[22m[32m 2[2mms[22m[39m
 [32m✓[39m src/imessage/probe.test.ts [2m([22m[2m1 test[22m[2m)[22m[32m 2[2mms[22m[39m
 [32m✓[39m src/auto-reply/reply/queue-policy.test.ts [2m([22m[2m4 tests[22m[2m)[22m[32m 2[2mms[22m[39m
 [32m✓[39m src/commands/text-format.test.ts [2m([22m[2m3 tests[22m[2m)[22m[32m 3[2mms[22m[39m
 [32m✓[39m src/telegram/bot.helpers.test.ts [2m([22m[2m4 tests[22m[2m)[22m[32m 3[2mms[22m[39m
 [32m✓[39m src/agents/pi-embedded-runner/kilocode.test.ts [2m([22m[2m4 tests[22m[2m)[22m[32m 4[2mms[22m[39m
 [32m✓[39m src/infra/file-identity.test.ts [2m([22m[2m6 tests[22m[2m)[22m[32m 2[2mms[22m[39m
 [32m✓[39m src/plugins/hooks.phase-hooks.test.ts [2m([22m[2m2 tests[22m[2m)[22m[32m 4[2mms[22m[39m
 [32m✓[39m src/cli/program/context.test.ts [2m([22m[2m2 tests[22m[2m)[22m[32m 5[2mms[22m[39m
 [32m✓[39m src/commands/onboard-config.test.ts [2m([22m[2m3 tests[22m[2m)[22m[32m 4[2mms[22m[39m
 [32m✓[39m src/shared/config-eval.test.ts [2m([22m[2m4 tests[22m[2m)[22m[32m 3[2mms[22m[39m
 [32m✓[39m src/agents/image-sanitization.test.ts [2m([22m[2m2 tests[22m[2m)[22m[32m 4[2mms[22m[39m
 [32m✓[39m src/cli/daemon-cli/shared.test.ts [2m([22m[2m2 tests[22m[2m)[22m[32m 4[2mms[22m[39m
[90mstdout[2m | src/discord/monitor/provider.group-policy.test.ts
[22m[39m[MemoryStore] Initializing the Five-Tier Central Nervous System...
KnowledgeGraph connected to Neo4j successfully.

[90mstdout[2m | src/discord/monitor/provider.group-policy.test.ts
[22m[39mKnowledgeGraph Schema Initialized.

 [31m❯[39m src/discord/monitor/provider.group-policy.test.ts [2m([22m[2m0 test[22m[2m)[22m
 [32m✓[39m src/cli/outbound-send-mapping.test.ts [2m([22m[2m1 test[22m[2m)[22m[32m 5[2mms[22m[39m
 [32m✓[39m src/routing/account-lookup.test.ts [2m([22m[2m2 tests[22m[2m)[22m[32m 3[2mms[22m[39m
 [32m✓[39m src/utils/message-channel.test.ts [2m([22m[2m2 tests[22m[2m)[22m[32m 4[2mms[22m[39m
 [32m✓[39m src/utils/mask-api-key.test.ts [2m([22m[2m3 tests[22m[2m)[22m[32m 2[2mms[22m[39m
 [32m✓[39m src/cron/service/timeout-policy.test.ts [2m([22m[2m4 tests[22m[2m)[22m[32m 4[2mms[22m[39m
 [32m✓[39m src/agents/auth-profiles.getsoonestcooldownexpiry.test.ts [2m([22m[2m4 tests[22m[2m)[22m[32m 4[2mms[22m[39m
 [32m✓[39m src/auto-reply/reply/origin-routing.test.ts [2m([22m[2m4 tests[22m[2m)[22m[32m 4[2mms[22m[39m
 [32m✓[39m src/telegram/group-access.group-policy.test.ts [2m([22m[2m3 tests[22m[2m)[22m[32m 4[2mms[22m[39m
 [32m✓[39m src/channels/telegram/allow-from.test.ts [2m([22m[2m2 tests[22m[2m)[22m[32m 4[2mms[22m[39m
 [32m✓[39m src/channels/plugins/account-action-gate.test.ts [2m([22m[2m3 tests[22m[2m)[22m[32m 4[2mms[22m[39m
 [32m✓[39m src/agents/observer/identity-guard.test.ts [2m([22m[2m4 tests[22m[2m)[22m[32m 2[2mms[22m[39m
 [32m✓[39m src/wizard/clack-prompter.test.ts [2m([22m[2m3 tests[22m[2m)[22m[32m 19[2mms[22m[39m
 [32m✓[39m src/slack/blocks-fallback.test.ts [2m([22m[2m3 tests[22m[2m)[22m[32m 4[2mms[22m[39m
 [32m✓[39m src/hooks/module-loader.test.ts [2m([22m[2m5 tests[22m[2m)[22m[32m 2[2mms[22m[39m
 [32m✓[39m src/tui/tui-waiting.test.ts [2m([22m[2m2 tests[22m[2m)[22m[32m 3[2mms[22m[39m
 [32m✓[39m src/logging/timestamps.test.ts [2m([22m[2m2 tests[22m[2m)[22m[32m 4[2mms[22m[39m
 [32m✓[39m src/cli/program/program-context.test.ts [2m([22m[2m3 tests[22m[2m)[22m[32m 4[2mms[22m[39m
 [32m✓[39m src/media/base64.test.ts [2m([22m[2m3 tests[22m[2m)[22m[32m 2[2mms[22m[39m
 [32m✓[39m src/infra/system-message.test.ts [2m([22m[2m3 tests[22m[2m)[22m[32m 3[2mms[22m[39m
 [32m✓[39m src/infra/scp-host.test.ts [2m([22m[2m2 tests[22m[2m)[22m[32m 5[2mms[22m[39m
 [32m✓[39m src/infra/path-safety.test.ts [2m([22m[2m2 tests[22m[2m)[22m[32m 4[2mms[22m[39m
 [32m✓[39m test/appcast.test.ts [2m([22m[2m1 test[22m[2m)[22m[32m 3[2mms[22m[39m
 [32m✓[39m src/cli/program.nodes-test-helpers.test.ts [2m([22m[2m1 test[22m[2m)[22m[32m 3[2mms[22m[39m
 [32m✓[39m src/memory/batch-error-utils.test.ts [2m([22m[2m4 tests[22m[2m)[22m[32m 2[2mms[22m[39m
 [32m✓[39m src/discord/monitor/thread-bindings.persona.test.ts [2m([22m[2m3 tests[22m[2m)[22m[32m 2[2mms[22m[39m
 [32m✓[39m src/agents/transcript-policy.policy.test.ts [2m([22m[2m2 tests[22m[2m)[22m[32m 2[2mms[22m[39m
 [32m✓[39m src/agents/pi-embedded-subscribe.handlers.messages.test.ts [2m([22m[2m3 tests[22m[2m)[22m[32m 2[2mms[22m[39m
 [32m✓[39m src/discord/monitor/commands.test.ts [2m([22m[2m4 tests[22m[2m)[22m[32m 2[2mms[22m[39m
 [32m✓[39m src/cron/service.issue-22895-every-next-run.test.ts [2m([22m[2m2 tests[22m[2m)[22m[32m 3[2mms[22m[39m
 [32m✓[39m src/cli/gateway.sigterm.test.ts [2m([22m[2m1 test[22m[2m)[22m[32m 2[2mms[22m[39m
 [32m✓[39m src/acp/runtime/error-text.test.ts [2m([22m[2m2 tests[22m[2m)[22m[32m 4[2mms[22m[39m
[90mstdout[2m | src/agents/pi-embedded-runner.splitsdktools.test.ts
[22m[39m[MemoryStore] Initializing the Five-Tier Central Nervous System...
KnowledgeGraph connected to Neo4j successfully.

[90mstdout[2m | src/agents/pi-embedded-runner.splitsdktools.test.ts
[22m[39mKnowledgeGraph Schema Initialized.

 [31m❯[39m src/agents/pi-embedded-runner.splitsdktools.test.ts [2m([22m[2m0 test[22m[2m)[22m
 [32m✓[39m src/agents/workspace.defaults.test.ts [2m([22m[2m1 test[22m[2m)[22m[32m 4[2mms[22m[39m
 [32m✓[39m src/agents/cli-backends.test.ts [2m([22m[2m1 test[22m[2m)[22m[32m 4[2mms[22m[39m
 [32m✓[39m src/config/legacy.shared.test.ts [2m([22m[2m1 test[22m[2m)[22m[32m 2[2mms[22m[39m
 [32m✓[39m src/web/inbound/access-control.group-policy.test.ts [2m([22m[2m3 tests[22m[2m)[22m[32m 8[2mms[22m[39m
[90mstdout[2m | src/agents/pi-embedded-runner.buildembeddedsandboxinfo.test.ts
[22m[39m[MemoryStore] Initializing the Five-Tier Central Nervous System...
KnowledgeGraph connected to Neo4j successfully.

[90mstdout[2m | src/agents/pi-embedded-runner.buildembeddedsandboxinfo.test.ts
[22m[39mKnowledgeGraph Schema Initialized.

 [31m❯[39m src/agents/pi-embedded-runner.buildembeddedsandboxinfo.test.ts [2m([22m[2m0 test[22m[2m)[22m
 [32m✓[39m src/agents/compaction.token-sanitize.test.ts [2m([22m[2m1 test[22m[2m)[22m[32m 3[2mms[22m[39m
 [32m✓[39m src/commands/doctor-auth.hints.test.ts [2m([22m[2m4 tests[22m[2m)[22m[32m 4[2mms[22m[39m
[90mstdout[2m | src/slack/monitor/provider.group-policy.test.ts
[22m[39m[MemoryStore] Initializing the Five-Tier Central Nervous System...
KnowledgeGraph connected to Neo4j successfully.

[90mstdout[2m | src/slack/monitor/provider.group-policy.test.ts
[22m[39mKnowledgeGraph Schema Initialized.

 [31m❯[39m src/slack/monitor/provider.group-policy.test.ts [2m([22m[2m0 test[22m[2m)[22m
[90mstdout[2m | src/commands/status.summary.redaction.test.ts
[22m[39m[MemoryStore] Initializing the Five-Tier Central Nervous System...
KnowledgeGraph connected to Neo4j successfully.

 [31m❯[39m src/commands/status.summary.redaction.test.ts [2m([22m[2m0 test[22m[2m)[22m
[90mstdout[2m | src/agents/pi-embedded-runner.createsystempromptoverride.test.ts
[22m[39m[MemoryStore] Initializing the Five-Tier Central Nervous System...
KnowledgeGraph connected to Neo4j successfully.

[90mstdout[2m | src/agents/pi-embedded-runner.createsystempromptoverride.test.ts
[22m[39mKnowledgeGraph Schema Initialized.

 [31m❯[39m src/agents/pi-embedded-runner.createsystempromptoverride.test.ts [2m([22m[2m0 test[22m[2m)[22m
 [32m✓[39m src/memory/embeddings-mistral.test.ts [2m([22m[2m3 tests[22m[2m)[22m[32m 2[2mms[22m[39m
 [32m✓[39m src/agents/tools/tts-tool.test.ts [2m([22m[2m1 test[22m[2m)[22m[32m 2[2mms[22m[39m
[90mstdout[2m | src/commands/models/list.probe.test.ts
[22m[39m[MemoryStore] Initializing the Five-Tier Central Nervous System...
KnowledgeGraph connected to Neo4j successfully.

[90mstdout[2m | src/commands/models/list.probe.test.ts
[22m[39mKnowledgeGraph Schema Initialized.

 [31m❯[39m src/commands/models/list.probe.test.ts [2m([22m[2m0 test[22m[2m)[22m
[90mstdout[2m | src/imessage/monitor/provider.group-policy.test.ts
[22m[39m[MemoryStore] Initializing the Five-Tier Central Nervous System...
KnowledgeGraph connected to Neo4j successfully.

[90mstdout[2m | src/imessage/monitor/provider.group-policy.test.ts
[22m[39mKnowledgeGraph Schema Initialized.

 [31m❯[39m src/imessage/monitor/provider.group-policy.test.ts [2m([22m[2m0 test[22m[2m)[22m
[90mstdout[2m | src/agents/pi-embedded-runner.history-limit-from-session-key.test.ts
[22m[39m[MemoryStore] Initializing the Five-Tier Central Nervous System...
KnowledgeGraph connected to Neo4j successfully.

[90mstdout[2m | src/agents/pi-embedded-runner.history-limit-from-session-key.test.ts
[22m[39mKnowledgeGraph Schema Initialized.

 [31m❯[39m src/agents/pi-embedded-runner.history-limit-from-session-key.test.ts [2m([22m[2m0 test[22m[2m)[22m

[2m Test Files [22m [1m[31m162 failed[39m[22m[2m | [22m[1m[32m1225 passed[39m[22m[90m (1387)[39m
[2m      Tests [22m [1m[31m1 failed[39m[22m[2m | [22m[1m[32m9649 passed[39m[22m[2m | [22m[33m27 skipped[39m[90m (9677)[39m
[2m   Start at [22m 11:20:16
[2m   Duration [22m 62.18s[2m (transform 43.84s, setup 55.80s, import 296.04s, tests 123.96s, environment 2.06s)[22m

 ELIFECYCLE  Test failed. See above for more details.
[32m✓[39m src/routing/account-id.test.ts [2m([22m[2m5 tests[22m[2m)[22m[32m 2[2mms[22m[39m
 [32m✓[39m src/commands/configure.gateway-auth.prompt-auth-config.test.ts [2m([22m[2m2 tests[22m[2m)[22m[32m 3[2mms[22m[39m
 [32m✓[39m src/web/accounts.test.ts [2m([22m[2m4 tests[22m[2m)[22m[32m 3[2mms[22m[39m
 [32m✓[39m src/channels/plugins/normalize/telegram.test.ts [2m([22m[2m6 tests[22m[2m)[22m[32m 5[2mms[22m[39m
 [32m✓[39m src/cli/npm-resolution.test.ts [2m([22m[2m8 tests[22m[2m)[22m[32m 6[2mms[22m[39m
 [32m✓[39m src/agents/usage.normalization.test.ts [2m([22m[2m7 tests[22m[2m)[22m[32m 3[2mms[22m[39m
 [32m✓[39m src/agents/pi-embedded-runner/run/compaction-timeout.test.ts [2m([22m[2m4 tests[22m[2m)[22m[32m 6[2mms[22m[39m
 [32m✓[39m src/discord/monitor/provider.allowlist.test.ts [2m([22m[2m1 test[22m[2m)[22m[32m 3[2mms[22m[39m
 [32m✓[39m src/routing/session-key.continuity.test.ts [2m([22m[2m3 tests[22m[2m)[22m[32m 5[2mms[22m[39m
 [32m✓[39m src/discord/gateway-logging.test.ts [2m([22m[2m3 tests[22m[2m)[22m[32m 3[2mms[22m[39m
 [32m✓[39m src/agents/context-window-guard.test.ts [2m([22m[2m9 tests[22m[2m)[22m[32m 6[2mms[22m[39m
 [32m✓[39m src/shared/string-normalization.test.ts [2m([22m[2m4 tests[22m[2m)[22m[32m 5[2mms[22m[39m
 [32m✓[39m src/telegram/draft-chunking.test.ts [2m([22m[2m3 tests[22m[2m)[22m[32m 36[2mms[22m[39m
 [32m✓[39m src/commands/doctor-legacy-config.test.ts [2m([22m[2m2 tests[22m[2m)[22m[32m 5[2mms[22m[39m
 [32m✓[39m src/agents/compaction.tool-result-details.test.ts [2m([22m[2m2 tests[22m[2m)[22m[32m 13[2mms[22m[39m
 [32m✓[39m src/shared/avatar-policy.test.ts [2m([22m[2m5 tests[22m[2m)[22m[32m 2[2mms[22m[39m
 [32m✓[39m src/channels/plugins/onboarding/imessage.test.ts [2m([22m[2m3 tests[22m[2m)[22m[32m 2[2mms[22m[39m
 [32m✓[39m src/agents/transcript-policy.test.ts [2m([22m[2m7 tests[22m[2m)[22m[32m 6[2mms[22m[39m
 [32m✓[39m src/agents/pi-project-settings.test.ts [2m([22m[2m5 tests[22m[2m)[22m[32m 5[2mms[22m[39m
 [32m✓[39m src/polls.test.ts [2m([22m[2m6 tests[22m[2m)[22m[32m 6[2mms[22m[39m
 [32m✓[39m src/utils/transcript-tools.test.ts [2m([22m[2m7 tests[22m[2m)[22m[32m 6[2mms[22m[39m
 [32m✓[39m src/agents/tool-mutation.test.ts [2m([22m[2m5 tests[22m[2m)[22m[32m 26[2mms[22m[39m
 [32m✓[39m test/integration/observer-pipeline.test.ts [2m([22m[2m8 tests[22m[2m)[22m[32m 3[2mms[22m[39m
 [32m✓[39m src/channels/targets.test.ts [2m([22m[2m4 tests[22m[2m)[22m[32m 5[2mms[22m[39m
 [32m✓[39m src/plugins/enable.test.ts [2m([22m[2m6 tests[22m[2m)[22m[32m 3[2mms[22m[39m
 [32m✓[39m src/shared/requirements.test.ts [2m([22m[2m6 tests[22m[2m)[22m[32m 3[2mms[22m[39m
 [32m✓[39m src/infra/outbound/targets.channel-resolution.test.ts [2m([22m[2m2 tests[22m[2m)[22m[32m 5[2mms[22m[39m
 [32m✓[39m src/agents/auth-profiles.resolve-auth-profile-order.orders-by-lastused-no-explicit-order-exists.test.ts [2m([22m[2m2 tests[22m[2m)[22m[32m 7[2mms[22m[39m
 [32m✓[39m src/plugins/bundled-sources.test.ts [2m([22m[2m2 tests[22m[2m)[22m[32m 3[2mms[22m[39m
 [32m✓[39m src/slack/resolve-channels.test.ts [2m([22m[2m2 tests[22m[2m)[22m[32m 5[2mms[22m[39m
 [32m✓[39m src/agents/identity.test.ts [2m([22m[2m6 tests[22m[2m)[22m[32m 4[2mms[22m[39m
[90mstdout[2m | src/agents/pi-embedded-runner/extra-params.cache-retention-default.test.ts
[22m[39m[MemoryStore] Initializing the Five-Tier Central Nervous System...
KnowledgeGraph connected to Neo4j successfully.

[90mstdout[2m | src/agents/pi-embedded-runner/extra-params.cache-retention-default.test.ts
[22m[39mKnowledgeGraph Schema Initialized.

 [31m❯[39m src/agents/pi-embedded-runner/extra-params.cache-retention-default.test.ts [2m([22m[2m0 test[22m[2m)[22m
 [32m✓[39m src/agents/observer/mediator.test.ts [2m([22m[2m3 tests[22m[2m)[22m[32m 5[2mms[22m[39m
 [32m✓[39m src/config/config.talk-api-key-fallback.test.ts [2m([22m[2m2 tests[22m[2m)[22m[32m 3[2mms[22m[39m
 [32m✓[39m src/infra/host-env-security.policy-parity.test.ts [2m([22m[2m1 test[22m[2m)[22m[32m 5[2mms[22m[39m
 [32m✓[39m src/config/agent-dirs.test.ts [2m([22m[2m2 tests[22m[2m)[22m[32m 4[2mms[22m[39m
 [32m✓[39m src/plugins/logger.test.ts [2m([22m[2m1 test[22m[2m)[22m[32m 6[2mms[22m[39m
 [32m✓[39m src/test-utils/channel-plugins.test.ts [2m([22m[2m3 tests[22m[2m)[22m[32m 4[2mms[22m[39m
 [32m✓[39m src/infra/provider-usage.fetch.shared.test.ts [2m([22m[2m3 tests[22m[2m)[22m[32m 12[2mms[22m[39m
 [32m✓[39m src/agents/tool-policy.plugin-only-allowlist.test.ts [2m([22m[2m6 tests[22m[2m)[22m[32m 3[2mms[22m[39m
 [32m✓[39m src/cron/stagger.test.ts [2m([22m[2m4 tests[22m[2m)[22m[32m 2[2mms[22m[39m
 [32m✓[39m src/acp/runtime/errors.test.ts [2m([22m[2m2 tests[22m[2m)[22m[32m 2[2mms[22m[39m
 [32m✓[39m src/agents/sandbox/browser.novnc-url.test.ts [2m([22m[2m4 tests[22m[2m)[22m[32m 2[2mms[22m[39m
 [32m✓[39m src/plugin-sdk/command-auth.test.ts [2m([22m[2m2 tests[22m[2m)[22m[32m 3[2mms[22m[39m
 [32m✓[39m src/browser/routes/agent.storage.test.ts [2m([22m[2m6 tests[22m[2m)[22m[32m 3[2mms[22m[39m
 [32m✓[39m src/slack/monitor/allow-list.test.ts [2m([22m[2m3 tests[22m[2m)[22m[32m 3[2mms[22m[39m
 [32m✓[39m src/infra/archive-path.test.ts [2m([22m[2m3 tests[22m[2m)[22m[32m 3[2mms[22m[39m
 [32m✓[39m src/cli/progress.test.ts [2m([22m[2m2 tests[22m[2m)[22m[32m 2[2mms[22m[39m
[90mstdout[2m | src/discord/monitor/provider.skill-dedupe.test.ts
[22m[39m[MemoryStore] Initializing the Five-Tier Central Nervous System...
KnowledgeGraph connected to Neo4j successfully.

[90mstdout[2m | src/discord/monitor/provider.skill-dedupe.test.ts
[22m[39mKnowledgeGraph Schema Initialized.

 [31m❯[39m src/discord/monitor/provider.skill-dedupe.test.ts [2m([22m[2m0 test[22m[2m)[22m
 [32m✓[39m src/discord/probe.intents.test.ts [2m([22m[2m4 tests[22m[2m)[22m[32m 2[2mms[22m[39m
 [32m✓[39m src/agents/pi-embedded-runner/thinking.test.ts [2m([22m[2m4 tests[22m[2m)[22m[32m 3[2mms[22m[39m
 [32m✓[39m src/auto-reply/fallback-state.test.ts [2m([22m[2m6 tests[22m[2m)[22m[32m 3[2mms[22m[39m
 [32m✓[39m src/discord/monitor/threading.starter.test.ts [2m([22m[2m2 tests[22m[2m)[22m[32m 3[2mms[22m[39m
 [32m✓[39m src/auto-reply/commands-args.test.ts [2m([22m[2m3 tests[22m[2m)[22m[32m 3[2mms[22m[39m
 [32m✓[39m src/security/audit-extra.sync.test.ts [2m([22m[2m7 tests[22m[2m)[22m[32m 3[2mms[22m[39m
 [32m✓[39m src/channels/plugins/status-issues/whatsapp.test.ts [2m([22m[2m3 tests[22m[2m)[22m[32m 3[2mms[22m[39m
 [32m✓[39m src/agents/identity-file.test.ts [2m([22m[2m2 tests[22m[2m)[22m[32m 2[2mms[22m[39m
 [32m✓[39m src/commands/onboard-auth.config-shared.test.ts [2m([22m[2m3 tests[22m[2m)[22m[32m 3[2mms[22m[39m
 [32m✓[39m src/infra/heartbeat-reason.test.ts [2m([22m[2m5 tests[22m[2m)[22m[32m 3[2mms[22m[39m
 [32m✓[39m src/browser/control-auth.test.ts [2m([22m[2m5 tests[22m[2m)[22m[32m 3[2mms[22m[39m
 [32m✓[39m src/slack/threading-tool-context.test.ts [2m([22m[2m7 tests[22m[2m)[22m[32m 2[2mms[22m[39m
[90mstdout[2m | src/agents/pi-embedded-runner.limithistoryturns.test.ts
[22m[39m[MemoryStore] Initializing the Five-Tier Central Nervous System...
KnowledgeGraph connected to Neo4j successfully.

[90mstdout[2m | src/agents/pi-embedded-runner.limithistoryturns.test.ts
[22m[39mKnowledgeGraph Schema Initialized.

 [31m❯[39m src/agents/pi-embedded-runner.limithistoryturns.test.ts [2m([22m[2m0 test[22m[2m)[22m
 [32m✓[39m src/utils/reaction-level.test.ts [2m([22m[2m5 tests[22m[2m)[22m[32m 3[2mms[22m[39m
 [32m✓[39m src/terminal/stream-writer.test.ts [2m([22m[2m2 tests[22m[2m)[22m[32m 4[2mms[22m[39m
 [32m✓[39m src/browser/routes/agent.shared.test.ts [2m([22m[2m4 tests[22m[2m)[22m[32m 2[2mms[22m[39m
 [32m✓[39m src/plugin-sdk/group-access.test.ts [2m([22m[2m4 tests[22m[2m)[22m[32m 2[2mms[22m[39m
 [32m✓[39m src/agents/sandbox/bind-spec.test.ts [2m([22m[2m3 tests[22m[2m)[22m[32m 2[2mms[22m[39m
[90mstdout[2m | src/agents/pi-embedded-subscribe.tools.extract.test.ts
[22m[39m[MemoryStore] Initializing the Five-Tier Central Nervous System...
KnowledgeGraph connected to Neo4j successfully.

 [31m❯[39m src/agents/pi-embedded-subscribe.tools.extract.test.ts [2m([22m[2m0 test[22m[2m)[22m
[90mstdout[2m | src/plugin-sdk/index.test.ts
[22m[39m[MemoryStore] Initializing the Five-Tier Central Nervous System...
KnowledgeGraph connected to Neo4j successfully.

 [31m❯[39m src/plugin-sdk/index.test.ts [2m([22m[2m0 test[22m[2m)[22m
 [32m✓[39m src/telegram/inline-buttons.test.ts [2m([22m[2m6 tests[22m[2m)[22m[32m 3[2mms[22m[39m
 [32m✓[39m src/signal/probe.test.ts [2m([22m[2m6 tests[22m[2m)[22m[32m 4[2mms[22m[39m
[90mstdout[2m | src/telegram/bot-message-dispatch.sticker-media.test.ts
[22m[39m[MemoryStore] Initializing the Five-Tier Central Nervous System...
KnowledgeGraph connected to Neo4j successfully.

[90mstdout[2m | src/telegram/bot-message-dispatch.sticker-media.test.ts
[22m[39mKnowledgeGraph Schema Initialized.

 [31m❯[39m src/telegram/bot-message-dispatch.sticker-media.test.ts [2m([22m[2m0 test[22m[2m)[22m
 [32m✓[39m src/infra/env.test.ts [2m([22m[2m6 tests[22m[2m)[22m[32m 2[2mms[22m[39m
 [32m✓[39m src/config/sessions/delivery-info.test.ts [2m([22m[2m4 tests[22m[2m)[22m[32m 2[2mms[22m[39m
 [32m✓[39m src/infra/secure-random.test.ts [2m([22m[2m2 tests[22m[2m)[22m[32m 3[2mms[22m[39m
 [32m✓[39m src/infra/fixed-window-rate-limit.test.ts [2m([22m[2m2 tests[22m[2m)[22m[32m 2[2mms[22m[39m
 [32m✓[39m src/agents/skills.resolveskillspromptforrun.test.ts [2m([22m[2m2 tests[22m[2m)[22m[32m 2[2mms[22m[39m
 [32m✓[39m src/commands/models/list.auth-overview.test.ts [2m([22m[2m1 test[22m[2m)[22m[32m 2[2mms[22m[39m
 [32m✓[39m src/agents/system-prompt-report.test.ts [2m([22m[2m6 tests[22m[2m)[22m[32m 3[2mms[22m[39m
 [32m✓[39m src/channels/model-overrides.test.ts [2m([22m[2m3 tests[22m[2m)[22m[32m 4[2mms[22m[39m
 [32m✓[39m src/security/safe-regex.test.ts [2m([22m[2m4 tests[22m[2m)[22m[32m 2[2mms[22m[39m
 [32m✓[39m src/signal/monitor.test.ts [2m([22m[2m6 tests[22m[2m)[22m[32m 3[2mms[22m[39m
 [32m✓[39m src/cli/completion-fish.test.ts [2m([22m[2m4 tests[22m[2m)[22m[32m 2[2mms[22m[39m
 [32m✓[39m src/agents/owner-display.test.ts [2m([22m[2m5 tests[22m[2m)[22m[32m 5[2mms[22m[39m
 [32m✓[39m src/memory/qmd-scope.test.ts [2m([22m[2m6 tests[22m[2m)[22m[32m 2[2mms[22m[39m
 [32m✓[39m src/daemon/runtime-binary.test.ts [2m([22m[2m6 tests[22m[2m)[22m[32m 7[2mms[22m[39m
 [32m✓[39m src/infra/agent-events.test.ts [2m([22m[2m3 tests[22m[2m)[22m[32m 5[2mms[22m[39m
 [32m✓[39m src/channels/conversation-label.test.ts [2m([22m[2m8 tests[22m[2m)[22m[32m 3[2mms[22m[39m
 [32m✓[39m src/agents/bootstrap-cache.test.ts [2m([22m[2m5 tests[22m[2m)[22m[32m 5[2mms[22m[39m
 [32m✓[39m src/auto-reply/tokens.test.ts [2m([22m[2m10 tests[22m[2m)[22m[32m 3[2mms[22m[39m
 [32m✓[39m src/discord/monitor/thread-bindings.discord-api.test.ts [2m([22m[2m4 tests[22m[2m)[22m[32m 23[2mms[22m[39m
 [32m✓[39m src/daemon/systemd-unit.test.ts [2m([22m[2m2 tests[22m[2m)[22m[32m 4[2mms[22m[39m
 [32m✓[39m src/browser/chrome-extension-options-validation.test.ts [2m([22m[2m6 tests[22m[2m)[22m[32m 26[2mms[22m[39m
 [32m✓[39m src/infra/system-run-approval-mismatch.contract.test.ts [2m([22m[2m3 tests[22m[2m)[22m[32m 4[2mms[22m[39m
 [32m✓[39m src/infra/home-dir.test.ts [2m([22m[2m8 tests[22m[2m)[22m[32m 3[2mms[22m[39m
 [32m✓[39m src/agents/identity.human-delay.test.ts [2m([22m[2m2 tests[22m[2m)[22m[32m 5[2mms[22m[39m
 [32m✓[39m src/memory/batch-output.test.ts [2m([22m[2m3 tests[22m[2m)[22m[32m 3[2mms[22m[39m
 [32m✓[39m src/agents/model-ref-profile.test.ts [2m([22m[2m7 tests[22m[2m)[22m[32m 2[2mms[22m[39m
 [32m✓[39m src/infra/install-mode-options.test.ts [2m([22m[2m4 tests[22m[2m)[22m[32m 2[2mms[22m[39m
[90mstdout[2m | src/line/monitor.fail-closed.test.ts
[22m[39m[MemoryStore] Initializing the Five-Tier Central Nervous System...
KnowledgeGraph connected to Neo4j successfully.

 [31m❯[39m src/line/monitor.fail-closed.test.ts [2m([22m[2m0 test[22m[2m)[22m
[90mstdout[2m | src/agents/pi-embedded-runner.get-dm-history-limit-from-session-key.falls-back-provider-default-per-dm-not.test.ts
[22m[39m[MemoryStore] Initializing the Five-Tier Central Nervous System...
KnowledgeGraph connected to Neo4j successfully.

[90mstdout[2m | src/agents/pi-embedded-runner.get-dm-history-limit-from-session-key.falls-back-provider-default-per-dm-not.test.ts
[22m[39mKnowledgeGraph Schema Initialized.

 [31m❯[39m src/agents/pi-embedded-runner.get-dm-history-limit-from-session-key.falls-back-provider-default-per-dm-not.test.ts [2m([22m[2m0 test[22m[2m)[22m
 [32m✓[39m src/slack/threading.test.ts [2m([22m[2m7 tests[22m[2m)[22m[32m 6[2mms[22m[39m
 [32m✓[39m src/dockerfile.test.ts [2m([22m[2m1 test[22m[2m)[22m[32m 68[2mms[22m[39m
 [32m✓[39m src/agents/tools/common.test.ts [2m([22m[2m3 tests[22m[2m)[22m[32m 2[2mms[22m[39m
 [32m✓[39m src/cli/nodes-media-utils.test.ts [2m([22m[2m2 tests[22m[2m)[22m[32m 26[2mms[22m[39m
 [32m✓[39m src/agents/skills/filter.test.ts [2m([22m[2m4 tests[22m[2m)[22m[32m 5[2mms[22m[39m
 [32m✓[39m src/browser/chrome-extension-manifest.test.ts [2m([22m[2m2 tests[22m[2m)[22m[32m 25[2mms[22m[39m
 [32m✓[39m src/config/sessions/cache-fields.test.ts [2m([22m[2m4 tests[22m[2m)[22m[32m 4[2mms[22m[39m
 [32m✓[39m src/media-understanding/format.test.ts [2m([22m[2m5 tests[22m[2m)[22m[32m 3[2mms[22m[39m
 [32m✓[39m src/auto-reply/reply/typing-policy.test.ts [2m([22m[2m5 tests[22m[2m)[22m[32m 2[2mms[22m[39m
 [32m✓[39m src/tts/prepare-text.test.ts [2m([22m[2m5 tests[22m[2m)[22m[32m 5[2mms[22m[39m
 [32m✓[39m src/agents/pty-keys.test.ts [2m([22m[2m5 tests[22m[2m)[22m[32m 3[2mms[22m[39m
 [32m✓[39m src/agents/model-auth-label.test.ts [2m([22m[2m2 tests[22m[2m)[22m[32m 2[2mms[22m[39m
 [32m✓[39m src/channels/location.test.ts [2m([22m[2m4 tests[22m[2m)[22m[32m 2[2mms[22m[39m
 [32m✓[39m src/discord/token.test.ts [2m([22m[2m3 tests[22m[2m)[22m[32m 3[2mms[22m[39m
 [32m✓[39m src/utils/usage-format.test.ts [2m([22m[2m3 tests[22m[2m)[22m[32m 6[2mms[22m[39m
 [32m✓[39m src/channels/command-gating.test.ts [2m([22m[2m8 tests[22m[2m)[22m[32m 2[2mms[22m[39m
 [32m✓[39m src/config/merge-patch.proto-pollution.test.ts [2m([22m[2m4 tests[22m[2m)[22m[32m 5[2mms[22m[39m
 [32m✓[39m src/infra/net/ssrf.dispatcher.test.ts [2m([22m[2m1 test[22m[2m)[22m[32m 6[2mms[22m[39m
 [32m✓[39m src/plugin-sdk/allow-from.test.ts [2m([22m[2m7 tests[22m[2m)[22m[32m 3[2mms[22m[39m
 [32m✓[39m src/infra/widearea-dns.test.ts [2m([22m[2m2 tests[22m[2m)[22m[32m 2[2mms[22m[39m
 [32m✓[39m src/markdown/whatsapp.test.ts [2m([22m[2m3 tests[22m[2m)[22m[32m 9[2mms[22m[39m
 [32m✓[39m ui/src/ui/views/agents-utils.test.ts [2m([22m[2m3 tests[22m[2m)[22m[32m 3[2mms[22m[39m
 [32m✓[39m src/cli/plugins-config.test.ts [2m([22m[2m3 tests[22m[2m)[22m[32m 4[2mms[22m[39m
 [32m✓[39m src/web/auto-reply/monitor/group-members.test.ts [2m([22m[2m5 tests[22m[2m)[22m[32m 2[2mms[22m[39m
 [32m✓[39m src/media-understanding/defaults.test.ts [2m([22m[2m3 tests[22m[2m)[22m[32m 2[2mms[22m[39m
 [32m✓[39m src/plugin-sdk/text-chunking.test.ts [2m([22m[2m3 tests[22m[2m)[22m[32m 2[2mms[22m[39m
 [32m✓[39m src/agents/content-blocks.test.ts [2m([22m[2m2 tests[22m[2m)[22m[32m 2[2mms[22m[39m
 [32m✓[39m src/cli/log-level-option.test.ts [2m([22m[2m2 tests[22m[2m)[22m[32m 5[2mms[22m[39m
 [32m✓[39m src/agents/skills/frontmatter.test.ts [2m([22m[2m2 tests[22m[2m)[22m[32m 2[2mms[22m[39m
 [32m✓[39m src/logging/parse-log-line.test.ts [2m([22m[2m3 tests[22m[2m)[22m[32m 3[2mms[22m[39m
 [32m✓[39m src/shared/operator-scope-compat.test.ts [2m([22m[2m5 tests[22m[2m)[22m[32m 5[2mms[22m[39m
 [32m✓[39m src/channels/registry.helpers.test.ts [2m([22m[2m4 tests[22m[2m)[22m[32m 3[2mms[22m[39m
 [32m✓[39m src/agents/sandbox/context.user-fallback.test.ts [2m([22m[2m3 tests[22m[2m)[22m[32m 2[2mms[22m[39m
 [32m✓[39m src/agents/tool-fs-policy.test.ts [2m([22m[2m4 tests[22m[2m)[22m[32m 3[2mms[22m[39m
 [32m✓[39m src/cron/isolated-agent/run.session-key.test.ts [2m([22m[2m4 tests[22m[2m)[22m[32m 4[2mms[22m[39m
[90mstdout[2m | src/slack/monitor/message-handler/dispatch.streaming.test.ts
[22m[39m[MemoryStore] Initializing the Five-Tier Central Nervous System...
KnowledgeGraph connected to Neo4j successfully.

[90mstdout[2m | src/slack/monitor/message-handler/dispatch.streaming.test.ts
[22m[39mKnowledgeGraph Schema Initialized.

 [31m❯[39m src/slack/monitor/message-handler/dispatch.streaming.test.ts [2m([22m[2m0 test[22m[2m)[22m
 [32m✓[39m src/agents/pi-embedded-runner/google.test.ts [2m([22m[2m2 tests[22m[2m)[22m[32m 3[2mms[22m[39m
 [32m✓[39m src/agents/test-helpers/pi-tools-sandbox-context.test.ts [2m([22m[2m2 tests[22m[2m)[22m[32m 4[2mms[22m[39m
 [32m✓[39m src/browser/chrome.default-browser.test.ts [2m([22m[2m2 tests[22m[2m)[22m[32m 4[2mms[22m[39m
 [32m✓[39m src/infra/heartbeat-events-filter.test.ts [2m([22m[2m3 tests[22m[2m)[22m[32m 2[2mms[22m[39m
 [32m✓[39m src/media-understanding/providers/index.test.ts [2m([22m[2m3 tests[22m[2m)[22m[32m 19[2mms[22m[39m
 [32m✓[39m src/sessions/send-policy.test.ts [2m([22m[2m5 tests[22m[2m)[22m[32m 2[2mms[22m[39m
 [32m✓[39m src/infra/outbound/conversation-id.test.ts [2m([22m[2m5 tests[22m[2m)[22m[32m 3[2mms[22m[39m
 [32m✓[39m src/channels/plugins/message-actions.test.ts [2m([22m[2m2 tests[22m[2m)[22m[32m 4[2mms[22m[39m
 [32m✓[39m src/channels/plugins/onboarding/telegram.test.ts [2m([22m[2m3 tests[22m[2m)[22m[32m 2[2mms[22m[39m
 [32m✓[39m src/channels/sender-label.test.ts [2m([22m[2m4 tests[22m[2m)[22m[32m 3[2mms[22m[39m
 [32m✓[39m src/agents/pi-embedded-runner/cache-ttl.test.ts [2m([22m[2m5 tests[22m[2m)[22m[32m 2[2mms[22m[39m
 [32m✓[39m src/media/image-ops.helpers.test.ts [2m([22m[2m3 tests[22m[2m)[22m[32m 3[2mms[22m[39m
 [32m✓[39m src/infra/update-channels.test.ts [2m([22m[2m3 tests[22m[2m)[22m[32m 2[2mms[22m[39m
 [32m✓[39m src/channels/mention-gating.test.ts [2m([22m[2m5 tests[22m[2m)[22m[32m 5[2mms[22m[39m
 [32m✓[39m src/cli/prompt.test.ts [2m([22m[2m2 tests[22m[2m)[22m[32m 2[2mms[22m[39m
 [32m✓[39m src/cron/delivery.test.ts [2m([22m[2m4 tests[22m[2m)[22m[32m 2[2mms[22m[39m
 [32m✓[39m src/agents/acp-binding-architecture.guardrail.test.ts [2m([22m[2m1 test[22m[2m)[22m[32m 3[2mms[22m[39m
 [32m✓[39m src/telegram/group-access.base-access.test.ts [2m([22m[2m3 tests[22m[2m)[22m[32m 2[2mms[22m[39m
[90mstdout[2m | src/commands/models.auth.provider-resolution.test.ts
[22m[39m[MemoryStore] Initializing the Five-Tier Central Nervous System...
KnowledgeGraph connected to Neo4j successfully.

[90mstdout[2m | src/commands/models.auth.provider-resolution.test.ts
[22m[39mKnowledgeGraph Schema Initialized.

 [31m❯[39m src/commands/models.auth.provider-resolution.test.ts [2m([22m[2m0 test[22m[2m)[22m
 [32m✓[39m src/telegram/bot-message.test.ts [2m([22m[2m2 tests[22m[2m)[22m[32m 3[2mms[22m[39m
 [32m✓[39m src/agents/pi-embedded-subscribe.tools.test.ts [2m([22m[2m2 tests[22m[2m)[22m[32m 2[2mms[22m[39m
 [32m✓[39m src/cli/update-cli/progress.test.ts [2m([22m[2m3 tests[22m[2m)[22m[32m 2[2mms[22m[39m
 [32m✓[39m src/imessage/probe.test.ts [2m([22m[2m1 test[22m[2m)[22m[32m 2[2mms[22m[39m
 [32m✓[39m src/auto-reply/reply/queue-policy.test.ts [2m([22m[2m4 tests[22m[2m)[22m[32m 2[2mms[22m[39m
 [32m✓[39m src/commands/text-format.test.ts [2m([22m[2m3 tests[22m[2m)[22m[32m 3[2mms[22m[39m
 [32m✓[39m src/telegram/bot.helpers.test.ts [2m([22m[2m4 tests[22m[2m)[22m[32m 3[2mms[22m[39m
 [32m✓[39m src/agents/pi-embedded-runner/kilocode.test.ts [2m([22m[2m4 tests[22m[2m)[22m[32m 4[2mms[22m[39m
 [32m✓[39m src/infra/file-identity.test.ts [2m([22m[2m6 tests[22m[2m)[22m[32m 2[2mms[22m[39m
 [32m✓[39m src/plugins/hooks.phase-hooks.test.ts [2m([22m[2m2 tests[22m[2m)[22m[32m 4[2mms[22m[39m
 [32m✓[39m src/cli/program/context.test.ts [2m([22m[2m2 tests[22m[2m)[22m[32m 5[2mms[22m[39m
 [32m✓[39m src/commands/onboard-config.test.ts [2m([22m[2m3 tests[22m[2m)[22m[32m 4[2mms[22m[39m
 [32m✓[39m src/shared/config-eval.test.ts [2m([22m[2m4 tests[22m[2m)[22m[32m 3[2mms[22m[39m
 [32m✓[39m src/agents/image-sanitization.test.ts [2m([22m[2m2 tests[22m[2m)[22m[32m 4[2mms[22m[39m
 [32m✓[39m src/cli/daemon-cli/shared.test.ts [2m([22m[2m2 tests[22m[2m)[22m[32m 4[2mms[22m[39m
[90mstdout[2m | src/discord/monitor/provider.group-policy.test.ts
[22m[39m[MemoryStore] Initializing the Five-Tier Central Nervous System...
KnowledgeGraph connected to Neo4j successfully.

[90mstdout[2m | src/discord/monitor/provider.group-policy.test.ts
[22m[39mKnowledgeGraph Schema Initialized.

 [31m❯[39m src/discord/monitor/provider.group-policy.test.ts [2m([22m[2m0 test[22m[2m)[22m
 [32m✓[39m src/cli/outbound-send-mapping.test.ts [2m([22m[2m1 test[22m[2m)[22m[32m 5[2mms[22m[39m
 [32m✓[39m src/routing/account-lookup.test.ts [2m([22m[2m2 tests[22m[2m)[22m[32m 3[2mms[22m[39m
 [32m✓[39m src/utils/message-channel.test.ts [2m([22m[2m2 tests[22m[2m)[22m[32m 4[2mms[22m[39m
 [32m✓[39m src/utils/mask-api-key.test.ts [2m([22m[2m3 tests[22m[2m)[22m[32m 2[2mms[22m[39m
 [32m✓[39m src/cron/service/timeout-policy.test.ts [2m([22m[2m4 tests[22m[2m)[22m[32m 4[2mms[22m[39m
 [32m✓[39m src/agents/auth-profiles.getsoonestcooldownexpiry.test.ts [2m([22m[2m4 tests[22m[2m)[22m[32m 4[2mms[22m[39m
 [32m✓[39m src/auto-reply/reply/origin-routing.test.ts [2m([22m[2m4 tests[22m[2m)[22m[32m 4[2mms[22m[39m
 [32m✓[39m src/telegram/group-access.group-policy.test.ts [2m([22m[2m3 tests[22m[2m)[22m[32m 4[2mms[22m[39m
 [32m✓[39m src/channels/telegram/allow-from.test.ts [2m([22m[2m2 tests[22m[2m)[22m[32m 4[2mms[22m[39m
 [32m✓[39m src/channels/plugins/account-action-gate.test.ts [2m([22m[2m3 tests[22m[2m)[22m[32m 4[2mms[22m[39m
 [32m✓[39m src/agents/observer/identity-guard.test.ts [2m([22m[2m4 tests[22m[2m)[22m[32m 2[2mms[22m[39m
 [32m✓[39m src/wizard/clack-prompter.test.ts [2m([22m[2m3 tests[22m[2m)[22m[32m 19[2mms[22m[39m
 [32m✓[39m src/slack/blocks-fallback.test.ts [2m([22m[2m3 tests[22m[2m)[22m[32m 4[2mms[22m[39m
 [32m✓[39m src/hooks/module-loader.test.ts [2m([22m[2m5 tests[22m[2m)[22m[32m 2[2mms[22m[39m
 [32m✓[39m src/tui/tui-waiting.test.ts [2m([22m[2m2 tests[22m[2m)[22m[32m 3[2mms[22m[39m
 [32m✓[39m src/logging/timestamps.test.ts [2m([22m[2m2 tests[22m[2m)[22m[32m 4[2mms[22m[39m
 [32m✓[39m src/cli/program/program-context.test.ts [2m([22m[2m3 tests[22m[2m)[22m[32m 4[2mms[22m[39m
 [32m✓[39m src/media/base64.test.ts [2m([22m[2m3 tests[22m[2m)[22m[32m 2[2mms[22m[39m
 [32m✓[39m src/infra/system-message.test.ts [2m([22m[2m3 tests[22m[2m)[22m[32m 3[2mms[22m[39m
 [32m✓[39m src/infra/scp-host.test.ts [2m([22m[2m2 tests[22m[2m)[22m[32m 5[2mms[22m[39m
 [32m✓[39m src/infra/path-safety.test.ts [2m([22m[2m2 tests[22m[2m)[22m[32m 4[2mms[22m[39m
 [32m✓[39m test/appcast.test.ts [2m([22m[2m1 test[22m[2m)[22m[32m 3[2mms[22m[39m
 [32m✓[39m src/cli/program.nodes-test-helpers.test.ts [2m([22m[2m1 test[22m[2m)[22m[32m 3[2mms[22m[39m
 [32m✓[39m src/memory/batch-error-utils.test.ts [2m([22m[2m4 tests[22m[2m)[22m[32m 2[2mms[22m[39m
 [32m✓[39m src/discord/monitor/thread-bindings.persona.test.ts [2m([22m[2m3 tests[22m[2m)[22m[32m 2[2mms[22m[39m
 [32m✓[39m src/agents/transcript-policy.policy.test.ts [2m([22m[2m2 tests[22m[2m)[22m[32m 2[2mms[22m[39m
 [32m✓[39m src/agents/pi-embedded-subscribe.handlers.messages.test.ts [2m([22m[2m3 tests[22m[2m)[22m[32m 2[2mms[22m[39m
 [32m✓[39m src/discord/monitor/commands.test.ts [2m([22m[2m4 tests[22m[2m)[22m[32m 2[2mms[22m[39m
 [32m✓[39m src/cron/service.issue-22895-every-next-run.test.ts [2m([22m[2m2 tests[22m[2m)[22m[32m 3[2mms[22m[39m
 [32m✓[39m src/cli/gateway.sigterm.test.ts [2m([22m[2m1 test[22m[2m)[22m[32m 2[2mms[22m[39m
 [32m✓[39m src/acp/runtime/error-text.test.ts [2m([22m[2m2 tests[22m[2m)[22m[32m 4[2mms[22m[39m
[90mstdout[2m | src/agents/pi-embedded-runner.splitsdktools.test.ts
[22m[39m[MemoryStore] Initializing the Five-Tier Central Nervous System...
KnowledgeGraph connected to Neo4j successfully.

[90mstdout[2m | src/agents/pi-embedded-runner.splitsdktools.test.ts
[22m[39mKnowledgeGraph Schema Initialized.

 [31m❯[39m src/agents/pi-embedded-runner.splitsdktools.test.ts [2m([22m[2m0 test[22m[2m)[22m
 [32m✓[39m src/agents/workspace.defaults.test.ts [2m([22m[2m1 test[22m[2m)[22m[32m 4[2mms[22m[39m
 [32m✓[39m src/agents/cli-backends.test.ts [2m([22m[2m1 test[22m[2m)[22m[32m 4[2mms[22m[39m
 [32m✓[39m src/config/legacy.shared.test.ts [2m([22m[2m1 test[22m[2m)[22m[32m 2[2mms[22m[39m
 [32m✓[39m src/web/inbound/access-control.group-policy.test.ts [2m([22m[2m3 tests[22m[2m)[22m[32m 8[2mms[22m[39m
[90mstdout[2m | src/agents/pi-embedded-runner.buildembeddedsandboxinfo.test.ts
[22m[39m[MemoryStore] Initializing the Five-Tier Central Nervous System...
KnowledgeGraph connected to Neo4j successfully.

[90mstdout[2m | src/agents/pi-embedded-runner.buildembeddedsandboxinfo.test.ts
[22m[39mKnowledgeGraph Schema Initialized.

 [31m❯[39m src/agents/pi-embedded-runner.buildembeddedsandboxinfo.test.ts [2m([22m[2m0 test[22m[2m)[22m
 [32m✓[39m src/agents/compaction.token-sanitize.test.ts [2m([22m[2m1 test[22m[2m)[22m[32m 3[2mms[22m[39m
 [32m✓[39m src/commands/doctor-auth.hints.test.ts [2m([22m[2m4 tests[22m[2m)[22m[32m 4[2mms[22m[39m
[90mstdout[2m | src/slack/monitor/provider.group-policy.test.ts
[22m[39m[MemoryStore] Initializing the Five-Tier Central Nervous System...
KnowledgeGraph connected to Neo4j successfully.

[90mstdout[2m | src/slack/monitor/provider.group-policy.test.ts
[22m[39mKnowledgeGraph Schema Initialized.

 [31m❯[39m src/slack/monitor/provider.group-policy.test.ts [2m([22m[2m0 test[22m[2m)[22m
[90mstdout[2m | src/commands/status.summary.redaction.test.ts
[22m[39m[MemoryStore] Initializing the Five-Tier Central Nervous System...
KnowledgeGraph connected to Neo4j successfully.

 [31m❯[39m src/commands/status.summary.redaction.test.ts [2m([22m[2m0 test[22m[2m)[22m
[90mstdout[2m | src/agents/pi-embedded-runner.createsystempromptoverride.test.ts
[22m[39m[MemoryStore] Initializing the Five-Tier Central Nervous System...
KnowledgeGraph connected to Neo4j successfully.

[90mstdout[2m | src/agents/pi-embedded-runner.createsystempromptoverride.test.ts
[22m[39mKnowledgeGraph Schema Initialized.

 [31m❯[39m src/agents/pi-embedded-runner.createsystempromptoverride.test.ts [2m([22m[2m0 test[22m[2m)[22m
 [32m✓[39m src/memory/embeddings-mistral.test.ts [2m([22m[2m3 tests[22m[2m)[22m[32m 2[2mms[22m[39m
 [32m✓[39m src/agents/tools/tts-tool.test.ts [2m([22m[2m1 test[22m[2m)[22m[32m 2[2mms[22m[39m
[90mstdout[2m | src/commands/models/list.probe.test.ts
[22m[39m[MemoryStore] Initializing the Five-Tier Central Nervous System...
KnowledgeGraph connected to Neo4j successfully.

[90mstdout[2m | src/commands/models/list.probe.test.ts
[22m[39mKnowledgeGraph Schema Initialized.

 [31m❯[39m src/commands/models/list.probe.test.ts [2m([22m[2m0 test[22m[2m)[22m
[90mstdout[2m | src/imessage/monitor/provider.group-policy.test.ts
[22m[39m[MemoryStore] Initializing the Five-Tier Central Nervous System...
KnowledgeGraph connected to Neo4j successfully.

[90mstdout[2m | src/imessage/monitor/provider.group-policy.test.ts
[22m[39mKnowledgeGraph Schema Initialized.

 [31m❯[39m src/imessage/monitor/provider.group-policy.test.ts [2m([22m[2m0 test[22m[2m)[22m
[90mstdout[2m | src/agents/pi-embedded-runner.history-limit-from-session-key.test.ts
[22m[39m[MemoryStore] Initializing the Five-Tier Central Nervous System...
KnowledgeGraph connected to Neo4j successfully.

[90mstdout[2m | src/agents/pi-embedded-runner.history-limit-from-session-key.test.ts
[22m[39mKnowledgeGraph Schema Initialized.

 [31m❯[39m src/agents/pi-embedded-runner.history-limit-from-session-key.test.ts [2m([22m[2m0 test[22m[2m)[22m

[31m⎯⎯⎯⎯⎯[39m[1m[41m Failed Suites 161 [49m[22m[31m⎯⎯⎯⎯⎯⎯[39m

[41m[1m FAIL [22m[49m src/auto-reply/command-control.test.ts[2m [ src/auto-reply/command-control.test.ts ][22m
[41m[1m FAIL [22m[49m src/auto-reply/dispatch.test.ts[2m [ src/auto-reply/dispatch.test.ts ][22m
[41m[1m FAIL [22m[49m src/auto-reply/inbound.test.ts[2m [ src/auto-reply/inbound.test.ts ][22m
[41m[1m FAIL [22m[49m src/auto-reply/reply.directive.directive-behavior.applies-inline-reasoning-mixed-messages-acks-immediately.test.ts[2m [ src/auto-reply/reply.directive.directive-behavior.applies-inline-reasoning-mixed-messages-acks-immediately.test.ts ][22m
[41m[1m FAIL [22m[49m src/auto-reply/reply.directive.directive-behavior.defaults-think-low-reasoning-capable-models-no.test.ts[2m [ src/auto-reply/reply.directive.directive-behavior.defaults-think-low-reasoning-capable-models-no.test.ts ][22m
[41m[1m FAIL [22m[49m src/auto-reply/reply.directive.directive-behavior.prefers-alias-matches-fuzzy-selection-is-ambiguous.test.ts[2m [ src/auto-reply/reply.directive.directive-behavior.prefers-alias-matches-fuzzy-selection-is-ambiguous.test.ts ][22m
[41m[1m FAIL [22m[49m src/auto-reply/reply.directive.directive-behavior.shows-current-verbose-level-verbose-has-no.test.ts[2m [ src/auto-reply/reply.directive.directive-behavior.shows-current-verbose-level-verbose-has-no.test.ts ][22m
[41m[1m FAIL [22m[49m src/auto-reply/reply.directive.parse.test.ts[2m [ src/auto-reply/reply.directive.parse.test.ts ][22m
[41m[1m FAIL [22m[49m src/auto-reply/reply.heartbeat-typing.test.ts[2m [ src/auto-reply/reply.heartbeat-typing.test.ts ][22m
[41m[1m FAIL [22m[49m src/auto-reply/reply.media-note.test.ts[2m [ src/auto-reply/reply.media-note.test.ts ][22m
[41m[1m FAIL [22m[49m src/auto-reply/reply.raw-body.test.ts[2m [ src/auto-reply/reply.raw-body.test.ts ][22m
[41m[1m FAIL [22m[49m src/channels/channels-misc.test.ts[2m [ src/channels/channels-misc.test.ts ][22m
[41m[1m FAIL [22m[49m src/cli/gateway-cli.coverage.test.ts[2m [ src/cli/gateway-cli.coverage.test.ts ][22m
[41m[1m FAIL [22m[49m src/cli/hooks-cli.test.ts[2m [ src/cli/hooks-cli.test.ts ][22m
[41m[1m FAIL [22m[49m src/cli/run-main.test.ts[2m [ src/cli/run-main.test.ts ][22m
[41m[1m FAIL [22m[49m src/cron/isolated-agent.auth-profile-propagation.test.ts[2m [ src/cron/isolated-agent.auth-profile-propagation.test.ts ][22m
[41m[1m FAIL [22m[49m src/cron/isolated-agent.delivers-response-has-heartbeat-ok-but-includes.test.ts[2m [ src/cron/isolated-agent.delivers-response-has-heartbeat-ok-but-includes.test.ts ][22m
[41m[1m FAIL [22m[49m src/cron/isolated-agent.delivery-target-thread-session.test.ts[2m [ src/cron/isolated-agent.delivery-target-thread-session.test.ts ][22m
[41m[1m FAIL [22m[49m src/cron/isolated-agent.direct-delivery-forum-topics.test.ts[2m [ src/cron/isolated-agent.direct-delivery-forum-topics.test.ts ][22m
[41m[1m FAIL [22m[49m src/cron/isolated-agent.skips-delivery-without-whatsapp-recipient-besteffortdeliver-true.test.ts[2m [ src/cron/isolated-agent.skips-delivery-without-whatsapp-recipient-besteffortdeliver-true.test.ts ][22m
[41m[1m FAIL [22m[49m src/cron/isolated-agent.uses-last-non-empty-agent-text-as.test.ts[2m [ src/cron/isolated-agent.uses-last-non-empty-agent-text-as.test.ts ][22m
[41m[1m FAIL [22m[49m src/commands/agent.acp.test.ts[2m [ src/commands/agent.acp.test.ts ][22m
[41m[1m FAIL [22m[49m src/commands/agents.add.test.ts[2m [ src/commands/agents.add.test.ts ][22m
[41m[1m FAIL [22m[49m src/commands/agents.bind.commands.test.ts[2m [ src/commands/agents.bind.commands.test.ts ][22m
[41m[1m FAIL [22m[49m src/commands/agents.identity.test.ts[2m [ src/commands/agents.identity.test.ts ][22m
[41m[1m FAIL [22m[49m src/commands/agents.test.ts[2m [ src/commands/agents.test.ts ][22m
[41m[1m FAIL [22m[49m src/commands/auth-choice.apply.minimax.test.ts[2m [ src/commands/auth-choice.apply.minimax.test.ts ][22m
[41m[1m FAIL [22m[49m src/commands/auth-choice.moonshot.test.ts[2m [ src/commands/auth-choice.moonshot.test.ts ][22m
[41m[1m FAIL [22m[49m src/commands/channels.add.test.ts[2m [ src/commands/channels.add.test.ts ][22m
[41m[1m FAIL [22m[49m src/commands/channels.adds-non-default-telegram-account.test.ts[2m [ src/commands/channels.adds-non-default-telegram-account.test.ts ][22m
[41m[1m FAIL [22m[49m src/commands/channels.surfaces-signal-runtime-errors-channels-status-output.test.ts[2m [ src/commands/channels.surfaces-signal-runtime-errors-channels-status-output.test.ts ][22m
[41m[1m FAIL [22m[49m src/commands/configure.gateway-auth.test.ts[2m [ src/commands/configure.gateway-auth.test.ts ][22m
[41m[1m FAIL [22m[49m src/commands/health.command.coverage.test.ts[2m [ src/commands/health.command.coverage.test.ts ][22m
[41m[1m FAIL [22m[49m src/commands/health.snapshot.test.ts[2m [ src/commands/health.snapshot.test.ts ][22m
[41m[1m FAIL [22m[49m src/commands/health.test.ts[2m [ src/commands/health.test.ts ][22m
[41m[1m FAIL [22m[49m src/commands/message.test.ts[2m [ src/commands/message.test.ts ][22m
[41m[1m FAIL [22m[49m src/commands/models.auth.provider-resolution.test.ts[2m [ src/commands/models.auth.provider-resolution.test.ts ][22m
[41m[1m FAIL [22m[49m src/commands/status.summary.redaction.test.ts[2m [ src/commands/status.summary.redaction.test.ts ][22m
[41m[1m FAIL [22m[49m src/agents/ernos-gateway-tool.test.ts[2m [ src/agents/ernos-gateway-tool.test.ts ][22m
[41m[1m FAIL [22m[49m src/agents/ernos-tools.agents.test.ts[2m [ src/agents/ernos-tools.agents.test.ts ][22m
[41m[1m FAIL [22m[49m src/agents/ernos-tools.camera.test.ts[2m [ src/agents/ernos-tools.camera.test.ts ][22m
[41m[1m FAIL [22m[49m src/agents/ernos-tools.session-status.test.ts[2m [ src/agents/ernos-tools.session-status.test.ts ][22m
[41m[1m FAIL [22m[49m src/agents/ernos-tools.sessions-visibility.test.ts[2m [ src/agents/ernos-tools.sessions-visibility.test.ts ][22m
[41m[1m FAIL [22m[49m src/agents/ernos-tools.sessions.test.ts[2m [ src/agents/ernos-tools.sessions.test.ts ][22m
[41m[1m FAIL [22m[49m src/agents/ernos-tools.subagents.sessions-spawn-applies-thinking-default.test.ts[2m [ src/agents/ernos-tools.subagents.sessions-spawn-applies-thinking-default.test.ts ][22m
[41m[1m FAIL [22m[49m src/agents/ernos-tools.subagents.sessions-spawn-default-timeout-absent.test.ts[2m [ src/agents/ernos-tools.subagents.sessions-spawn-default-timeout-absent.test.ts ][22m
[41m[1m FAIL [22m[49m src/agents/ernos-tools.subagents.sessions-spawn-default-timeout.test.ts[2m [ src/agents/ernos-tools.subagents.sessions-spawn-default-timeout.test.ts ][22m
[41m[1m FAIL [22m[49m src/agents/ernos-tools.subagents.sessions-spawn-depth-limits.test.ts[2m [ src/agents/ernos-tools.subagents.sessions-spawn-depth-limits.test.ts ][22m
[41m[1m FAIL [22m[49m src/agents/ernos-tools.subagents.sessions-spawn.allowlist.test.ts[2m [ src/agents/ernos-tools.subagents.sessions-spawn.allowlist.test.ts ][22m
[41m[1m FAIL [22m[49m src/agents/ernos-tools.subagents.sessions-spawn.cron-note.test.ts[2m [ src/agents/ernos-tools.subagents.sessions-spawn.cron-note.test.ts ][22m
[41m[1m FAIL [22m[49m src/agents/ernos-tools.subagents.sessions-spawn.model.test.ts[2m [ src/agents/ernos-tools.subagents.sessions-spawn.model.test.ts ][22m
[41m[1m FAIL [22m[49m src/agents/ernos-tools.subagents.steer-failure-clears-suppression.test.ts[2m [ src/agents/ernos-tools.subagents.steer-failure-clears-suppression.test.ts ][22m
[41m[1m FAIL [22m[49m src/agents/pi-embedded-runner-extraparams.test.ts[2m [ src/agents/pi-embedded-runner-extraparams.test.ts ][22m
[41m[1m FAIL [22m[49m src/agents/pi-embedded-runner.applygoogleturnorderingfix.test.ts[2m [ src/agents/pi-embedded-runner.applygoogleturnorderingfix.test.ts ][22m
[41m[1m FAIL [22m[49m src/agents/pi-embedded-runner.buildembeddedsandboxinfo.test.ts[2m [ src/agents/pi-embedded-runner.buildembeddedsandboxinfo.test.ts ][22m
[41m[1m FAIL [22m[49m src/agents/pi-embedded-runner.createsystempromptoverride.test.ts[2m [ src/agents/pi-embedded-runner.createsystempromptoverride.test.ts ][22m
[41m[1m FAIL [22m[49m src/agents/pi-embedded-runner.get-dm-history-limit-from-session-key.falls-back-provider-default-per-dm-not.test.ts[2m [ src/agents/pi-embedded-runner.get-dm-history-limit-from-session-key.falls-back-provider-default-per-dm-not.test.ts ][22m
[41m[1m FAIL [22m[49m src/agents/pi-embedded-runner.get-dm-history-limit-from-session-key.returns-undefined-sessionkey-is-undefined.test.ts[2m [ src/agents/pi-embedded-runner.get-dm-history-limit-from-session-key.returns-undefined-sessionkey-is-undefined.test.ts ][22m
[41m[1m FAIL [22m[49m src/agents/pi-embedded-runner.history-limit-from-session-key.test.ts[2m [ src/agents/pi-embedded-runner.history-limit-from-session-key.test.ts ][22m
[41m[1m FAIL [22m[49m src/agents/pi-embedded-runner.limithistoryturns.test.ts[2m [ src/agents/pi-embedded-runner.limithistoryturns.test.ts ][22m
[41m[1m FAIL [22m[49m src/agents/pi-embedded-runner.splitsdktools.test.ts[2m [ src/agents/pi-embedded-runner.splitsdktools.test.ts ][22m
[41m[1m FAIL [22m[49m src/agents/pi-embedded-subscribe.tools.extract.test.ts[2m [ src/agents/pi-embedded-subscribe.tools.extract.test.ts ][22m
[41m[1m FAIL [22m[49m src/agents/pi-tools-agent-config.test.ts[2m [ src/agents/pi-tools-agent-config.test.ts ][22m
[41m[1m FAIL [22m[49m src/agents/pi-tools.create-ernos-coding-tools.adds-claude-style-aliases-schemas-without-dropping-b.test.ts[2m [ src/agents/pi-tools.create-ernos-coding-tools.adds-claude-style-aliases-schemas-without-dropping-b.test.ts ][22m
[41m[1m FAIL [22m[49m src/agents/pi-tools.create-ernos-coding-tools.adds-claude-style-aliases-schemas-without-dropping-d.test.ts[2m [ src/agents/pi-tools.create-ernos-coding-tools.adds-claude-style-aliases-schemas-without-dropping-d.test.ts ][22m
[41m[1m FAIL [22m[49m src/agents/pi-tools.create-ernos-coding-tools.adds-claude-style-aliases-schemas-without-dropping-f.test.ts[2m [ src/agents/pi-tools.create-ernos-coding-tools.adds-claude-style-aliases-schemas-without-dropping-f.test.ts ][22m
[41m[1m FAIL [22m[49m src/agents/pi-tools.create-ernos-coding-tools.adds-claude-style-aliases-schemas-without-dropping.test.ts[2m [ src/agents/pi-tools.create-ernos-coding-tools.adds-claude-style-aliases-schemas-without-dropping.test.ts ][22m
[41m[1m FAIL [22m[49m src/agents/pi-tools.message-provider-policy.test.ts[2m [ src/agents/pi-tools.message-provider-policy.test.ts ][22m
[41m[1m FAIL [22m[49m src/agents/pi-tools.safe-bins.test.ts[2m [ src/agents/pi-tools.safe-bins.test.ts ][22m
[41m[1m FAIL [22m[49m src/agents/pi-tools.sandbox-mounted-paths.workspace-only.test.ts[2m [ src/agents/pi-tools.sandbox-mounted-paths.workspace-only.test.ts ][22m
[41m[1m FAIL [22m[49m src/agents/pi-tools.whatsapp-login-gating.test.ts[2m [ src/agents/pi-tools.whatsapp-login-gating.test.ts ][22m
[41m[1m FAIL [22m[49m src/agents/pi-tools.workspace-paths.test.ts[2m [ src/agents/pi-tools.workspace-paths.test.ts ][22m
[41m[1m FAIL [22m[49m src/agents/sessions-spawn-hooks.test.ts[2m [ src/agents/sessions-spawn-hooks.test.ts ][22m
[41m[1m FAIL [22m[49m src/agents/sessions-spawn-threadid.test.ts[2m [ src/agents/sessions-spawn-threadid.test.ts ][22m
[41m[1m FAIL [22m[49m src/agents/system-prompt.test.ts[2m [ src/agents/system-prompt.test.ts ][22m
[41m[1m FAIL [22m[49m src/imessage/monitor.gating.test.ts[2m [ src/imessage/monitor.gating.test.ts ][22m
[41m[1m FAIL [22m[49m src/discord/monitor.test.ts[2m [ src/discord/monitor.test.ts ][22m
[41m[1m FAIL [22m[49m src/discord/monitor.tool-result.accepts-guild-messages-mentionpatterns-match.test.ts[2m [ src/discord/monitor.tool-result.accepts-guild-messages-mentionpatterns-match.test.ts ][22m
[41m[1m FAIL [22m[49m src/discord/monitor.tool-result.sends-status-replies-responseprefix.test.ts[2m [ src/discord/monitor.tool-result.sends-status-replies-responseprefix.test.ts ][22m
[41m[1m FAIL [22m[49m src/line/monitor.fail-closed.test.ts[2m [ src/line/monitor.fail-closed.test.ts ][22m
[41m[1m FAIL [22m[49m src/plugin-sdk/index.test.ts[2m [ src/plugin-sdk/index.test.ts ][22m
[41m[1m FAIL [22m[49m src/plugins/voice-call.plugin.test.ts[2m [ src/plugins/voice-call.plugin.test.ts ][22m
[41m[1m FAIL [22m[49m src/infra/exec-approval-forwarder.test.ts[2m [ src/infra/exec-approval-forwarder.test.ts ][22m
[41m[1m FAIL [22m[49m src/infra/heartbeat-runner.ghost-reminder.test.ts[2m [ src/infra/heartbeat-runner.ghost-reminder.test.ts ][22m
[41m[1m FAIL [22m[49m src/infra/heartbeat-runner.model-override.test.ts[2m [ src/infra/heartbeat-runner.model-override.test.ts ][22m
[41m[1m FAIL [22m[49m src/infra/heartbeat-runner.respects-ackmaxchars-heartbeat-acks.test.ts[2m [ src/infra/heartbeat-runner.respects-ackmaxchars-heartbeat-acks.test.ts ][22m
[41m[1m FAIL [22m[49m src/infra/heartbeat-runner.returns-default-unset.test.ts[2m [ src/infra/heartbeat-runner.returns-default-unset.test.ts ][22m
[41m[1m FAIL [22m[49m src/infra/heartbeat-runner.scheduler.test.ts[2m [ src/infra/heartbeat-runner.scheduler.test.ts ][22m
[41m[1m FAIL [22m[49m src/infra/heartbeat-runner.sender-prefers-delivery-target.test.ts[2m [ src/infra/heartbeat-runner.sender-prefers-delivery-target.test.ts ][22m
[41m[1m FAIL [22m[49m src/infra/heartbeat-runner.transcript-prune.test.ts[2m [ src/infra/heartbeat-runner.transcript-prune.test.ts ][22m
[41m[1m FAIL [22m[49m src/infra/system-events.test.ts[2m [ src/infra/system-events.test.ts ][22m
[41m[1m FAIL [22m[49m src/security/dm-policy-channel-smoke.test.ts[2m [ src/security/dm-policy-channel-smoke.test.ts ][22m
[41m[1m FAIL [22m[49m src/signal/monitor.tool-result.pairs-uuid-only-senders-uuid-allowlist-entry.test.ts[2m [ src/signal/monitor.tool-result.pairs-uuid-only-senders-uuid-allowlist-entry.test.ts ][22m
[41m[1m FAIL [22m[49m src/signal/monitor.tool-result.sends-tool-summaries-responseprefix.test.ts[2m [ src/signal/monitor.tool-result.sends-tool-summaries-responseprefix.test.ts ][22m
[41m[1m FAIL [22m[49m src/slack/monitor.test.ts[2m [ src/slack/monitor.test.ts ][22m
[41m[1m FAIL [22m[49m src/slack/monitor.threading.missing-thread-ts.test.ts[2m [ src/slack/monitor.threading.missing-thread-ts.test.ts ][22m
[41m[1m FAIL [22m[49m src/slack/monitor.tool-result.test.ts[2m [ src/slack/monitor.tool-result.test.ts ][22m
[41m[1m FAIL [22m[49m src/telegram/bot-message-context.audio-transcript.test.ts[2m [ src/telegram/bot-message-context.audio-transcript.test.ts ][22m
[41m[1m FAIL [22m[49m src/telegram/bot-message-context.dm-threads.test.ts[2m [ src/telegram/bot-message-context.dm-threads.test.ts ][22m
[41m[1m FAIL [22m[49m src/telegram/bot-message-context.dm-topic-threadid.test.ts[2m [ src/telegram/bot-message-context.dm-topic-threadid.test.ts ][22m
[41m[1m FAIL [22m[49m src/telegram/bot-message-context.sender-prefix.test.ts[2m [ src/telegram/bot-message-context.sender-prefix.test.ts ][22m
[41m[1m FAIL [22m[49m src/telegram/bot-message-dispatch.sticker-media.test.ts[2m [ src/telegram/bot-message-dispatch.sticker-media.test.ts ][22m
[41m[1m FAIL [22m[49m src/telegram/bot-native-commands.plugin-auth.test.ts[2m [ src/telegram/bot-native-commands.plugin-auth.test.ts ][22m
[41m[1m FAIL [22m[49m src/telegram/bot-native-commands.test.ts[2m [ src/telegram/bot-native-commands.test.ts ][22m
[41m[1m FAIL [22m[49m src/telegram/bot.media.downloads-media-file-path-no-file-download.test.ts[2m [ src/telegram/bot.media.downloads-media-file-path-no-file-download.test.ts ][22m
[41m[1m FAIL [22m[49m src/telegram/bot.media.stickers-and-fragments.test.ts[2m [ src/telegram/bot.media.stickers-and-fragments.test.ts ][22m
[41m[1m FAIL [22m[49m src/web/auto-reply.broadcast-groups.broadcasts-sequentially-configured-order.test.ts[2m [ src/web/auto-reply.broadcast-groups.broadcasts-sequentially-configured-order.test.ts ][22m
[41m[1m FAIL [22m[49m src/web/auto-reply.broadcast-groups.skips-unknown-broadcast-agent-ids-agents-list.test.ts[2m [ src/web/auto-reply.broadcast-groups.skips-unknown-broadcast-agent-ids-agents-list.test.ts ][22m
[41m[1m FAIL [22m[49m src/web/auto-reply.typing-controller-idle.test.ts[2m [ src/web/auto-reply.typing-controller-idle.test.ts ][22m
[41m[1m FAIL [22m[49m src/web/auto-reply.web-auto-reply.last-route.test.ts[2m [ src/web/auto-reply.web-auto-reply.last-route.test.ts ][22m
[41m[1m FAIL [22m[49m src/web/auto-reply.web-auto-reply.monitor-logging.test.ts[2m [ src/web/auto-reply.web-auto-reply.monitor-logging.test.ts ][22m
[41m[1m FAIL [22m[49m src/web/auto-reply.web-auto-reply.reconnects-after-connection-close.test.ts[2m > [22mweb auto-reply
[41m[1m FAIL [22m[49m test/integration/tools-registration.test.ts[2m [ test/integration/tools-registration.test.ts ][22m
[41m[1m FAIL [22m[49m src/auto-reply/reply/abort.test.ts[2m [ src/auto-reply/reply/abort.test.ts ][22m
[41m[1m FAIL [22m[49m src/auto-reply/reply/commands-acp.test.ts[2m [ src/auto-reply/reply/commands-acp.test.ts ][22m
[41m[1m FAIL [22m[49m src/auto-reply/reply/commands-context-report.test.ts[2m [ src/auto-reply/reply/commands-context-report.test.ts ][22m
[41m[1m FAIL [22m[49m src/auto-reply/reply/commands-session-lifecycle.test.ts[2m [ src/auto-reply/reply/commands-session-lifecycle.test.ts ][22m
[41m[1m FAIL [22m[49m src/auto-reply/reply/commands-subagents-focus.test.ts[2m [ src/auto-reply/reply/commands-subagents-focus.test.ts ][22m
[41m[1m FAIL [22m[49m src/auto-reply/reply/commands-subagents-spawn.test.ts[2m [ src/auto-reply/reply/commands-subagents-spawn.test.ts ][22m
[41m[1m FAIL [22m[49m src/auto-reply/reply/commands.test.ts[2m [ src/auto-reply/reply/commands.test.ts ][22m
[41m[1m FAIL [22m[49m src/auto-reply/reply/directive-handling.model.test.ts[2m [ src/auto-reply/reply/directive-handling.model.test.ts ][22m
[41m[1m FAIL [22m[49m src/auto-reply/reply/dispatch-from-config.test.ts[2m [ src/auto-reply/reply/dispatch-from-config.test.ts ][22m
[41m[1m FAIL [22m[49m src/auto-reply/reply/get-reply-inline-actions.skip-when-config-empty.test.ts[2m [ src/auto-reply/reply/get-reply-inline-actions.skip-when-config-empty.test.ts ][22m
[41m[1m FAIL [22m[49m src/auto-reply/reply/reply-flow.test.ts[2m [ src/auto-reply/reply/reply-flow.test.ts ][22m
[41m[1m FAIL [22m[49m src/auto-reply/reply/session.test.ts[2m [ src/auto-reply/reply/session.test.ts ][22m
[41m[1m FAIL [22m[49m src/cli/program/build-program.version-alias.test.ts[2m [ src/cli/program/build-program.version-alias.test.ts ][22m
[41m[1m FAIL [22m[49m src/cron/isolated-agent/delivery-target.test.ts[2m [ src/cron/isolated-agent/delivery-target.test.ts ][22m
[41m[1m FAIL [22m[49m src/commands/models/list.probe.test.ts[2m [ src/commands/models/list.probe.test.ts ][22m
[41m[1m FAIL [22m[49m src/commands/models/list.status.test.ts[2m [ src/commands/models/list.status.test.ts ][22m
[41m[1m FAIL [22m[49m src/agents/pi-embedded-runner/extra-params.cache-retention-default.test.ts[2m [ src/agents/pi-embedded-runner/extra-params.cache-retention-default.test.ts ][22m
[41m[1m FAIL [22m[49m src/agents/tools/image-tool.test.ts[2m [ src/agents/tools/image-tool.test.ts ][22m
[41m[1m FAIL [22m[49m src/imessage/monitor/inbound-processing.test.ts[2m [ src/imessage/monitor/inbound-processing.test.ts ][22m
[41m[1m FAIL [22m[49m src/imessage/monitor/provider.group-policy.test.ts[2m [ src/imessage/monitor/provider.group-policy.test.ts ][22m
[41m[1m FAIL [22m[49m src/discord/monitor/message-handler.preflight.test.ts[2m [ src/discord/monitor/message-handler.preflight.test.ts ][22m
[41m[1m FAIL [22m[49m src/discord/monitor/native-command.model-picker.test.ts[2m [ src/discord/monitor/native-command.model-picker.test.ts ][22m
[41m[1m FAIL [22m[49m src/discord/monitor/provider.group-policy.test.ts[2m [ src/discord/monitor/provider.group-policy.test.ts ][22m
[41m[1m FAIL [22m[49m src/discord/monitor/provider.skill-dedupe.test.ts[2m [ src/discord/monitor/provider.skill-dedupe.test.ts ][22m
[41m[1m FAIL [22m[49m src/discord/voice/manager.test.ts[2m > [22mDiscordVoiceManager
[41m[1m FAIL [22m[49m src/plugins/runtime/index.test.ts[2m [ src/plugins/runtime/index.test.ts ][22m
[41m[1m FAIL [22m[49m src/infra/outbound/message-action-runner.test.ts[2m [ src/infra/outbound/message-action-runner.test.ts ][22m
[41m[1m FAIL [22m[49m src/infra/outbound/message-action-runner.threading.test.ts[2m [ src/infra/outbound/message-action-runner.threading.test.ts ][22m
[41m[1m FAIL [22m[49m src/infra/outbound/message.channels.test.ts[2m [ src/infra/outbound/message.channels.test.ts ][22m
[41m[1m FAIL [22m[49m src/infra/outbound/outbound.test.ts[2m [ src/infra/outbound/outbound.test.ts ][22m
[41m[1m FAIL [22m[49m src/infra/outbound/targets.test.ts[2m [ src/infra/outbound/targets.test.ts ][22m
[41m[1m FAIL [22m[49m src/signal/monitor/event-handler.inbound-contract.test.ts[2m [ src/signal/monitor/event-handler.inbound-contract.test.ts ][22m
[41m[1m FAIL [22m[49m src/signal/monitor/event-handler.mention-gating.test.ts[2m [ src/signal/monitor/event-handler.mention-gating.test.ts ][22m
[41m[1m FAIL [22m[49m src/slack/monitor/provider.group-policy.test.ts[2m [ src/slack/monitor/provider.group-policy.test.ts ][22m
[41m[1m FAIL [22m[49m src/web/auto-reply/web-auto-reply-monitor.test.ts[2m [ src/web/auto-reply/web-auto-reply-monitor.test.ts ][22m
[41m[1m FAIL [22m[49m src/auto-reply/reply/commands-acp/context.test.ts[2m [ src/auto-reply/reply/commands-acp/context.test.ts ][22m
[41m[1m FAIL [22m[49m src/agents/pi-embedded-runner/run/attempt.test.ts[2m [ src/agents/pi-embedded-runner/run/attempt.test.ts ][22m
[41m[1m FAIL [22m[49m src/slack/monitor/message-handler/dispatch.streaming.test.ts[2m [ src/slack/monitor/message-handler/dispatch.streaming.test.ts ][22m
[41m[1m FAIL [22m[49m src/slack/monitor/message-handler/prepare.test.ts[2m [ src/slack/monitor/message-handler/prepare.test.ts ][22m
[41m[1m FAIL [22m[49m src/web/auto-reply/monitor/process-message.inbound-contract.test.ts[2m [ src/web/auto-reply/monitor/process-message.inbound-contract.test.ts ][22m
[31m[1mError[22m: CRITICAL: Cannot resolve ErnOS package root to create OSINT SQLite cache.[39m
[36m [2m❯[22m src/skills/osint/ingest-workers.ts:[2m12:9[22m[39m
    [90m 10| [39m[35mconst[39m rootPath [33m=[39m [34mresolveErnOSPackageRootSync[39m({})[33m;[39m
    [90m 11| [39m[35mif[39m ([33m![39mrootPath) {
    [90m 12| [39m  throw new Error("CRITICAL: Cannot resolve ErnOS package root to crea…
    [90m   | [39m        [31m^[39m
    [90m 13| [39m}
    [90m 14| [39m
[90m [2m❯[22m src/skills/osint/osint-orchestrator.ts:[2m3:1[22m[39m
[90m [2m❯[22m src/agents/pi-tools.ts:[2m61:1[22m[39m

[31m[2m⎯⎯⎯⎯⎯⎯⎯⎯⎯⎯⎯⎯⎯⎯⎯⎯⎯⎯⎯⎯⎯⎯[1/162]⎯[22m[39m

[41m[1m FAIL [22m[49m src/commands/agent.delivery.test.ts[2m [ src/commands/agent.delivery.test.ts ][22m
[31m[1mError[22m: [vitest] There was an error when mocking a module. If you are using "vi.mock" factory, make sure there are no top level variables inside, since this call is hoisted to top of the file. Read more: https://vitest.dev/api/vi.html#vi-mock[39m
[36m [2m❯[22m src/infra/outbound/agent-delivery.ts:[2m13:1[22m[39m
    [90m 11| [39m} [35mfrom[39m [32m"../../utils/message-channel.js"[39m[33m;[39m
    [90m 12| [39m[35mimport[39m type { [33mOutboundTargetResolution[39m } [35mfrom[39m [32m"./targets.js"[39m[33m;[39m
    [90m 13| [39m[35mimport[39m {
    [90m   | [39m[31m^[39m
    [90m 14| [39m  resolveOutboundTarget[33m,[39m
    [90m 15| [39m  resolveSessionDeliveryTarget[33m,[39m
[90m [2m❯[22m src/commands/agent/delivery.ts:[2m6:1[22m[39m

[31m[1mCaused by: Error[22m: CRITICAL: Cannot resolve ErnOS package root to create OSINT SQLite cache.[39m
[36m [2m❯[22m src/skills/osint/ingest-workers.ts:[2m12:9[22m[39m
[90m [2m❯[22m src/skills/osint/osint-orchestrator.ts:[2m3:1[22m[39m
[90m [2m❯[22m src/agents/pi-tools.ts:[2m61:1[22m[39m

[31m[2m⎯⎯⎯⎯⎯⎯⎯⎯⎯⎯⎯⎯⎯⎯⎯⎯⎯⎯⎯⎯⎯⎯[2/162]⎯[22m[39m

[41m[1m FAIL [22m[49m src/commands/onboard-channels.test.ts[2m [ src/commands/onboard-channels.test.ts ][22m
[31m[1mError[22m: [vitest] There was an error when mocking a module. If you are using "vi.mock" factory, make sure there are no top level variables inside, since this call is hoisted to top of the file. Read more: https://vitest.dev/api/vi.html#vi-mock[39m
[36m [2m❯[22m src/commands/onboard-channels.ts:[2m21:1[22m[39m
    [90m 19| [39mimport type { WizardPrompter, WizardSelectOption } from "../wizard/pro…
    [90m 20| [39m[35mimport[39m type { [33mChannelChoice[39m } [35mfrom[39m [32m"./onboard-types.js"[39m[33m;[39m
    [90m 21| [39m[35mimport[39m {
    [90m   | [39m[31m^[39m
    [90m 22| [39m  ensureOnboardingPluginInstalled[33m,[39m
    [90m 23| [39m  reloadOnboardingPluginRegistry[33m,[39m
[90m [2m❯[22m src/commands/onboard-channels.test.ts:[2m10:1[22m[39m

[31m[1mCaused by: Error[22m: CRITICAL: Cannot resolve ErnOS package root to create OSINT SQLite cache.[39m
[36m [2m❯[22m src/skills/osint/ingest-workers.ts:[2m12:9[22m[39m
[90m [2m❯[22m src/skills/osint/osint-orchestrator.ts:[2m3:1[22m[39m
[90m [2m❯[22m src/agents/pi-tools.ts:[2m61:1[22m[39m

[31m[2m⎯⎯⎯⎯⎯⎯⎯⎯⎯⎯⎯⎯⎯⎯⎯⎯⎯⎯⎯⎯⎯⎯[3/162]⎯[22m[39m

[41m[1m FAIL [22m[49m src/commands/status.test.ts[2m [ src/commands/status.test.ts ][22m
[31m[1mError[22m: [vitest] No "resolveErnOSPackageRootSync" export is defined on the "../infra/ernos-root.js" mock. Did you forget to return it from "vi.mock"?
If you need to partially mock a module, you can use "importOriginal" helper inside:
[39m
vi.mock(import("../infra/ernos-root.js"), async (importOriginal) => {
  const actual = await importOriginal()
  return {
    ...actual,
    // your mocked methods
  }
})

[36m [2m❯[22m src/skills/osint/ingest-workers.ts:[2m10:18[22m[39m
    [90m  8| [39m[90m// Database Initialization[39m
    [90m  9| [39m// -------------------------------------------------------------------…
    [90m 10| [39m[35mconst[39m rootPath [33m=[39m [34mresolveErnOSPackageRootSync[39m({})[33m;[39m
    [90m   | [39m                 [31m^[39m
    [90m 11| [39m[35mif[39m ([33m![39mrootPath) {
    [90m 12| [39m  throw new Error("CRITICAL: Cannot resolve ErnOS package root to crea…
[90m [2m❯[22m src/skills/osint/osint-orchestrator.ts:[2m3:1[22m[39m

[31m[2m⎯⎯⎯⎯⎯⎯⎯⎯⎯⎯⎯⎯⎯⎯⎯⎯⎯⎯⎯⎯⎯⎯[4/162]⎯[22m[39m

[41m[1m FAIL [22m[49m src/auto-reply/reply/agent-runner-helpers.test.ts[2m [ src/auto-reply/reply/agent-runner-helpers.test.ts ][22m
[31m[1mError[22m: [vitest] There was an error when mocking a module. If you are using "vi.mock" factory, make sure there are no top level variables inside, since this call is hoisted to top of the file. Read more: https://vitest.dev/api/vi.html#vi-mock[39m
[36m [2m❯[22m src/auto-reply/reply/agent-runner-helpers.ts:[2m5:1[22m[39m
    [90m  3| [39mimport { normalizeVerboseLevel, type VerboseLevel } from "../thinking.…
    [90m  4| [39m[35mimport[39m type { [33mReplyPayload[39m } [35mfrom[39m [32m"../types.js"[39m[33m;[39m
    [90m  5| [39m[35mimport[39m { scheduleFollowupDrain } [35mfrom[39m [32m"./queue.js"[39m[33m;[39m
    [90m   | [39m[31m^[39m
    [90m  6| [39m[35mimport[39m type { [33mTypingSignaler[39m } [35mfrom[39m [32m"./typing-mode.js"[39m[33m;[39m
    [90m  7| [39m
[90m [2m❯[22m src/auto-reply/reply/agent-runner-helpers.test.ts:[2m33:5[22m[39m

[31m[1mCaused by: Error[22m: CRITICAL: Cannot resolve ErnOS package root to create OSINT SQLite cache.[39m
[36m [2m❯[22m src/skills/osint/ingest-workers.ts:[2m12:9[22m[39m
[90m [2m❯[22m src/skills/osint/osint-orchestrator.ts:[2m3:1[22m[39m
[90m [2m❯[22m src/agents/pi-tools.ts:[2m61:1[22m[39m

[31m[2m⎯⎯⎯⎯⎯⎯⎯⎯⎯⎯⎯⎯⎯⎯⎯⎯⎯⎯⎯⎯⎯⎯[5/162]⎯[22m[39m

[41m[1m FAIL [22m[49m src/auto-reply/reply/agent-runner.misc.runreplyagent.test.ts[2m [ src/auto-reply/reply/agent-runner.misc.runreplyagent.test.ts ][22m
[31m[1mError[22m: [vitest] There was an error when mocking a module. If you are using "vi.mock" factory, make sure there are no top level variables inside, since this call is hoisted to top of the file. Read more: https://vitest.dev/api/vi.html#vi-mock[39m
[36m [2m❯[22m src/auto-reply/reply/agent-runner.ts:[2m6:1[22m[39m
    [90m  4| [39m[35mimport[39m { resolveModelAuthMode } [35mfrom[39m [32m"../../agents/model-auth.js"[39m[33m;[39m
    [90m  5| [39m[35mimport[39m { isCliProvider } [35mfrom[39m [32m"../../agents/model-selection.js"[39m[33m;[39m
    [90m  6| [39m[35mimport[39m { queueEmbeddedPiMessage } [35mfrom[39m [32m"../../agents/pi-embedded.js"[39m[33m;[39m
    [90m   | [39m[31m^[39m
    [90m  7| [39m[35mimport[39m { hasNonzeroUsage } [35mfrom[39m [32m"../../agents/usage.js"[39m[33m;[39m
    [90m  8| [39m[35mimport[39m {
[90m [2m❯[22m src/auto-reply/reply/agent-runner.misc.runreplyagent.test.ts:[2m70:1[22m[39m

[31m[1mCaused by: Error[22m: CRITICAL: Cannot resolve ErnOS package root to create OSINT SQLite cache.[39m
[36m [2m❯[22m src/skills/osint/ingest-workers.ts:[2m12:9[22m[39m
[90m [2m❯[22m src/skills/osint/osint-orchestrator.ts:[2m3:1[22m[39m
[90m [2m❯[22m src/agents/pi-tools.ts:[2m61:1[22m[39m

[31m[2m⎯⎯⎯⎯⎯⎯⎯⎯⎯⎯⎯⎯⎯⎯⎯⎯⎯⎯⎯⎯⎯⎯[6/162]⎯[22m[39m

[41m[1m FAIL [22m[49m src/agents/tools/message-tool.test.ts[2m [ src/agents/tools/message-tool.test.ts ][22m
[31m[1mError[22m: [vitest] There was an error when mocking a module. If you are using "vi.mock" factory, make sure there are no top level variables inside, since this call is hoisted to top of the file. Read more: https://vitest.dev/api/vi.html#vi-mock[39m
[36m [2m❯[22m src/agents/tools/message-tool.ts:[2m17:1[22m[39m
    [90m 15| [39m[35mimport[39m { loadConfig } [35mfrom[39m [32m"../../config/config.js"[39m[33m;[39m
    [90m 16| [39mimport { GATEWAY_CLIENT_IDS, GATEWAY_CLIENT_MODES } from "../../gatewa…
    [90m 17| [39mimport { getToolResult, runMessageAction } from "../../infra/outbound/…
    [90m   | [39m[31m^[39m
    [90m 18| [39mimport { normalizeTargetForProvider } from "../../infra/outbound/targe…
    [90m 19| [39m[35mimport[39m { normalizeAccountId } [35mfrom[39m [32m"../../routing/session-key.js"[39m[33m;[39m
[90m [2m❯[22m src/agents/tools/message-tool.test.ts:[2m6:1[22m[39m

[31m[1mCaused by: Error[22m: CRITICAL: Cannot resolve ErnOS package root to create OSINT SQLite cache.[39m
[36m [2m❯[22m src/skills/osint/ingest-workers.ts:[2m12:9[22m[39m
[90m [2m❯[22m src/skills/osint/osint-orchestrator.ts:[2m3:1[22m[39m
[90m [2m❯[22m src/agents/pi-tools.ts:[2m61:1[22m[39m

[31m[2m⎯⎯⎯⎯⎯⎯⎯⎯⎯⎯⎯⎯⎯⎯⎯⎯⎯⎯⎯⎯⎯⎯[7/162]⎯[22m[39m

[41m[1m FAIL [22m[49m src/discord/monitor/message-handler.inbound-contract.test.ts[2m [ src/discord/monitor/message-handler.inbound-contract.test.ts ][22m
[31m[1mError[22m: [vitest] There was an error when mocking a module. If you are using "vi.mock" factory, make sure there are no top level variables inside, since this call is hoisted to top of the file. Read more: https://vitest.dev/api/vi.html#vi-mock[39m
[36m [2m❯[22m src/discord/monitor/message-handler.process.ts:[2m5:1[22m[39m
    [90m  3| [39mimport { EmbeddedBlockChunker } from "../../agents/pi-embedded-block-c…
    [90m  4| [39m[35mimport[39m { resolveChunkMode } [35mfrom[39m [32m"../../auto-reply/chunk.js"[39m[33m;[39m
    [90m  5| [39m[35mimport[39m { dispatchInboundMessage } [35mfrom[39m [32m"../../auto-reply/dispatch.js"[39m[33m;[39m
    [90m   | [39m[31m^[39m
    [90m  6| [39mimport { formatInboundEnvelope, resolveEnvelopeFormatOptions } from ".…
    [90m  7| [39m[35mimport[39m {
[90m [2m❯[22m src/discord/monitor/message-handler.inbound-contract.test.ts:[2m5:1[22m[39m

[31m[1mCaused by: Error[22m: CRITICAL: Cannot resolve ErnOS package root to create OSINT SQLite cache.[39m
[36m [2m❯[22m src/skills/osint/ingest-workers.ts:[2m12:9[22m[39m
[90m [2m❯[22m src/skills/osint/osint-orchestrator.ts:[2m3:1[22m[39m
[90m [2m❯[22m src/agents/pi-tools.ts:[2m61:1[22m[39m

[31m[2m⎯⎯⎯⎯⎯⎯⎯⎯⎯⎯⎯⎯⎯⎯⎯⎯⎯⎯⎯⎯⎯⎯[8/162]⎯[22m[39m

[41m[1m FAIL [22m[49m src/infra/outbound/agent-delivery.test.ts[2m [ src/infra/outbound/agent-delivery.test.ts ][22m
[31m[1mError[22m: [vitest] There was an error when mocking a module. If you are using "vi.mock" factory, make sure there are no top level variables inside, since this call is hoisted to top of the file. Read more: https://vitest.dev/api/vi.html#vi-mock[39m
[36m [2m❯[22m src/infra/outbound/agent-delivery.ts:[2m13:1[22m[39m
    [90m 11| [39m} [35mfrom[39m [32m"../../utils/message-channel.js"[39m[33m;[39m
    [90m 12| [39m[35mimport[39m type { [33mOutboundTargetResolution[39m } [35mfrom[39m [32m"./targets.js"[39m[33m;[39m
    [90m 13| [39m[35mimport[39m {
    [90m   | [39m[31m^[39m
    [90m 14| [39m  resolveOutboundTarget[33m,[39m
    [90m 15| [39m  resolveSessionDeliveryTarget[33m,[39m
[90m [2m❯[22m src/infra/outbound/agent-delivery.test.ts:[2m16:1[22m[39m

[31m[1mCaused by: Error[22m: CRITICAL: Cannot resolve ErnOS package root to create OSINT SQLite cache.[39m
[36m [2m❯[22m src/skills/osint/ingest-workers.ts:[2m12:9[22m[39m
[90m [2m❯[22m src/skills/osint/osint-orchestrator.ts:[2m3:1[22m[39m
[90m [2m❯[22m src/agents/pi-tools.ts:[2m61:1[22m[39m

[31m[2m⎯⎯⎯⎯⎯⎯⎯⎯⎯⎯⎯⎯⎯⎯⎯⎯⎯⎯⎯⎯⎯⎯[9/162]⎯[22m[39m


[31m⎯⎯⎯⎯⎯⎯⎯[39m[1m[41m Failed Tests 1 [49m[22m[31m⎯⎯⎯⎯⎯⎯⎯[39m

[41m[1m FAIL [22m[49m src/line/monitor.lifecycle.test.ts[2m > [22mmonitorLineProvider lifecycle[2m > [22mwaits for abort before resolving
[31m[1mError[22m: CRITICAL: Cannot resolve ErnOS package root to create OSINT SQLite cache.[39m
[36m [2m❯[22m src/skills/osint/ingest-workers.ts:[2m12:9[22m[39m
    [90m 10| [39m[35mconst[39m rootPath [33m=[39m [34mresolveErnOSPackageRootSync[39m({})[33m;[39m
    [90m 11| [39m[35mif[39m ([33m![39mrootPath) {
    [90m 12| [39m  throw new Error("CRITICAL: Cannot resolve ErnOS package root to crea…
    [90m   | [39m        [31m^[39m
    [90m 13| [39m}
    [90m 14| [39m
[90m [2m❯[22m src/skills/osint/osint-orchestrator.ts:[2m3:1[22m[39m
[90m [2m❯[22m src/agents/pi-tools.ts:[2m61:1[22m[39m

[31m[2m⎯⎯⎯⎯⎯⎯⎯⎯⎯⎯⎯⎯⎯⎯⎯⎯⎯⎯⎯⎯⎯[10/162]⎯[22m[39m


[2m Test Files [22m [1m[31m162 failed[39m[22m[2m | [22m[1m[32m1225 passed[39m[22m[90m (1387)[39m
[2m      Tests [22m [1m[31m1 failed[39m[22m[2m | [22m[1m[32m9649 passed[39m[22m[2m | [22m[33m27 skipped[39m[90m (9677)[39m
[2m   Start at [22m 11:20:16
[2m   Duration [22m 62.18s[2m (transform 43.84s, setup 55.80s, import 296.04s, tests 123.96s, environment 2.06s)[22m

 ELIFECYCLE  Test failed. See above for more details.
